start n=22 k=7 sym=0 missing=1063 seed=2251
it=1 T=0.600 best=1060: 11 18 16 22 4 14 15 13 10 1 3 5 12 19 8 2 6 20 17 9 21 7 
it=9 T=0.600 best=983: 11 18 16 22 4 14 15 10 13 1 3 5 12 19 8 2 6 20 17 9 21 7 
it=12 T=0.600 best=906: 11 18 16 22 4 13 15 10 14 1 3 5 12 19 8 2 6 20 17 9 21 7 
it=14 T=0.600 best=893: 11 18 16 22 4 13 15 10 14 1 3 5 12 19 8 2 7 20 17 9 21 6 
it=17 T=0.600 best=749: 11 18 16 22 4 13 15 10 14 1 3 5 19 12 8 2 7 20 17 9 21 6 
it=31 T=0.600 best=715: 11 18 16 22 4 13 15 10 14 1 3 5 19 12 8 2 7 20 9 17 21 6 
it=34 T=0.600 best=563: 11 18 16 4 22 13 15 10 14 1 3 5 19 12 8 2 7 20 9 17 21 6 
it=36 T=0.600 best=471: 11 18 16 4 22 13 15 9 14 1 3 5 19 12 8 2 7 20 10 17 21 6 
it=38 T=0.600 best=436: 11 18 16 4 22 13 15 9 14 1 3 6 19 12 8 2 7 20 10 17 21 5 
it=41 T=0.600 best=428: 11 19 16 4 22 13 15 9 14 1 3 6 18 12 8 2 7 20 10 17 21 5 
it=43 T=0.600 best=395: 11 19 16 4 22 13 15 9 14 1 3 6 18 12 8 2 7 21 10 17 20 5 
it=44 T=0.600 best=324: 11 19 16 4 22 13 15 9 1 14 3 6 18 12 8 2 7 21 10 17 20 5 
it=45 T=0.600 best=301: 11 19 15 4 22 13 16 9 1 14 3 6 18 12 8 2 7 21 10 17 20 5 
it=50 T=0.600 best=274: 11 19 14 4 22 13 16 9 1 15 3 6 18 8 12 2 7 21 10 17 20 5 
it=54 T=0.600 best=260: 11 19 14 4 22 13 16 1 9 15 3 6 18 8 12 2 7 21 10 17 20 5 
it=55 T=0.600 best=216: 11 19 14 4 22 13 17 1 9 15 3 6 18 8 12 2 7 21 10 16 20 5 
it=56 T=0.600 best=200: 11 19 14 4 22 13 1 17 9 15 3 6 18 8 12 2 7 21 10 16 20 5 
it=59 T=0.600 best=194: 10 19 14 4 22 13 1 17 9 15 3 6 18 8 12 2 7 21 11 16 20 5 
it=61 T=0.600 best=190: 9 19 14 4 22 13 1 17 10 15 3 6 18 8 12 2 7 21 11 16 20 5 
it=63 T=0.600 best=157: 9 19 14 4 22 12 1 17 10 15 3 6 18 8 13 2 7 21 11 16 20 5 
it=68 T=0.600 best=153: 10 19 14 4 22 11 1 17 9 15 3 6 18 8 13 2 7 21 12 16 20 5 
it=69 T=0.600 best=140: 10 18 14 4 22 11 1 17 9 15 3 6 19 8 13 2 7 21 12 16 20 5 
it=83 T=0.600 best=114: 10 18 14 4 22 11 1 17 9 15 3 6 19 8 13 2 21 7 12 16 20 5 
it=86 T=0.600 best=106: 10 18 14 4 11 22 1 17 9 15 3 6 19 8 13 2 21 7 12 16 20 5 
it=125 T=0.600 best=97: 10 18 5 14 11 22 1 17 9 15 3 6 19 8 13 2 21 7 12 16 20 4 
it=130 T=0.600 best=78: 10 18 5 14 11 22 1 17 9 15 3 6 19 8 13 2 21 7 16 12 20 4 
it=137 T=0.600 best=70: 10 18 5 11 14 22 1 17 9 15 3 6 19 8 13 2 21 7 16 12 20 4 
it=140 T=0.600 best=67: 10 18 5 11 14 22 1 17 9 15 6 3 19 8 13 2 21 7 16 12 20 4 
it=149 T=0.600 best=56: 10 18 5 11 14 22 1 17 9 15 6 3 19 7 13 2 21 8 16 12 20 4 
it=150 T=0.600 best=54: 10 18 5 11 15 22 1 17 9 14 6 3 19 7 13 2 21 8 16 12 20 4 
it=216 T=0.600 best=46: 10 18 5 11 15 22 1 17 9 6 14 3 19 7 13 2 21 8 16 12 20 4 
it=319 T=0.600 best=45: 10 18 6 11 15 1 22 17 9 5 14 3 19 7 13 2 21 8 16 12 20 4 
it=1066 T=0.600 best=43: 9 18 5 11 15 22 1 17 10 6 14 3 19 7 13 2 21 8 16 12 20 4 
it=1114 T=0.600 best=42: 8 18 11 5 14 22 1 17 10 6 15 3 19 7 13 2 21 9 16 12 4 20 
it=1136 T=0.600 best=38: 8 18 10 5 14 22 1 17 11 6 15 3 19 7 13 2 21 9 16 12 20 4 
it=3569 T=0.600 best=36: 7 18 10 15 4 22 1 11 17 6 14 19 3 8 13 21 2 16 9 12 20 5 
it=3679 T=0.600 best=35: 7 18 10 15 4 22 1 11 17 6 14 3 19 8 13 21 2 9 16 12 20 5 
it=3708 T=0.600 best=31: 7 18 10 15 4 22 1 11 6 17 14 3 19 8 13 21 2 9 16 12 20 5 
it=13755 T=0.600 best=30: 6 18 10 15 4 22 12 1 7 16 19 14 3 8 21 13 9 2 17 11 20 5 
it=13847 T=0.600 best=28: 6 18 10 15 4 22 12 1 7 16 19 14 8 3 21 13 2 9 17 11 20 5 
it=18715 T=0.600 best=27: 5 10 18 14 4 22 11 16 1 7 19 15 3 8 21 13 2 9 17 12 20 6 
it=200000 T=0.600 cur=28 (s32) best=27
it=332530 T=0.600 best=24: 3 18 9 14 5 22 12 17 1 7 19 10 15 4 21 13 2 8 16 11 20 6 
it=332540 T=0.600 best=23: 3 18 9 14 5 22 12 17 2 7 19 10 15 4 21 13 1 8 16 11 20 6 
it=332926 T=0.600 best=21: 17 3 9 14 5 22 18 12 2 7 19 10 15 4 21 13 1 8 16 11 20 6 
it=332942 T=0.600 best=19: 17 3 9 14 5 22 18 13 2 7 19 10 15 4 21 12 1 8 16 11 20 6 
