start n=22 k=7 sym=0 missing=2098 seed=2258
it=1 T=1.000 best=2085: 20 15 7 21 19 5 2 4 6 8 3 22 10 17 13 1 9 16 12 18 14 11 
it=5 T=1.000 best=2033: 20 15 7 21 19 5 2 4 6 8 3 10 22 17 13 1 9 16 12 18 14 11 
it=6 T=1.000 best=1835: 20 15 7 21 19 5 1 4 6 8 3 10 22 17 13 2 9 16 12 18 14 11 
it=8 T=1.000 best=1536: 20 15 7 21 18 5 1 4 6 8 3 10 22 17 13 2 9 16 12 19 14 11 
it=11 T=1.000 best=1466: 20 15 7 21 18 5 1 3 6 8 4 10 22 17 13 2 9 16 12 19 14 11 
it=14 T=1.000 best=1279: 20 7 15 21 18 5 1 3 6 8 4 10 22 17 13 2 9 16 19 12 14 11 
it=19 T=1.000 best=1277: 20 7 15 21 18 5 1 3 6 8 4 10 22 17 13 2 9 16 12 19 14 11 
it=22 T=1.000 best=1255: 20 7 15 21 18 5 1 6 3 8 4 10 22 17 13 2 9 16 12 19 14 11 
it=23 T=1.000 best=1176: 20 7 15 21 18 5 1 6 3 8 10 4 22 17 13 2 9 16 12 19 14 11 
it=24 T=1.000 best=1109: 20 7 15 21 18 5 1 6 3 8 10 4 17 22 13 2 9 16 12 19 14 11 
it=29 T=1.000 best=1013: 20 7 15 21 18 5 1 6 3 10 8 4 17 22 13 2 9 16 12 19 14 11 
it=32 T=1.000 best=1011: 20 7 14 21 18 5 1 6 3 10 8 4 17 22 13 2 9 16 12 19 15 11 
it=37 T=1.000 best=1010: 7 20 14 21 18 5 1 6 3 10 8 4 17 22 13 2 9 16 12 19 15 11 
it=42 T=1.000 best=983: 7 20 14 21 18 5 1 6 10 3 8 4 17 22 13 2 9 16 12 19 15 11 
it=43 T=1.000 best=765: 7 20 14 21 18 5 1 6 10 3 8 17 4 22 13 2 9 16 12 19 15 11 
it=49 T=1.000 best=729: 7 20 14 21 18 4 1 6 10 3 8 17 5 22 13 2 9 16 12 19 15 11 
it=57 T=1.000 best=728: 7 20 14 21 17 4 1 6 10 8 3 18 5 22 13 2 9 16 19 12 15 11 
it=58 T=1.000 best=723: 7 20 14 21 17 4 1 6 10 3 8 18 5 22 13 2 9 16 19 12 15 11 
it=63 T=1.000 best=577: 7 20 14 21 4 17 1 6 10 3 8 18 5 22 13 2 9 16 19 12 15 11 
it=65 T=1.000 best=575: 7 20 14 21 4 17 1 6 10 3 8 18 5 22 13 2 9 15 19 12 16 11 
it=69 T=1.000 best=460: 7 20 14 21 4 17 1 6 11 3 8 18 5 22 13 2 9 15 19 12 16 10 
it=71 T=1.000 best=453: 7 20 14 21 4 17 1 6 11 3 8 18 5 22 13 2 9 16 19 12 15 10 
it=72 T=1.000 best=452: 6 20 14 21 4 17 1 7 11 3 8 18 5 22 13 2 9 16 19 12 15 10 
it=74 T=1.000 best=411: 6 20 14 21 4 17 1 7 11 3 8 18 5 22 13 9 2 16 19 12 15 10 
it=76 T=1.000 best=399: 6 20 14 21 4 17 1 7 11 3 8 18 5 13 22 9 2 16 12 19 15 10 
it=77 T=1.000 best=394: 6 20 14 21 4 17 1 7 11 3 8 18 5 13 22 10 2 16 12 19 15 9 
it=78 T=1.000 best=361: 6 20 14 21 4 16 1 7 11 3 8 18 5 13 22 10 2 17 12 19 15 9 
it=79 T=1.000 best=346: 6 20 14 22 4 16 1 7 11 3 8 18 5 13 21 10 2 17 12 19 15 9 
it=82 T=1.000 best=323: 6 20 14 22 4 16 7 1 11 3 8 18 5 13 21 10 2 17 12 19 15 9 
it=83 T=1.000 best=278: 6 20 14 22 4 7 16 1 11 3 8 18 5 13 21 10 2 17 12 19 15 9 
it=85 T=1.000 best=256: 6 19 14 22 4 7 16 1 11 3 8 18 5 13 21 10 2 17 12 20 15 9 
it=87 T=1.000 best=224: 6 19 14 22 4 7 16 1 11 3 9 18 5 13 21 10 2 17 12 20 15 8 
it=88 T=1.000 best=214: 6 19 14 22 4 7 1 16 11 3 9 18 5 13 21 10 2 17 12 20 15 8 
it=89 T=1.000 best=180: 6 19 14 22 4 7 1 16 12 3 9 18 5 13 21 10 2 17 11 20 15 8 
it=97 T=1.000 best=140: 6 19 14 22 4 8 1 16 12 3 9 18 13 5 21 10 2 17 11 20 15 7 
it=99 T=1.000 best=130: 6 19 14 22 4 8 1 16 12 3 9 18 13 5 21 10 2 17 11 15 20 7 
it=100 T=1.000 best=112: 6 19 14 4 22 8 1 16 12 3 9 18 13 5 21 10 2 17 11 15 20 7 
it=101 T=1.000 best=110: 7 19 14 4 22 8 1 16 12 3 9 18 13 5 21 10 2 17 11 15 20 6 
it=107 T=1.000 best=97: 7 19 14 4 22 9 1 16 12 3 8 18 13 5 21 10 2 17 11 15 20 6 
it=110 T=1.000 best=91: 7 19 14 4 22 9 1 16 12 3 8 18 13 21 10 5 2 17 11 15 20 6 
it=118 T=1.000 best=86: 7 19 14 4 22 9 16 1 12 3 8 18 13 21 10 5 2 17 11 15 20 6 
it=123 T=1.000 best=77: 7 18 14 4 22 9 16 1 12 3 8 19 13 21 10 5 2 17 11 15 20 6 
it=128 T=1.000 best=70: 7 18 14 4 22 9 16 1 12 3 19 8 13 21 10 5 2 17 11 15 20 6 
it=129 T=1.000 best=69: 7 18 14 4 22 9 1 16 12 3 19 8 13 21 10 5 2 17 11 15 20 6 
it=148 T=1.000 best=68: 7 18 14 4 9 22 16 1 12 3 19 8 13 21 10 5 2 17 11 15 20 6 
it=164 T=1.000 best=61: 7 18 14 4 9 22 16 1 12 3 19 8 13 21 11 5 2 17 10 15 20 6 
it=178 T=1.000 best=54: 7 18 14 4 9 22 16 1 11 19 3 8 13 21 12 5 2 17 10 15 20 6 
it=180 T=1.000 best=52: 7 18 14 4 9 22 16 1 11 19 3 8 13 21 12 5 17 2 10 15 20 6 
it=181 T=1.000 best=48: 7 18 13 4 9 22 16 1 11 19 3 8 14 21 12 5 17 2 10 15 20 6 
it=185 T=1.000 best=46: 7 18 13 4 9 22 16 1 11 19 3 8 15 21 12 5 17 2 10 14 20 6 
it=192 T=1.000 best=45: 7 18 13 4 9 22 1 16 11 19 3 8 15 21 12 5 17 2 10 14 20 6 
it=193 T=1.000 best=39: 7 18 13 4 9 22 1 16 11 19 8 3 15 21 12 5 17 2 10 14 20 6 
it=234 T=1.000 best=35: 7 18 13 4 8 22 1 15 11 19 9 3 16 21 12 5 17 2 10 14 20 6 
it=240 T=1.000 best=32: 7 18 13 4 8 22 1 15 11 19 9 3 16 21 12 5 17 10 2 14 20 6 
it=246 T=1.000 best=31: 7 18 13 4 8 22 15 1 11 19 9 3 16 21 5 12 17 10 2 14 20 6 
it=250 T=1.000 best=30: 6 18 13 4 8 22 15 11 1 19 9 3 16 21 5 12 17 10 2 14 20 7 
it=353 T=1.000 best=29: 7 18 13 4 22 8 16 11 1 19 9 3 15 21 5 12 17 10 2 14 20 6 
it=371 T=1.000 best=27: 7 18 13 4 22 8 16 12 1 19 9 3 15 21 5 11 17 10 2 14 20 6 
it=450 T=1.000 best=26: 7 18 13 4 22 8 16 1 12 19 9 3 15 21 11 5 17 2 10 14 20 6 
it=475 T=1.000 best=25: 7 18 13 4 22 8 16 12 1 19 9 3 15 21 11 5 17 2 10 14 20 6 
it=689 T=1.000 best=23: 7 17 12 4 22 8 15 19 2 13 9 3 16 21 11 5 18 1 10 14 20 6 
it=693 T=1.000 best=21: 7 17 12 4 22 8 15 2 19 13 9 3 16 21 11 5 18 1 10 14 20 6 
it=713 T=1.000 best=20: 7 17 12 3 22 8 15 2 19 13 9 4 16 21 11 5 18 1 10 14 20 6 
it=5279 T=1.000 best=19: 17 3 8 12 21 15 7 2 19 13 9 4 16 22 11 5 18 1 10 14 20 6 
it=7727 T=1.000 best=18: 17 3 8 12 21 15 7 1 19 13 4 9 16 22 11 5 18 2 10 20 14 6 
it=8012 T=1.000 best=16: 17 3 9 13 21 15 7 1 19 12 4 8 16 22 11 5 18 2 10 20 14 6 
it=9417 T=1.000 best=15: 17 3 9 13 21 15 7 1 12 19 4 8 22 16 11 5 18 2 10 20 14 6 
it=180824 T=1.000 best=12: 4 18 12 7 15 22 2 9 19 13 5 16 11 3 21 6 17 10 1 14 20 8 
it=200000 T=1.000 cur=12 (s31) best=12
