start n=22 k=7 sym=0 missing=2035 seed=2256
it=1 T=0.600 best=1629: 5 19 22 7 11 13 21 8 12 6 9 14 1 18 3 2 16 17 20 15 10 4 
it=3 T=0.600 best=1567: 5 19 22 7 11 13 21 8 12 6 9 1 14 18 3 2 16 17 20 15 10 4 
it=5 T=0.600 best=1442: 5 19 22 7 11 13 21 8 12 6 9 1 14 18 4 2 16 17 20 15 10 3 
it=7 T=0.600 best=1416: 5 19 22 7 11 13 21 8 6 12 9 1 14 18 4 2 16 17 20 15 10 3 
it=12 T=0.600 best=1226: 5 19 22 7 11 13 8 21 6 12 9 1 14 18 4 2 16 17 20 15 10 3 
it=14 T=0.600 best=1070: 5 19 22 7 11 14 8 21 6 12 9 1 13 18 4 2 16 17 20 15 10 3 
it=16 T=0.600 best=1065: 5 19 22 7 11 14 8 21 6 12 9 1 13 4 18 2 16 17 20 15 10 3 
it=20 T=0.600 best=1010: 5 19 7 22 11 14 8 21 6 12 9 1 13 4 18 2 16 17 20 15 10 3 
it=25 T=0.600 best=797: 5 19 7 22 11 14 8 21 6 12 9 1 13 4 18 2 16 17 20 10 15 3 
it=29 T=0.600 best=778: 5 19 7 22 11 14 9 21 6 12 8 1 13 4 18 2 16 17 20 10 15 3 
it=37 T=0.600 best=720: 5 19 7 22 11 14 9 21 6 12 8 1 13 4 18 16 2 17 20 10 15 3 
it=38 T=0.600 best=668: 5 19 7 22 11 14 9 6 21 12 8 1 13 4 18 16 2 17 20 10 15 3 
it=40 T=0.600 best=655: 5 19 7 22 11 14 10 6 21 12 8 1 13 4 18 16 2 17 20 9 15 3 
it=43 T=0.600 best=629: 5 19 7 22 11 15 10 6 21 12 8 1 13 4 18 16 2 17 20 9 14 3 
it=44 T=0.600 best=499: 5 19 7 22 11 15 10 6 20 12 8 1 13 4 18 16 2 17 21 9 14 3 
it=48 T=0.600 best=444: 5 19 7 22 11 15 10 6 20 12 1 8 13 4 18 16 2 17 21 9 14 3 
it=49 T=0.600 best=428: 5 19 7 22 11 15 10 6 20 1 12 8 13 4 18 16 2 17 21 9 14 3 
it=52 T=0.600 best=427: 5 19 7 21 11 15 10 6 20 1 12 8 13 4 18 16 2 17 22 9 14 3 
it=53 T=0.600 best=380: 5 19 7 21 12 15 10 6 20 1 11 8 13 4 18 16 2 17 22 9 14 3 
it=54 T=0.600 best=352: 5 19 7 12 21 15 10 6 20 1 11 8 13 4 18 16 2 17 22 9 14 3 
it=57 T=0.600 best=324: 5 18 7 12 21 15 10 6 20 1 11 8 13 4 19 16 2 17 22 9 14 3 
it=59 T=0.600 best=320: 5 18 7 12 21 15 10 6 20 1 11 8 13 19 4 16 2 17 22 9 14 3 
it=65 T=0.600 best=281: 5 18 12 7 21 15 10 6 20 1 11 8 13 19 4 16 2 17 22 9 14 3 
it=70 T=0.600 best=233: 4 18 12 7 21 15 10 6 20 1 11 8 13 19 5 16 2 17 22 9 14 3 
it=71 T=0.600 best=208: 4 18 12 7 21 15 10 6 20 1 11 8 13 19 5 16 2 17 9 22 14 3 
it=73 T=0.600 best=186: 18 4 12 7 21 15 10 6 20 1 11 8 13 19 5 16 2 17 9 22 14 3 
it=78 T=0.600 best=170: 18 4 12 7 21 15 5 10 20 1 11 8 13 19 6 16 2 17 9 22 14 3 
it=79 T=0.600 best=169: 18 4 12 7 21 15 5 10 20 1 11 8 13 19 6 16 2 17 9 22 3 14 
it=98 T=0.600 best=135: 18 4 12 7 21 16 5 10 20 1 11 8 13 19 6 15 2 17 9 22 14 3 
it=105 T=0.600 best=132: 18 4 12 21 7 16 5 10 20 1 11 8 13 19 6 15 2 17 9 22 14 3 
it=109 T=0.600 best=127: 18 4 12 21 7 16 5 10 20 1 11 8 13 19 6 15 2 17 9 22 3 14 
it=115 T=0.600 best=89: 18 3 12 21 7 16 5 10 20 1 11 8 13 19 6 15 2 17 9 22 4 14 
it=124 T=0.600 best=86: 18 3 12 21 7 16 4 10 20 1 11 8 13 19 6 15 2 17 9 22 5 14 
it=151 T=0.600 best=83: 18 3 12 20 7 16 4 10 21 1 11 8 13 19 6 15 2 17 9 22 5 14 
it=168 T=0.600 best=81: 17 3 12 20 7 16 4 10 21 1 11 8 13 19 6 15 2 18 9 22 5 14 
it=171 T=0.600 best=80: 17 3 12 20 7 16 4 9 21 1 11 8 13 19 6 15 2 18 10 22 5 14 
it=201 T=0.600 best=78: 17 3 12 20 7 16 4 9 21 11 1 13 8 19 6 15 2 18 10 22 5 14 
it=202 T=0.600 best=74: 17 3 12 20 7 16 4 9 21 11 1 13 8 19 6 15 18 2 10 22 5 14 
it=272 T=0.600 best=69: 17 3 12 20 7 16 4 9 21 11 1 13 8 19 15 6 18 2 10 22 5 14 
it=340 T=0.600 best=64: 17 3 12 7 20 16 4 9 21 11 1 13 8 19 15 6 18 2 10 22 5 14 
it=342 T=0.600 best=60: 18 3 12 7 20 16 4 9 21 11 1 13 8 19 15 6 17 2 10 22 5 14 
it=385 T=0.600 best=56: 18 3 12 7 20 16 4 9 22 11 1 13 8 19 15 6 17 2 10 21 5 14 
it=2230 T=0.600 best=55: 17 3 12 7 20 9 16 4 22 11 1 13 8 19 15 6 18 2 10 21 5 14 
it=2241 T=0.600 best=52: 18 3 12 7 20 9 16 4 22 11 1 13 8 19 15 6 17 2 10 21 5 14 
it=2249 T=0.600 best=50: 18 3 12 7 20 9 16 5 22 11 1 13 8 19 15 6 17 2 10 21 4 14 
it=2944 T=0.600 best=43: 18 3 12 7 20 9 17 5 11 22 1 13 8 15 19 6 2 16 10 21 4 14 
it=8694 T=0.600 best=41: 18 3 12 7 20 9 17 5 11 22 1 14 8 16 19 6 2 15 10 21 4 13 
it=23454 T=0.600 best=31: 18 3 13 7 20 9 17 5 11 1 14 22 8 16 2 19 6 15 10 21 4 12 
it=23498 T=0.600 best=27: 18 2 13 7 20 9 17 5 11 1 14 22 8 16 3 19 6 15 10 21 4 12 
it=200000 T=0.600 cur=27 (s36) best=27
