start n=22 k=7 sym=0 missing=1912 seed=2253
it=2 T=1.000 best=1812: 16 10 18 8 5 1 21 13 4 2 15 3 12 14 6 7 11 22 17 20 19 9 
it=5 T=1.000 best=1623: 16 10 18 8 5 1 21 13 4 2 15 3 12 14 6 7 11 22 17 20 9 19 
it=6 T=1.000 best=1365: 16 10 18 8 5 1 13 21 4 2 15 3 12 14 6 7 11 22 17 20 9 19 
it=12 T=1.000 best=1351: 16 10 8 18 5 1 13 21 4 2 15 3 12 14 6 7 11 22 17 20 9 19 
it=16 T=1.000 best=1328: 16 10 7 18 5 1 13 21 4 2 15 3 12 14 6 8 11 22 17 20 9 19 
it=17 T=1.000 best=1326: 16 10 7 18 5 1 13 4 21 2 15 3 12 14 6 8 11 22 17 20 9 19 
it=19 T=1.000 best=1284: 16 10 7 19 5 1 13 4 21 2 15 3 12 14 6 8 11 22 17 20 9 18 
it=21 T=1.000 best=1136: 16 10 7 19 5 1 13 4 21 2 15 3 12 14 6 9 11 22 17 20 8 18 
it=25 T=1.000 best=1010: 16 10 7 19 5 1 13 4 21 2 15 12 3 14 6 9 11 22 17 20 8 18 
it=28 T=1.000 best=952: 16 10 7 19 1 5 13 4 21 2 15 12 3 14 6 9 11 22 17 20 8 18 
it=36 T=1.000 best=933: 16 10 7 19 1 5 13 4 21 15 2 12 3 14 6 9 11 22 17 20 8 18 
it=39 T=1.000 best=916: 16 10 7 19 1 5 13 21 4 15 2 12 3 14 6 9 11 22 17 20 8 18 
it=44 T=1.000 best=828: 16 10 7 19 1 5 13 21 4 15 2 12 3 14 9 6 11 22 17 20 8 18 
it=47 T=1.000 best=734: 16 10 7 19 1 5 13 21 4 15 2 11 3 14 9 6 12 22 17 20 8 18 
it=51 T=1.000 best=640: 16 7 10 19 1 5 13 21 4 15 2 11 3 14 9 6 12 22 17 20 8 18 
it=54 T=1.000 best=564: 7 15 10 19 1 5 13 21 4 16 2 11 3 14 9 6 12 22 17 20 8 18 
it=65 T=1.000 best=494: 7 15 10 19 1 5 13 21 4 17 2 11 3 14 9 6 12 22 16 20 8 18 
it=72 T=1.000 best=493: 7 15 19 10 1 5 13 21 4 17 2 11 3 14 9 6 12 22 16 20 8 18 
it=82 T=1.000 best=423: 7 15 19 10 1 6 13 21 4 17 2 11 3 14 9 5 12 22 16 20 8 18 
it=92 T=1.000 best=419: 6 15 19 10 1 7 13 21 4 17 2 11 3 14 9 5 12 22 16 20 8 18 
it=96 T=1.000 best=363: 6 15 19 10 1 7 13 21 4 17 2 11 3 14 9 5 22 12 16 20 8 18 
it=97 T=1.000 best=360: 6 15 19 10 1 7 13 21 4 17 2 11 3 14 9 5 22 16 12 20 8 18 
it=110 T=1.000 best=345: 6 15 19 10 1 7 13 21 5 17 11 2 3 14 9 4 22 16 12 20 18 8 
it=113 T=1.000 best=322: 6 15 19 10 1 7 13 21 5 18 11 2 3 14 9 4 22 16 12 20 17 8 
it=115 T=1.000 best=290: 6 15 19 10 1 7 13 21 5 18 11 2 14 3 9 4 22 16 12 20 17 8 
it=118 T=1.000 best=222: 6 15 19 10 1 7 13 21 5 18 11 2 14 3 9 22 4 16 12 20 17 8 
it=133 T=1.000 best=214: 6 15 19 10 1 7 13 21 5 18 11 2 14 9 3 22 4 17 12 20 16 8 
it=137 T=1.000 best=205: 6 15 20 10 1 8 13 21 5 18 11 2 14 9 3 22 4 17 12 19 16 7 
it=139 T=1.000 best=201: 6 15 19 10 1 8 13 21 5 18 11 2 14 9 3 22 4 17 12 20 16 7 
it=140 T=1.000 best=200: 6 15 19 10 1 8 13 21 4 18 11 2 14 9 3 22 5 17 12 20 16 7 
it=148 T=1.000 best=161: 6 15 19 10 1 8 13 21 4 18 11 14 3 9 2 22 5 17 12 20 16 7 
it=161 T=1.000 best=153: 6 15 10 20 1 8 13 21 4 18 11 14 3 9 2 22 5 17 12 19 16 7 
it=166 T=1.000 best=145: 6 15 10 20 1 8 13 21 4 18 11 14 3 9 2 22 5 17 12 16 19 7 
it=171 T=1.000 best=134: 6 16 10 20 1 8 13 21 4 18 11 14 3 9 2 22 5 17 12 15 19 7 
it=182 T=1.000 best=119: 6 16 10 20 1 8 13 21 5 18 11 14 3 9 2 22 4 17 12 15 19 7 
it=192 T=1.000 best=92: 6 16 10 20 1 8 13 21 5 18 11 14 3 9 2 22 17 4 12 15 19 7 
it=209 T=1.000 best=85: 16 6 10 20 1 8 13 21 5 18 11 14 3 9 2 22 17 4 12 15 19 7 
it=234 T=1.000 best=79: 16 6 10 20 2 8 13 21 5 18 11 14 3 9 22 1 17 4 12 15 19 7 
it=252 T=1.000 best=70: 6 16 11 21 2 8 13 20 5 18 10 14 3 9 22 1 17 4 12 15 19 7 
it=263 T=1.000 best=69: 6 17 11 22 2 8 13 20 5 18 10 15 3 9 21 1 16 4 12 14 19 7 
it=265 T=1.000 best=58: 6 17 12 22 2 8 13 20 5 18 10 15 3 9 21 1 16 4 11 14 19 7 
it=284 T=1.000 best=57: 6 17 12 22 2 8 13 20 5 10 18 15 3 9 21 1 16 11 4 14 19 7 
it=287 T=1.000 best=55: 6 17 12 22 2 8 14 20 5 10 18 15 3 9 21 1 16 11 4 13 19 7 
it=294 T=1.000 best=48: 6 17 12 22 2 8 14 20 5 11 18 15 3 9 21 1 16 10 4 13 19 7 
it=297 T=1.000 best=43: 6 17 12 22 2 8 14 20 5 11 18 3 15 9 21 1 16 10 4 13 19 7 
it=322 T=1.000 best=40: 6 17 12 22 2 8 14 20 5 11 18 3 15 9 21 1 10 16 4 13 19 7 
it=455 T=1.000 best=38: 6 17 12 22 2 9 15 20 5 10 18 4 14 7 21 1 11 16 3 13 19 8 
it=457 T=1.000 best=37: 6 17 12 22 2 9 15 20 5 10 18 3 14 7 21 1 11 16 13 4 19 8 
it=719 T=1.000 best=35: 6 17 13 22 2 8 15 20 11 5 18 3 14 7 21 1 9 16 12 4 19 10 
it=788 T=1.000 best=33: 6 17 12 22 2 8 15 20 11 5 18 3 14 7 21 1 9 16 13 4 19 10 
it=1120 T=1.000 best=32: 6 17 12 22 3 8 15 20 11 5 18 2 14 7 21 9 16 1 13 4 19 10 
it=1123 T=1.000 best=31: 6 17 12 22 3 8 15 20 11 5 18 2 14 7 21 9 16 1 4 13 19 10 
it=1753 T=1.000 best=28: 6 17 12 22 3 8 15 20 11 4 18 2 14 7 21 9 16 1 13 5 19 10 
it=3613 T=1.000 best=22: 5 16 21 12 3 7 14 19 10 4 17 8 22 2 15 9 18 1 13 6 20 11 
it=4483 T=1.000 best=20: 17 5 12 21 7 2 14 19 11 4 16 8 22 15 3 9 18 1 13 6 20 10 
it=5179 T=1.000 best=19: 17 4 12 21 8 2 13 19 5 15 11 7 22 16 3 9 18 1 14 6 20 10 
it=5182 T=1.000 best=18: 16 4 12 21 8 2 13 19 5 15 11 7 22 17 3 9 18 1 14 6 20 10 
it=17703 T=1.000 best=17: 4 17 12 22 8 2 14 19 5 9 16 7 21 15 3 10 18 1 13 6 20 11 
it=19235 T=1.000 best=16: 5 17 12 22 8 2 15 19 4 9 16 7 21 14 3 10 18 1 13 6 20 11 
it=20084 T=1.000 best=14: 4 17 12 22 8 2 15 19 5 9 16 7 21 14 3 10 18 1 13 6 20 11 
it=200000 T=1.000 cur=18 (s29) best=14
