start n=22 k=7 sym=0 missing=1884 seed=2254
it=3 T=0.700 best=1882: 6 18 1 4 10 9 7 12 8 3 22 19 15 13 16 14 21 11 5 17 2 20 
it=5 T=0.700 best=1859: 6 18 1 4 10 9 12 7 8 3 22 19 15 13 16 14 21 11 5 17 2 20 
it=6 T=0.700 best=1715: 7 18 1 4 10 9 12 6 8 3 22 19 15 13 16 14 21 11 5 17 2 20 
it=9 T=0.700 best=1569: 7 18 1 10 4 9 12 6 8 3 22 19 15 13 16 14 21 11 5 17 2 20 
it=10 T=0.700 best=1517: 7 18 1 10 4 9 12 6 8 3 22 15 19 13 16 14 21 11 5 17 2 20 
it=15 T=0.700 best=1438: 7 18 1 10 4 9 12 6 3 8 22 15 19 13 16 14 21 11 5 17 2 20 
it=17 T=0.700 best=1296: 7 18 1 10 4 9 13 6 3 8 22 15 19 12 16 14 21 11 5 17 2 20 
it=33 T=0.700 best=1273: 7 18 1 10 4 9 13 6 3 8 22 15 20 12 16 14 21 11 5 17 2 19 
it=36 T=0.700 best=948: 7 18 1 10 4 9 13 6 3 8 22 15 20 12 16 14 21 5 11 17 2 19 
it=39 T=0.700 best=874: 7 18 1 10 4 9 13 6 3 8 22 15 20 12 17 14 21 5 11 16 2 19 
it=40 T=0.700 best=737: 7 18 1 11 4 9 13 6 3 8 22 15 20 12 17 14 21 5 10 16 2 19 
it=43 T=0.700 best=706: 7 18 1 11 4 9 14 6 3 8 22 15 20 12 17 13 21 5 10 16 2 19 
it=44 T=0.700 best=539: 7 18 1 11 4 9 14 6 3 22 8 15 20 12 17 13 21 5 10 16 2 19 
it=45 T=0.700 best=469: 7 18 1 11 4 9 14 6 22 3 8 15 20 12 17 13 21 5 10 16 2 19 
it=46 T=0.700 best=459: 7 18 1 11 4 9 14 6 22 3 8 15 20 12 17 21 13 5 10 16 2 19 
it=48 T=0.700 best=398: 7 18 1 12 4 9 14 6 22 3 8 15 20 11 17 21 13 5 10 16 2 19 
it=54 T=0.700 best=387: 7 18 1 12 4 9 14 6 22 3 8 20 15 11 17 21 13 5 10 16 2 19 
it=59 T=0.700 best=374: 7 18 1 12 4 9 14 6 21 3 8 20 15 11 17 22 13 5 10 16 2 19 
it=62 T=0.700 best=353: 7 18 1 12 4 9 15 6 21 3 8 20 14 11 17 22 13 5 10 16 2 19 
it=67 T=0.700 best=331: 7 18 1 12 4 9 15 6 21 3 8 20 14 11 17 22 13 5 16 10 2 19 
it=74 T=0.700 best=320: 7 18 1 13 9 4 15 6 21 3 8 14 20 11 17 22 12 5 16 10 2 19 
it=79 T=0.700 best=310: 7 18 1 13 9 4 15 6 21 3 8 14 20 11 22 17 12 5 16 10 2 19 
it=83 T=0.700 best=309: 7 18 1 13 4 9 15 6 21 3 8 14 20 11 22 17 12 5 16 10 2 19 
it=84 T=0.700 best=251: 7 18 1 13 4 9 15 6 21 3 14 8 20 11 22 17 12 5 16 10 2 19 
it=91 T=0.700 best=231: 7 18 1 13 4 9 15 21 6 3 14 8 20 11 22 17 12 5 16 10 2 19 
it=92 T=0.700 best=207: 7 18 1 13 4 9 15 21 6 2 14 8 20 11 22 17 12 5 16 10 3 19 
it=106 T=0.700 best=205: 7 18 1 13 4 9 21 15 6 2 14 8 20 11 22 17 12 5 10 16 3 19 
it=113 T=0.700 best=186: 7 18 1 13 4 9 21 15 6 14 2 8 20 11 22 17 12 5 10 16 3 19 
it=116 T=0.700 best=150: 7 18 1 13 4 9 15 21 6 14 2 8 20 11 22 17 12 5 10 16 3 19 
it=125 T=0.700 best=136: 7 18 1 13 4 15 9 21 6 14 2 8 20 11 22 17 12 5 10 16 3 19 
it=126 T=0.700 best=116: 7 18 1 13 4 16 9 21 6 14 2 8 20 11 22 17 12 5 10 15 3 19 
it=131 T=0.700 best=105: 7 18 1 13 4 16 9 21 6 14 2 20 8 11 22 17 12 5 10 15 3 19 
it=134 T=0.700 best=102: 7 18 1 13 4 16 9 21 6 14 2 19 8 11 22 17 12 5 10 15 3 20 
it=135 T=0.700 best=101: 7 18 1 13 4 16 9 21 6 14 19 2 8 11 22 17 12 5 10 15 3 20 
it=136 T=0.700 best=96: 7 19 1 13 4 16 9 21 6 14 18 2 8 11 22 17 12 5 10 15 3 20 
it=141 T=0.700 best=95: 7 19 2 13 4 16 21 9 6 14 18 1 8 11 22 17 12 5 10 15 3 20 
it=142 T=0.700 best=91: 7 19 2 13 4 16 21 9 14 6 18 1 8 11 22 17 12 5 10 15 3 20 
it=169 T=0.700 best=82: 7 19 2 13 4 16 22 10 14 6 18 1 11 8 21 17 12 5 9 15 3 20 
it=172 T=0.700 best=81: 7 19 2 13 4 16 21 10 14 6 18 1 11 8 22 17 12 5 9 15 3 20 
it=174 T=0.700 best=76: 7 19 2 13 4 16 21 10 14 6 18 1 11 8 22 17 12 5 9 15 20 3 
it=179 T=0.700 best=73: 7 18 2 13 4 16 21 10 14 6 19 1 11 8 22 17 12 5 9 15 20 3 
it=184 T=0.700 best=67: 7 18 2 13 4 16 21 10 6 14 19 1 11 8 22 17 12 5 9 15 20 3 
it=186 T=0.700 best=59: 7 18 2 13 4 21 16 11 6 14 19 1 10 8 22 17 12 5 9 15 20 3 
it=197 T=0.700 best=52: 7 18 2 13 4 21 16 11 6 14 19 1 10 22 8 17 12 5 9 15 20 3 
it=215 T=0.700 best=49: 7 18 2 13 21 4 16 10 6 14 19 1 11 22 8 17 12 5 9 15 20 3 
it=220 T=0.700 best=43: 18 8 2 12 21 4 16 10 6 14 19 1 11 22 7 17 13 5 9 15 20 3 
it=318 T=0.700 best=42: 18 7 1 12 21 16 4 10 14 6 19 2 11 22 8 17 13 5 15 20 9 3 
it=334 T=0.700 best=37: 18 7 1 12 21 16 4 10 14 6 19 11 2 22 8 17 13 5 15 20 9 3 
it=350 T=0.700 best=35: 18 7 1 12 21 16 3 10 14 6 19 11 2 22 8 17 13 4 15 20 9 5 
it=473 T=0.700 best=32: 18 7 13 1 21 16 3 10 14 6 19 11 2 22 8 17 12 4 15 20 9 5 
it=636 T=0.700 best=31: 18 7 1 13 21 16 3 11 6 14 19 2 10 22 17 8 12 4 15 20 9 5 
it=668 T=0.700 best=30: 18 7 1 13 21 3 16 11 6 14 19 2 10 22 17 8 12 4 15 20 9 5 
it=705 T=0.700 best=29: 18 7 1 13 21 4 16 11 6 14 19 2 9 22 17 8 12 3 15 20 10 5 
it=795 T=0.700 best=28: 18 8 13 1 21 4 17 11 7 14 19 2 9 22 16 6 12 3 15 20 10 5 
it=988 T=0.700 best=27: 18 8 13 1 21 4 17 11 7 14 19 3 9 22 16 5 12 2 15 20 10 6 
it=1011 T=0.700 best=26: 18 8 1 13 21 4 17 11 7 14 19 3 9 22 16 5 12 2 15 20 10 6 
it=1327 T=0.700 best=24: 18 8 13 1 21 4 16 11 7 14 19 3 9 22 17 5 12 2 15 10 20 6 
it=4242 T=0.700 best=23: 18 8 2 13 21 4 17 11 6 14 19 3 9 22 16 5 12 1 15 10 20 7 
it=4490 T=0.700 best=22: 17 8 2 13 21 4 18 11 6 14 19 3 10 22 16 5 12 1 9 15 20 7 
it=58047 T=0.700 best=20: 18 7 12 1 22 16 10 4 14 8 19 3 11 21 17 5 13 9 2 15 20 6 
it=58148 T=0.700 best=19: 18 7 12 1 16 22 10 4 14 8 19 3 11 21 17 5 13 9 2 15 20 6 
it=105584 T=0.700 best=18: 19 7 13 1 17 10 4 22 14 8 18 3 11 16 5 21 12 2 9 15 20 6 
it=105613 T=0.700 best=17: 19 7 13 1 17 11 4 22 14 8 18 3 10 16 5 21 12 2 9 15 20 6 
it=105765 T=0.700 best=14: 19 13 7 1 17 11 4 22 8 14 18 3 10 16 5 21 12 2 9 15 20 6 
it=105773 T=0.700 best=13: 19 13 7 1 17 10 4 22 8 14 18 3 11 16 5 21 12 2 9 15 20 6 
it=200000 T=0.700 cur=15 (s23) best=13
