start n=22 k=7 sym=0 missing=2092 seed=2252
it=0 T=0.800 best=1963: 2 19 6 20 11 12 16 1 3 15 5 9 4 7 13 21 14 8 10 22 17 18 
it=4 T=0.800 best=1812: 2 19 6 21 11 12 16 1 3 15 5 9 4 7 13 20 14 8 10 22 17 18 
it=7 T=0.800 best=1781: 2 19 6 21 11 12 16 1 3 15 5 9 4 7 13 20 14 8 10 22 18 17 
it=10 T=0.800 best=1759: 2 19 6 21 11 12 16 3 1 15 5 9 4 7 13 20 14 8 10 22 18 17 
it=12 T=0.800 best=1739: 2 19 6 21 12 11 16 3 1 15 5 9 4 7 13 20 14 8 10 22 18 17 
it=15 T=0.800 best=1579: 2 19 6 21 12 11 16 3 1 15 5 9 4 7 13 20 14 8 22 10 18 17 
it=16 T=0.800 best=1449: 2 19 6 21 12 11 17 3 1 15 5 9 4 7 13 20 14 8 22 10 18 16 
it=17 T=0.800 best=1335: 2 19 6 21 13 11 17 3 1 15 5 9 4 7 12 20 14 8 22 10 18 16 
it=20 T=0.800 best=1301: 2 19 7 21 13 11 17 3 1 15 5 9 4 6 12 20 14 8 22 10 18 16 
it=21 T=0.800 best=1291: 2 19 7 21 13 11 17 3 1 16 5 9 4 6 12 20 14 8 22 10 18 15 
it=22 T=0.800 best=1169: 2 19 7 21 13 11 17 3 1 16 5 9 4 6 12 20 14 8 22 18 10 15 
it=23 T=0.800 best=1100: 2 19 7 21 13 17 11 3 1 16 5 9 4 6 12 20 14 8 22 18 10 15 
it=25 T=0.800 best=1031: 2 19 7 21 13 17 11 3 1 16 5 9 6 4 12 20 14 22 8 18 10 15 
it=34 T=0.800 best=879: 2 19 7 21 13 17 11 4 1 16 5 9 6 3 12 20 14 22 8 18 10 15 
it=35 T=0.800 best=717: 2 19 8 21 13 17 11 4 1 16 5 9 6 3 12 20 14 22 7 18 10 15 
it=38 T=0.800 best=665: 2 19 8 21 13 17 11 4 1 16 5 9 6 3 12 20 14 22 7 18 15 10 
it=39 T=0.800 best=562: 2 19 8 13 21 17 11 4 1 16 5 9 6 3 12 20 14 22 7 18 15 10 
it=42 T=0.800 best=526: 2 19 8 13 17 21 11 4 1 16 5 9 6 3 12 20 14 22 7 18 15 10 
it=43 T=0.800 best=475: 2 19 13 8 17 21 11 4 1 16 5 9 6 3 12 20 14 22 7 18 15 10 
it=45 T=0.800 best=441: 2 19 13 8 17 11 21 4 1 16 5 9 6 3 12 20 14 22 7 18 15 10 
it=49 T=0.800 best=413: 3 19 13 8 17 11 21 4 1 16 5 9 6 2 12 20 14 22 7 18 15 10 
it=50 T=0.800 best=401: 3 19 13 8 17 11 21 4 1 16 5 9 6 2 12 20 15 22 7 18 14 10 
it=52 T=0.800 best=321: 3 19 13 8 17 11 21 4 1 16 5 9 6 12 2 20 15 22 7 18 14 10 
it=53 T=0.800 best=309: 3 19 13 8 16 11 21 4 1 17 5 9 6 12 2 20 15 22 7 18 14 10 
it=55 T=0.800 best=284: 3 19 13 8 16 21 11 4 1 17 5 9 6 12 2 20 15 22 7 14 18 10 
it=57 T=0.800 best=249: 4 19 13 8 16 21 11 3 1 17 5 9 6 12 2 20 15 22 7 14 18 10 
it=58 T=0.800 best=207: 4 19 13 8 16 21 11 3 1 17 5 9 6 12 20 2 15 22 7 14 18 10 
it=61 T=0.800 best=205: 4 19 13 8 16 21 11 3 1 17 5 9 6 12 20 2 15 22 7 18 14 10 
it=65 T=0.800 best=192: 4 19 13 8 16 21 11 3 1 17 5 9 12 6 20 2 15 22 7 18 14 10 
it=66 T=0.800 best=176: 4 19 13 8 16 21 11 3 1 17 9 5 12 6 20 2 15 22 7 18 14 10 
it=67 T=0.800 best=152: 4 19 13 8 16 21 11 3 1 17 9 5 12 20 6 2 15 22 7 18 14 10 
it=70 T=0.800 best=146: 4 19 13 8 16 21 11 3 1 17 9 5 12 20 6 2 15 22 18 7 14 10 
it=75 T=0.800 best=142: 4 19 13 8 16 11 3 21 1 17 9 5 12 20 6 2 15 22 18 7 14 10 
it=78 T=0.800 best=127: 4 19 13 8 16 11 3 21 1 9 17 5 12 20 6 2 15 22 18 7 14 10 
it=81 T=0.800 best=125: 4 19 13 8 16 11 3 21 1 9 17 5 12 20 6 2 15 22 18 14 7 10 
it=91 T=0.800 best=105: 4 19 13 8 16 11 3 21 1 9 17 5 12 20 6 15 2 22 18 14 7 10 
it=92 T=0.800 best=98: 5 19 13 8 16 11 3 21 1 9 17 4 12 20 6 15 2 22 18 14 7 10 
it=99 T=0.800 best=91: 5 19 13 8 16 11 3 21 1 9 17 4 12 20 6 15 2 22 14 18 7 10 
it=112 T=0.800 best=70: 5 19 13 8 16 11 3 21 1 9 17 4 12 20 15 6 2 22 14 18 7 10 
it=122 T=0.800 best=63: 5 19 13 8 16 11 4 21 1 9 17 3 12 20 15 6 2 22 14 18 7 10 
it=143 T=0.800 best=56: 5 19 13 8 16 11 4 21 1 9 17 3 12 20 15 7 2 22 14 18 6 10 
it=150 T=0.800 best=55: 5 19 13 8 16 11 3 21 1 9 17 4 12 20 15 7 2 22 14 18 6 10 
it=194 T=0.800 best=48: 4 19 13 8 16 3 11 21 1 9 17 5 12 20 15 7 2 22 14 18 6 10 
it=241 T=0.800 best=46: 6 19 13 8 16 3 12 21 1 9 17 4 11 20 15 7 2 22 14 18 5 10 
it=247 T=0.800 best=44: 6 19 13 8 16 3 21 12 1 9 17 4 11 20 15 7 2 22 14 18 5 10 
it=257 T=0.800 best=43: 6 19 13 8 16 3 21 12 1 9 17 4 10 20 15 7 2 22 14 18 5 11 
it=264 T=0.800 best=42: 5 19 13 8 16 3 21 12 1 9 17 4 10 20 15 7 2 22 14 18 6 11 
it=266 T=0.800 best=38: 5 19 12 8 16 3 21 13 1 9 17 4 10 20 15 7 2 22 14 18 6 11 
it=385 T=0.800 best=34: 4 19 12 8 16 3 21 13 9 1 17 5 10 20 15 7 2 22 14 18 11 6 
it=461 T=0.800 best=29: 4 19 12 7 16 3 21 13 9 1 17 5 10 20 15 8 2 22 14 18 11 6 
it=1911 T=0.800 best=28: 4 19 12 7 16 3 21 14 9 18 1 5 10 15 20 8 2 13 22 17 11 6 
it=2086 T=0.800 best=23: 5 19 12 7 16 3 21 14 8 1 6 18 11 15 20 9 2 13 22 17 10 4 
it=2136 T=0.800 best=21: 5 19 12 7 16 3 21 14 8 1 6 18 11 15 20 9 2 22 13 17 10 4 
it=200000 T=0.800 cur=21 (s30) best=21
