start n=22 k=7 sym=0 missing=1802 seed=2255
it=0 T=0.900 best=1709: 14 20 8 15 21 11 10 18 16 1 12 17 13 7 4 19 6 22 3 5 2 9 
it=1 T=0.900 best=1611: 14 20 8 15 21 12 10 18 16 1 11 17 13 7 4 19 6 22 3 5 2 9 
it=5 T=0.900 best=1431: 14 20 8 15 21 12 9 18 16 1 11 17 13 7 4 19 6 22 3 5 2 10 
it=15 T=0.900 best=1388: 14 20 8 15 12 21 9 18 16 1 11 17 13 7 4 19 6 22 3 5 2 10 
it=17 T=0.900 best=1362: 14 20 8 15 12 21 9 18 16 1 11 17 13 6 4 19 7 22 3 5 2 10 
it=19 T=0.900 best=1310: 14 20 8 15 12 21 9 18 1 16 11 17 13 6 4 19 7 22 3 5 2 10 
it=23 T=0.900 best=1228: 14 20 8 15 12 21 9 18 2 16 11 17 13 6 4 19 7 22 3 5 1 10 
it=24 T=0.900 best=1216: 14 20 8 15 12 21 9 18 2 16 11 17 13 5 4 19 7 22 3 6 1 10 
it=28 T=0.900 best=1092: 13 20 8 15 12 21 9 18 2 16 11 17 14 5 4 19 7 22 3 6 1 10 
it=30 T=0.900 best=978: 13 20 8 15 12 21 9 18 2 16 10 17 14 5 4 19 7 22 3 6 1 11 
it=31 T=0.900 best=894: 13 20 8 15 11 21 9 18 2 16 10 17 14 5 4 19 7 22 3 6 1 12 
it=32 T=0.900 best=777: 13 20 8 15 11 21 9 18 2 16 10 17 5 14 4 19 7 22 3 6 1 12 
it=34 T=0.900 best=761: 13 20 8 15 11 21 9 18 2 16 10 17 5 14 4 19 7 3 22 6 1 12 
it=61 T=0.900 best=744: 13 20 8 11 15 21 9 18 2 16 10 17 5 4 14 19 7 3 22 1 6 12 
it=64 T=0.900 best=724: 13 20 8 11 15 21 9 18 2 16 10 17 5 3 14 19 7 4 22 1 6 12 
it=69 T=0.900 best=708: 13 20 8 11 15 22 9 18 2 16 10 17 5 3 14 19 7 4 21 1 6 12 
it=76 T=0.900 best=686: 13 20 8 11 15 22 9 18 2 16 10 17 5 3 14 19 7 4 21 1 12 6 
it=88 T=0.900 best=659: 13 20 8 11 15 9 22 18 2 16 10 17 5 3 14 19 7 4 21 1 12 6 
it=89 T=0.900 best=636: 13 20 8 11 15 9 22 18 2 16 10 17 5 3 14 19 7 4 1 21 12 6 
it=92 T=0.900 best=451: 13 20 7 11 15 9 22 18 2 16 10 17 5 3 14 19 8 4 1 21 12 6 
it=93 T=0.900 best=415: 13 7 20 11 15 9 22 18 2 16 10 17 5 3 14 19 8 4 1 21 12 6 
it=95 T=0.900 best=375: 13 7 20 11 15 9 18 22 2 16 10 17 5 3 14 19 8 4 1 21 12 6 
it=99 T=0.900 best=346: 13 7 20 11 15 9 18 2 22 16 10 17 5 3 14 19 8 4 1 21 12 6 
it=103 T=0.900 best=314: 13 7 20 11 15 9 18 2 22 16 10 5 17 3 14 19 8 4 1 21 12 6 
it=107 T=0.900 best=285: 13 7 20 11 15 9 18 2 22 16 10 5 17 3 14 19 4 8 1 21 12 6 
it=111 T=0.900 best=270: 13 6 20 11 15 9 18 2 22 16 10 5 17 3 14 19 4 8 1 21 12 7 
it=125 T=0.900 best=237: 14 6 20 11 15 9 18 2 16 22 10 5 17 3 13 19 4 7 1 21 12 8 
it=136 T=0.900 best=223: 14 6 20 11 15 9 18 2 16 22 10 5 17 3 12 19 4 7 1 21 13 8 
it=139 T=0.900 best=209: 13 6 20 11 15 9 18 2 16 22 10 5 17 3 12 19 4 7 1 21 14 8 
it=145 T=0.900 best=198: 13 6 20 11 15 9 18 2 16 22 10 5 17 3 12 4 19 7 1 21 14 8 
it=147 T=0.900 best=183: 13 6 20 11 15 9 18 2 16 10 22 5 17 3 12 4 19 7 1 21 14 8 
it=148 T=0.900 best=174: 13 6 20 11 15 9 18 2 16 10 5 22 17 3 12 4 19 7 1 21 14 8 
it=159 T=0.900 best=173: 13 6 20 11 15 9 19 2 16 10 5 22 17 3 12 4 7 18 1 21 14 8 
it=163 T=0.900 best=152: 13 6 20 11 9 15 2 19 16 10 5 22 17 3 12 4 7 18 1 21 14 8 
it=168 T=0.900 best=137: 13 6 20 11 9 15 1 19 16 10 5 22 17 3 12 4 7 18 2 21 14 8 
it=174 T=0.900 best=131: 14 6 20 11 9 15 1 19 16 10 5 22 17 3 12 4 7 18 2 21 13 8 
it=183 T=0.900 best=125: 15 6 20 11 9 14 1 19 16 10 5 22 17 3 12 4 7 18 2 21 13 8 
it=184 T=0.900 best=119: 15 6 20 11 9 14 1 19 16 10 5 22 17 2 12 4 7 18 3 21 13 8 
it=211 T=0.900 best=105: 15 5 20 11 9 14 1 19 10 16 6 22 17 2 12 4 7 18 3 21 13 8 
it=212 T=0.900 best=92: 15 5 20 11 9 14 1 19 10 16 6 22 2 17 12 4 7 18 3 21 13 8 
it=217 T=0.900 best=89: 15 5 20 11 9 14 1 19 10 16 6 22 3 17 12 4 7 18 2 21 13 8 
it=218 T=0.900 best=75: 15 5 20 11 9 14 1 19 10 16 6 22 3 18 12 4 7 17 2 21 13 8 
it=228 T=0.900 best=65: 15 4 20 11 9 14 1 19 10 16 6 22 3 18 5 12 7 17 2 21 13 8 
it=234 T=0.900 best=61: 15 4 20 11 9 14 1 19 10 16 6 22 3 18 5 12 8 17 2 21 13 7 
it=243 T=0.900 best=52: 16 4 20 11 9 14 1 19 10 6 15 22 3 18 5 12 8 17 2 21 13 7 
it=244 T=0.900 best=49: 16 4 20 11 9 14 1 19 10 6 15 22 2 18 5 12 8 17 3 21 13 7 
it=268 T=0.900 best=41: 17 4 11 20 9 14 1 19 10 6 15 22 3 18 5 12 8 16 2 21 13 7 
it=288 T=0.900 best=36: 17 4 11 20 8 14 1 19 10 6 15 22 3 18 5 12 9 16 2 21 13 7 
it=289 T=0.900 best=29: 17 4 11 20 8 14 1 19 10 6 15 22 3 18 5 12 9 16 2 21 7 13 
it=331 T=0.900 best=27: 17 4 11 20 8 14 1 19 10 7 15 22 3 18 12 5 9 16 2 21 6 13 
it=336 T=0.900 best=26: 17 4 11 20 8 14 1 19 10 7 15 22 3 18 5 12 9 16 2 21 6 13 
it=351 T=0.900 best=23: 17 4 11 21 8 14 1 19 10 7 15 22 3 18 5 12 9 16 2 20 6 13 
it=1062 T=0.900 best=22: 17 4 11 20 8 1 14 19 10 5 15 22 3 18 12 6 9 16 2 21 7 13 
it=2571 T=0.900 best=21: 5 17 11 22 8 13 1 19 10 4 15 21 3 7 18 12 9 16 2 20 6 14 
it=2685 T=0.900 best=19: 4 17 11 22 7 13 1 19 10 5 15 21 3 8 18 12 9 2 16 20 6 14 
it=2694 T=0.900 best=18: 4 17 11 22 7 13 1 19 10 6 15 21 3 8 18 12 9 2 16 20 5 14 
it=2806 T=0.900 best=15: 4 17 11 22 7 13 1 19 10 6 15 21 3 8 18 12 2 9 16 20 5 14 
it=2950 T=0.900 best=14: 4 17 11 22 7 13 1 19 10 6 15 21 3 8 18 12 2 16 9 20 5 14 
it=25928 T=0.900 best=12: 4 17 11 22 7 13 1 19 10 6 15 21 3 8 18 12 2 16 9 20 14 5 
it=200000 T=0.900 cur=15 (s31) best=12
