start n=22 k=7 sym=0 missing=2065 seed=2257
it=0 T=0.800 best=1994: 14 13 17 2 19 16 10 9 20 5 3 7 4 8 15 1 11 12 18 6 22 21 
it=1 T=0.800 best=1834: 14 13 17 2 19 16 9 10 20 5 3 7 4 8 15 1 11 12 18 6 22 21 
it=3 T=0.800 best=1673: 14 13 17 2 19 16 8 10 20 5 3 7 4 9 15 1 11 12 18 6 22 21 
it=9 T=0.800 best=1422: 14 13 17 2 19 16 8 10 5 20 3 7 4 9 15 1 11 12 18 6 22 21 
it=10 T=0.800 best=1298: 14 17 13 2 19 16 8 10 5 20 3 7 4 9 15 1 11 12 18 6 22 21 
it=12 T=0.800 best=1173: 14 17 13 2 19 16 8 5 10 20 3 7 4 9 15 1 11 12 18 6 22 21 
it=16 T=0.800 best=1136: 14 17 13 2 19 16 8 5 10 20 3 7 4 9 15 11 1 12 18 6 22 21 
it=18 T=0.800 best=1043: 14 17 13 2 20 16 8 5 10 19 3 7 4 9 15 11 1 12 18 6 22 21 
it=19 T=0.800 best=996: 14 17 13 2 20 16 8 5 10 19 3 7 4 15 9 11 1 12 18 6 22 21 
it=23 T=0.800 best=916: 14 17 12 2 20 16 8 5 10 19 3 7 4 15 9 11 1 13 18 6 22 21 
it=32 T=0.800 best=789: 14 17 12 2 20 16 8 5 10 19 3 7 4 15 9 11 1 18 13 6 22 21 
it=36 T=0.800 best=720: 14 17 11 2 20 16 8 5 10 19 3 7 4 15 9 12 1 18 13 6 22 21 
it=37 T=0.800 best=696: 14 18 11 2 20 16 8 5 10 19 3 7 4 15 9 12 1 17 13 6 22 21 
it=49 T=0.800 best=637: 14 18 11 2 21 16 8 5 10 19 3 7 4 15 9 12 1 17 13 6 22 20 
it=51 T=0.800 best=512: 14 18 11 2 21 16 8 5 10 19 3 7 4 15 9 12 1 17 13 22 6 20 
it=52 T=0.800 best=495: 14 18 11 2 21 16 8 5 10 3 19 7 4 15 9 12 1 17 13 22 6 20 
it=55 T=0.800 best=416: 14 18 10 2 21 16 8 5 11 3 19 7 4 15 9 12 1 17 13 22 6 20 
it=56 T=0.800 best=400: 14 18 10 2 21 16 8 5 11 3 19 7 4 15 9 12 17 1 13 22 6 20 
it=71 T=0.800 best=349: 14 18 2 10 21 16 8 5 11 3 19 7 4 15 9 12 17 1 13 22 6 20 
it=77 T=0.800 best=341: 14 18 2 10 21 16 8 5 11 3 19 7 4 15 12 9 17 1 13 22 6 20 
it=82 T=0.800 best=336: 13 18 2 10 21 16 8 5 11 3 19 7 4 15 12 9 17 1 14 22 6 20 
it=85 T=0.800 best=266: 13 18 2 10 21 16 8 5 11 3 19 7 4 15 12 9 17 1 22 14 6 20 
it=88 T=0.800 best=247: 13 18 2 10 21 16 5 8 11 3 19 7 4 15 12 9 17 1 22 14 6 20 
it=91 T=0.800 best=191: 13 18 2 10 21 5 16 8 11 3 19 7 4 15 12 9 17 1 22 14 6 20 
it=107 T=0.800 best=160: 13 18 2 10 21 5 16 8 11 3 19 7 4 15 12 17 9 1 22 14 6 20 
it=110 T=0.800 best=149: 13 2 18 10 21 5 16 8 11 3 19 7 4 15 12 17 9 1 22 14 6 20 
it=113 T=0.800 best=118: 13 2 18 10 21 5 16 8 11 3 19 7 15 4 12 17 9 1 22 14 6 20 
it=121 T=0.800 best=111: 13 2 18 10 22 5 16 8 11 3 19 7 15 4 12 17 9 1 21 14 6 20 
it=142 T=0.800 best=106: 13 2 18 10 22 5 16 8 11 3 19 7 15 4 12 17 9 21 1 14 6 20 
it=147 T=0.800 best=95: 13 2 18 10 22 5 16 7 11 3 20 8 15 4 12 17 9 21 1 14 6 19 
it=152 T=0.800 best=90: 13 2 18 10 22 5 16 8 11 3 20 7 15 4 12 17 9 21 1 14 6 19 
it=167 T=0.800 best=87: 13 2 18 10 21 5 16 8 11 3 20 7 15 4 12 17 9 22 1 14 6 19 
it=207 T=0.800 best=79: 13 2 19 10 21 5 16 8 11 3 20 7 15 4 12 17 9 22 1 14 6 18 
it=211 T=0.800 best=65: 13 3 19 10 21 5 16 8 11 2 20 7 15 4 12 17 9 22 1 14 6 18 
it=212 T=0.800 best=56: 13 3 19 10 21 5 16 8 11 2 20 7 15 4 12 18 9 22 1 14 6 17 
it=252 T=0.800 best=46: 14 3 19 10 21 5 16 8 11 2 20 7 15 4 12 18 22 9 1 13 6 17 
it=256 T=0.800 best=41: 14 3 19 10 21 5 16 8 11 1 20 7 15 4 18 12 22 9 2 13 6 17 
it=720 T=0.800 best=40: 13 3 18 10 21 6 16 8 1 11 20 7 15 4 19 12 22 2 9 14 5 17 
it=744 T=0.800 best=39: 13 3 18 10 21 6 16 8 2 11 20 7 15 4 19 12 22 1 9 14 5 17 
it=752 T=0.800 best=38: 14 3 18 10 21 6 16 8 2 11 20 7 15 4 19 12 22 1 9 13 5 17 
it=764 T=0.800 best=37: 14 3 10 18 22 6 16 8 2 11 20 7 15 4 19 12 21 1 9 13 5 17 
it=793 T=0.800 best=35: 14 3 10 18 6 22 16 8 2 11 20 7 15 4 19 12 21 1 9 13 5 17 
it=802 T=0.800 best=33: 15 3 10 18 6 22 16 8 2 11 20 7 14 4 19 12 21 1 9 13 5 17 
it=810 T=0.800 best=30: 16 3 10 18 6 22 15 8 2 11 20 7 14 4 19 12 21 1 9 13 5 17 
it=60870 T=0.800 best=29: 13 3 8 18 22 16 6 10 2 14 20 7 15 4 19 11 21 1 9 12 5 17 
it=60952 T=0.800 best=26: 13 3 8 18 22 6 16 10 14 2 20 7 15 4 19 11 21 1 9 12 5 17 
it=61290 T=0.800 best=25: 12 3 18 8 22 16 5 10 14 2 20 7 15 4 19 11 21 1 9 13 6 17 
it=69807 T=0.800 best=23: 13 3 18 9 22 16 6 10 2 14 20 7 15 4 12 19 1 8 21 11 5 17 
it=69831 T=0.800 best=22: 13 3 9 18 22 16 6 10 2 14 20 7 15 4 12 19 1 8 21 11 5 17 
it=70169 T=0.800 best=21: 13 3 9 18 22 6 17 10 14 2 20 8 4 15 12 19 1 7 21 11 16 5 
it=70247 T=0.800 best=20: 13 3 9 19 22 5 17 10 14 2 20 8 4 15 12 18 1 7 21 11 16 6 
it=70332 T=0.800 best=19: 13 3 9 19 22 6 17 10 14 2 20 8 4 15 12 18 1 7 21 11 16 5 
it=200000 T=0.800 cur=19 (s29) best=19
it=330063 T=0.800 best=17: 12 3 18 8 22 15 6 1 9 20 13 17 5 10 19 2 14 7 21 11 4 16 
it=330112 T=0.800 best=16: 13 3 18 8 22 15 6 1 9 20 12 17 5 10 19 2 14 7 21 11 4 16 
