start n=22 k=7 sym=0 missing=1500 seed=2259
it=3 T=0.700 best=1480: 22 9 1 21 17 13 19 6 15 2 7 4 3 8 14 5 20 10 16 12 18 11 
it=7 T=0.700 best=1434: 21 9 1 22 17 13 19 6 15 2 7 4 3 8 14 5 20 10 16 12 18 11 
it=8 T=0.700 best=1393: 21 9 1 22 17 13 19 6 15 2 7 4 3 14 8 5 20 10 16 12 18 11 
it=9 T=0.700 best=1101: 21 9 1 22 17 13 19 6 15 2 7 4 3 14 8 20 5 10 16 12 18 11 
it=13 T=0.700 best=1020: 21 9 1 22 17 13 19 6 15 2 7 4 14 3 8 20 5 10 16 12 18 11 
it=18 T=0.700 best=960: 21 9 1 22 17 13 19 6 15 3 7 4 14 2 8 20 5 10 16 12 18 11 
it=19 T=0.700 best=871: 21 9 1 17 22 13 19 6 15 3 7 4 14 2 8 20 5 10 16 12 18 11 
it=22 T=0.700 best=866: 21 9 17 1 22 13 19 6 15 3 7 4 14 2 8 20 5 10 16 12 18 11 
it=26 T=0.700 best=806: 21 9 17 1 22 13 19 6 15 3 7 4 14 2 20 8 5 10 16 12 18 11 
it=34 T=0.700 best=751: 21 9 17 1 22 13 19 6 3 15 7 4 14 2 20 8 5 10 16 12 18 11 
it=35 T=0.700 best=697: 21 9 17 1 22 13 19 6 3 15 7 4 14 20 2 8 5 10 16 12 18 11 
it=36 T=0.700 best=656: 21 8 17 1 22 13 19 6 3 15 7 4 14 20 2 9 5 10 16 12 18 11 
it=38 T=0.700 best=648: 21 8 17 1 22 13 19 6 3 15 7 14 4 20 2 9 5 10 16 12 18 11 
it=43 T=0.700 best=538: 21 8 17 1 22 13 6 19 3 15 7 14 4 20 2 9 5 10 16 12 18 11 
it=44 T=0.700 best=515: 21 8 17 1 22 13 6 19 3 15 7 14 4 20 2 10 5 9 16 12 18 11 
it=46 T=0.700 best=476: 21 7 17 1 22 13 6 19 3 15 8 14 4 20 2 10 5 9 16 12 18 11 
it=53 T=0.700 best=412: 21 7 17 1 22 13 6 19 3 15 8 14 4 20 10 2 5 9 16 12 18 11 
it=54 T=0.700 best=387: 21 7 17 1 22 13 6 19 3 15 8 14 4 20 10 2 9 5 16 12 18 11 
it=56 T=0.700 best=353: 21 7 17 1 22 13 6 19 3 15 8 14 4 20 11 2 9 5 16 12 18 10 
it=57 T=0.700 best=240: 21 7 17 1 22 13 6 19 3 15 8 14 4 20 11 2 9 16 5 12 18 10 
it=58 T=0.700 best=189: 21 7 17 2 22 13 6 19 3 15 8 14 4 20 11 1 9 16 5 12 18 10 
it=59 T=0.700 best=180: 21 7 17 2 22 13 6 18 3 15 8 14 4 20 11 1 9 16 5 12 19 10 
it=64 T=0.700 best=173: 21 7 17 2 13 22 6 18 3 15 8 14 4 20 11 1 9 16 5 12 19 10 
it=67 T=0.700 best=163: 20 7 17 2 13 22 6 18 3 15 8 14 4 21 11 1 9 16 5 12 19 10 
it=88 T=0.700 best=151: 20 7 17 2 13 22 6 18 3 15 9 14 4 21 11 1 8 16 5 12 19 10 
it=91 T=0.700 best=125: 20 8 17 2 13 22 6 18 3 15 9 14 4 21 11 1 7 16 5 12 19 10 
it=100 T=0.700 best=120: 20 8 17 2 13 22 6 18 3 9 15 14 4 21 11 1 7 16 5 12 19 10 
it=101 T=0.700 best=117: 19 8 17 2 13 22 6 18 3 9 15 14 4 21 11 1 7 16 5 12 20 10 
it=104 T=0.700 best=113: 19 8 17 2 13 22 6 18 3 9 14 15 4 21 11 1 7 16 5 12 20 10 
it=113 T=0.700 best=102: 19 8 2 17 13 22 6 18 3 9 14 15 4 21 11 1 7 16 5 12 20 10 
it=117 T=0.700 best=99: 19 8 2 17 13 6 22 18 3 9 14 4 15 21 11 1 7 16 5 12 20 10 
it=147 T=0.700 best=92: 19 8 2 17 13 6 22 18 3 9 14 4 21 15 11 1 7 16 5 12 20 10 
it=150 T=0.700 best=87: 19 8 2 17 13 6 22 18 3 9 14 4 21 15 11 7 1 16 5 12 20 10 
it=152 T=0.700 best=83: 19 8 2 17 13 6 18 22 3 9 14 4 21 15 11 7 1 16 5 12 20 10 
it=156 T=0.700 best=73: 19 8 2 17 12 6 18 22 3 9 14 4 21 15 11 7 1 16 5 13 20 10 
it=158 T=0.700 best=59: 19 8 2 16 12 6 18 22 3 9 14 4 21 15 11 7 1 17 5 13 20 10 
it=166 T=0.700 best=54: 19 8 2 15 12 6 18 22 3 9 13 4 21 16 11 7 1 17 5 14 20 10 
it=174 T=0.700 best=50: 19 8 2 15 12 6 18 22 3 9 13 4 21 16 11 7 17 1 5 14 20 10 
it=215 T=0.700 best=48: 19 8 2 15 12 6 18 3 22 9 13 4 21 16 11 7 17 1 5 14 20 10 
it=220 T=0.700 best=47: 19 8 2 15 12 6 18 3 22 9 13 4 16 21 11 7 17 1 5 14 20 10 
it=221 T=0.700 best=44: 19 8 2 15 12 6 17 3 22 9 13 4 16 21 11 7 18 1 5 14 20 10 
it=233 T=0.700 best=42: 19 8 2 15 12 6 17 3 22 9 13 4 16 21 11 7 18 1 14 5 20 10 
it=265 T=0.700 best=36: 8 20 2 15 12 6 17 3 22 9 13 4 16 21 11 7 1 18 14 5 19 10 
it=268 T=0.700 best=33: 8 20 2 15 12 6 17 3 22 9 14 4 16 21 11 7 1 18 13 5 19 10 
it=281 T=0.700 best=32: 8 20 2 15 11 6 17 3 22 9 14 4 16 21 12 7 1 18 13 5 19 10 
it=290 T=0.700 best=29: 9 20 2 15 11 6 17 3 22 8 14 4 16 21 12 7 1 18 13 5 19 10 
it=386 T=0.700 best=25: 9 20 2 15 11 6 18 3 22 8 14 4 16 12 21 7 1 17 13 5 19 10 
it=200000 T=0.700 cur=27 (s29) best=25
it=296345 T=0.700 best=24: 9 20 2 15 6 11 18 3 22 14 8 4 16 12 21 7 1 17 13 5 19 10 
