start n=22 k=7 sym=0 missing=2657 seed=228
it=2 T=1.994 best=2551: 12 3 1 5 7 10 9 17 4 11 14 22 20 18 16 15 19 2 6 8 13 21 
it=3 T=1.994 best=2500: 13 3 1 5 7 10 9 17 4 11 14 22 20 18 16 15 19 2 6 8 12 21 
it=6 T=1.994 best=2335: 13 3 1 5 10 7 9 17 4 11 14 22 20 18 16 15 19 2 6 8 12 21 
it=8 T=1.994 best=2252: 13 3 1 5 10 7 9 17 4 14 11 22 21 18 16 15 19 2 6 8 12 20 
it=9 T=1.994 best=2205: 13 3 1 5 10 7 9 17 4 14 11 21 22 18 16 15 19 2 6 8 12 20 
it=10 T=1.994 best=2017: 13 3 1 5 10 7 9 17 4 14 11 21 22 18 16 15 19 2 6 8 20 12 
it=12 T=1.994 best=1950: 13 3 1 5 10 7 9 17 4 14 11 21 22 18 16 19 15 2 6 8 20 12 
it=13 T=1.994 best=1935: 3 13 1 5 10 7 9 17 4 14 11 21 22 18 16 19 15 2 6 8 20 12 
it=16 T=1.994 best=1931: 13 3 1 5 10 7 9 17 4 14 11 21 22 18 16 19 15 2 6 20 8 12 
it=22 T=1.994 best=1698: 13 3 1 5 10 7 9 17 4 14 21 11 22 18 16 19 15 2 6 20 8 12 
it=24 T=1.994 best=1498: 13 3 1 5 10 7 17 9 4 14 21 11 22 18 16 19 15 2 6 20 8 12 
it=29 T=1.994 best=1483: 3 13 1 5 10 7 17 9 4 14 21 11 22 18 16 19 15 2 6 20 8 12 
it=31 T=1.994 best=1329: 3 13 1 5 10 7 17 9 14 4 21 11 22 18 16 19 15 2 6 20 8 12 
it=32 T=1.994 best=1210: 3 13 1 5 10 7 17 9 14 21 4 11 22 18 16 19 15 2 6 20 8 12 
it=34 T=1.994 best=1136: 3 13 1 5 10 7 17 9 14 21 4 11 22 18 16 20 15 2 6 19 8 12 
it=35 T=1.994 best=998: 3 13 1 5 10 7 17 9 14 21 4 11 22 18 16 20 15 2 6 19 12 8 
it=37 T=1.994 best=960: 3 13 1 5 11 7 17 9 14 21 4 10 22 18 16 20 15 2 6 19 12 8 
it=45 T=1.994 best=903: 4 13 1 5 11 7 17 9 15 21 3 10 22 18 16 20 14 2 6 19 12 8 
it=51 T=1.994 best=842: 4 13 5 1 11 7 17 9 15 21 3 10 22 18 16 20 14 2 6 19 12 8 
it=55 T=1.994 best=834: 4 13 5 1 11 7 18 9 15 21 3 10 17 22 16 20 14 2 6 19 12 8 
it=57 T=1.994 best=719: 4 13 5 1 11 7 18 9 15 21 3 10 17 22 16 20 14 2 6 12 19 8 
it=58 T=1.994 best=621: 4 13 5 1 11 7 18 9 15 21 3 17 10 22 16 20 14 2 6 12 19 8 
it=60 T=1.994 best=597: 4 13 5 1 11 7 19 9 15 21 3 17 10 22 16 20 14 2 6 12 18 8 
it=64 T=1.994 best=543: 14 4 5 1 11 7 19 9 15 21 3 17 10 22 16 20 13 2 6 12 18 8 
it=70 T=1.994 best=537: 14 4 5 1 11 7 20 9 15 21 17 3 10 22 16 19 2 13 6 12 18 8 
it=75 T=1.994 best=432: 14 4 5 1 11 7 20 15 9 21 17 3 10 22 16 19 2 13 6 12 18 8 
it=77 T=1.994 best=417: 14 4 6 1 11 7 20 15 9 21 17 3 10 22 16 19 2 13 5 12 18 8 
it=78 T=1.994 best=407: 14 4 6 1 12 7 20 15 9 21 17 3 10 22 16 19 2 13 5 11 18 8 
it=81 T=1.994 best=334: 14 4 7 1 12 6 20 15 9 21 17 3 10 22 16 19 2 13 5 11 18 8 
it=83 T=1.994 best=328: 14 4 7 12 1 6 20 15 9 21 17 3 10 22 16 19 2 13 5 11 18 8 
it=84 T=1.994 best=321: 14 4 7 12 1 6 20 15 21 9 17 3 10 22 16 19 2 13 5 11 18 8 
it=94 T=1.994 best=314: 14 4 8 1 12 6 21 15 20 9 17 3 11 22 16 19 2 13 5 10 18 7 
it=96 T=1.994 best=299: 14 4 8 1 12 6 21 16 20 9 17 3 11 22 15 19 2 13 5 10 18 7 
it=101 T=1.994 best=298: 14 4 8 2 12 6 21 16 20 9 17 3 11 22 15 19 1 13 5 10 18 7 
it=108 T=1.994 best=296: 14 4 8 2 12 6 21 16 20 9 17 3 11 22 15 1 19 13 5 10 18 7 
it=127 T=1.994 best=228: 14 4 8 1 12 21 6 16 20 9 17 3 11 22 15 2 19 13 5 10 18 7 
it=138 T=1.994 best=215: 14 4 8 12 1 21 6 15 20 9 17 3 11 22 16 2 19 13 5 10 18 7 
it=140 T=1.994 best=197: 14 4 8 12 21 1 6 15 20 9 17 3 11 22 16 2 19 13 5 10 18 7 
it=142 T=1.994 best=177: 15 4 8 12 21 1 6 14 20 9 3 17 11 22 16 2 19 13 5 10 18 7 
it=143 T=1.994 best=161: 4 15 8 12 21 1 6 14 20 9 3 17 11 22 16 2 19 13 5 10 18 7 
it=145 T=1.994 best=155: 4 15 8 12 21 1 6 14 20 9 3 17 11 22 16 2 18 13 5 10 19 7 
it=152 T=1.994 best=127: 4 15 8 21 12 1 6 14 20 9 3 17 11 22 16 2 18 13 5 10 19 7 
it=154 T=1.994 best=123: 4 15 8 21 12 1 6 14 19 9 3 17 11 22 16 2 18 13 5 10 20 7 
it=165 T=1.994 best=119: 4 15 8 21 12 1 6 14 19 9 17 3 11 22 16 2 18 13 5 10 20 7 
it=168 T=1.994 best=105: 4 16 8 21 12 1 6 14 19 9 17 3 11 22 15 2 18 13 5 10 20 7 
it=174 T=1.994 best=101: 4 16 8 21 12 6 1 14 19 9 17 3 11 22 15 2 18 13 5 10 20 7 
it=222 T=1.994 best=94: 4 16 9 21 12 7 2 14 20 8 17 3 11 22 15 1 18 6 13 10 5 19 
it=223 T=1.994 best=93: 4 16 9 21 12 7 2 13 20 8 17 3 11 22 15 1 18 6 14 10 5 19 
it=231 T=1.994 best=87: 4 16 9 21 12 7 2 13 20 8 17 3 11 15 22 1 18 6 14 10 5 19 
it=235 T=1.994 best=78: 4 16 9 21 12 8 2 13 20 7 17 3 11 15 22 1 18 6 14 10 5 19 
it=240 T=1.994 best=76: 4 9 16 21 12 8 2 13 20 7 17 3 11 15 22 1 18 6 14 10 5 19 
it=241 T=1.994 best=73: 4 10 16 21 12 8 2 13 20 7 17 3 11 15 22 1 18 6 14 9 5 19 
it=248 T=1.994 best=72: 4 10 16 21 12 8 2 14 20 7 17 3 11 15 22 1 18 6 13 9 5 19 
it=249 T=1.994 best=71: 4 10 17 21 12 8 2 14 20 7 16 3 11 15 22 1 18 6 13 9 5 19 
it=253 T=1.994 best=69: 4 10 17 21 12 8 2 14 20 7 16 3 11 15 22 1 18 6 9 13 5 19 
it=255 T=1.994 best=68: 3 10 17 21 12 8 2 14 20 7 16 4 11 15 22 1 18 6 9 13 5 19 
it=258 T=1.994 best=65: 3 10 17 21 12 8 2 14 20 7 16 4 11 15 22 1 19 6 9 13 5 18 
it=259 T=1.994 best=63: 4 10 17 21 12 8 2 14 20 7 16 3 11 15 22 1 19 6 9 13 5 18 
it=264 T=1.994 best=52: 4 10 17 21 12 8 2 14 20 7 16 3 11 15 22 1 6 19 9 13 5 18 
it=275 T=1.994 best=49: 3 10 17 21 12 8 2 14 20 7 16 4 11 15 22 1 6 18 9 13 5 19 
it=308 T=1.994 best=44: 4 10 17 21 12 8 2 13 20 7 16 3 11 15 22 1 6 18 9 14 5 19 
it=372 T=1.994 best=34: 4 10 18 12 22 8 2 14 20 7 16 11 3 15 21 1 6 17 9 13 5 19 
it=380 T=1.994 best=32: 3 10 18 12 22 8 2 14 20 7 16 11 4 15 21 1 6 17 9 13 5 19 
it=707 T=1.994 best=28: 3 10 18 12 22 8 15 2 20 7 16 11 4 14 21 1 6 17 9 13 5 19 
it=1405 T=1.988 best=24: 18 10 3 8 12 22 16 6 1 19 14 4 11 15 21 7 2 17 9 13 20 5 
it=1440 T=1.988 best=19: 10 18 3 8 12 22 16 7 1 19 14 4 11 15 21 6 2 17 9 13 20 5 
it=2555 T=1.982 best=18: 11 3 18 8 12 22 16 7 1 19 14 4 10 15 21 6 2 17 9 13 20 5 
it=3552 T=1.976 best=17: 18 12 3 8 21 13 17 6 1 10 20 15 4 11 7 22 16 2 9 14 19 5 
it=19002 T=1.889 best=16: 12 19 3 15 7 22 13 5 17 1 6 11 16 21 10 4 18 8 14 2 20 9 
it=22011 T=1.872 best=15: 13 3 19 8 15 5 18 22 12 1 6 11 16 21 4 10 7 17 14 2 20 9 
it=22017 T=1.872 best=13: 13 3 19 8 15 5 17 22 12 1 6 11 16 21 4 10 7 18 14 2 20 9 
it=26565 T=1.850 best=12: 13 3 20 7 15 12 5 18 22 1 9 11 16 4 21 10 17 6 2 14 19 8 
it=31429 T=1.822 best=11: 18 12 2 7 15 21 5 19 13 8 1 11 16 22 10 4 17 6 14 20 3 9 
it=31453 T=1.822 best=8: 18 12 2 7 15 21 5 19 13 8 1 11 16 22 9 4 17 6 14 20 3 10 
it=200000 T=1.110 cur=20 (s17) best=8
