start n=21 k=7 sym=0 missing=1046 seed=214
it=0 T=1.000 best=974: 12 6 16 7 2 14 20 19 3 15 10 9 17 13 1 21 11 18 5 4 8 
it=2 T=0.995 best=797: 12 6 16 7 2 14 20 19 4 15 10 9 17 13 1 21 11 18 5 3 8 
it=6 T=0.995 best=676: 12 6 16 7 2 14 20 19 4 15 10 8 17 13 1 21 11 18 5 3 9 
it=7 T=0.995 best=565: 12 6 16 7 2 14 21 19 4 15 10 8 17 13 1 20 11 18 5 3 9 
it=16 T=0.995 best=491: 12 6 16 7 1 14 21 19 4 15 10 8 17 13 2 20 11 18 5 3 9 
it=35 T=0.995 best=445: 12 6 16 7 1 14 21 19 4 10 15 8 17 13 2 20 11 18 5 3 9 
it=36 T=0.995 best=434: 12 6 16 7 1 14 21 19 4 10 15 8 13 17 2 20 11 18 5 3 9 
it=45 T=0.995 best=424: 12 6 16 7 1 14 21 19 4 10 15 8 13 2 17 20 11 18 5 3 9 
it=46 T=0.995 best=369: 12 6 16 8 1 14 21 19 4 10 15 7 13 2 17 20 11 18 5 3 9 
it=47 T=0.995 best=261: 12 6 16 8 1 14 21 19 4 10 15 7 13 2 17 20 11 5 18 3 9 
it=53 T=0.995 best=246: 12 6 16 8 1 13 21 19 4 15 10 7 14 2 17 20 11 5 18 3 9 
it=56 T=0.995 best=245: 13 6 16 8 1 12 21 19 4 15 10 7 14 2 17 20 11 5 18 3 9 
it=58 T=0.995 best=219: 13 6 16 8 1 21 12 19 4 15 10 7 14 2 17 20 11 5 18 3 9 
it=62 T=0.995 best=216: 13 6 16 8 1 21 12 19 4 15 10 7 14 3 17 20 11 5 18 2 9 
it=78 T=0.995 best=187: 13 6 16 8 1 21 12 19 4 15 10 7 14 3 17 20 5 11 18 2 9 
it=86 T=0.995 best=177: 13 6 16 8 21 1 12 19 4 15 10 7 14 3 17 20 5 11 18 2 9 
it=124 T=0.995 best=160: 12 6 16 21 8 1 13 19 4 15 10 7 14 3 17 20 5 11 18 2 9 
it=134 T=0.995 best=155: 11 6 16 21 8 1 13 19 4 15 10 7 14 3 17 20 5 12 2 18 9 
it=144 T=0.995 best=148: 11 6 17 21 8 1 13 19 4 15 10 7 14 3 16 20 5 12 2 18 9 
it=165 T=0.995 best=147: 11 6 17 21 8 1 13 19 4 16 10 7 14 3 15 20 5 12 2 18 9 
it=168 T=0.995 best=139: 6 11 17 21 8 1 13 19 4 16 10 7 14 3 15 20 5 12 2 18 9 
it=172 T=0.995 best=119: 6 11 17 21 8 1 13 19 4 16 10 7 14 3 20 15 5 12 2 18 9 
it=175 T=0.995 best=111: 6 11 17 21 8 1 13 19 4 16 10 7 14 3 20 15 5 12 18 2 9 
it=228 T=0.995 best=110: 11 6 17 21 9 1 13 19 4 16 10 7 14 3 20 15 5 12 2 18 8 
it=237 T=0.995 best=107: 6 11 17 21 9 1 13 19 4 16 10 7 14 3 20 15 5 12 2 18 8 
it=343 T=0.995 best=106: 5 11 17 21 9 1 13 19 4 16 10 7 14 3 20 15 6 12 2 18 8 
it=362 T=0.995 best=102: 5 11 17 21 9 2 13 19 4 16 10 7 14 3 20 15 6 12 1 18 8 
it=402 T=0.995 best=101: 5 11 17 21 9 2 13 19 4 16 10 7 14 3 20 15 6 1 12 18 8 
it=411 T=0.995 best=100: 4 11 17 21 9 2 13 19 5 16 10 7 14 3 20 15 6 1 12 18 8 
it=58228 T=0.751 best=93: 4 11 16 21 9 2 14 19 5 10 17 7 13 3 20 15 6 1 12 18 8 
it=58236 T=0.751 best=91: 4 11 16 20 9 2 14 19 5 10 17 7 3 13 21 15 6 1 12 18 8 
it=58285 T=0.751 best=90: 4 16 11 20 9 2 14 19 5 10 17 7 3 12 21 15 6 1 13 18 8 
it=58288 T=0.751 best=81: 16 4 11 20 9 2 14 19 5 10 17 7 3 12 21 15 6 1 13 18 8 
