start n=22 k=7 sym=2 missing=3370 seed=231
it=1 T=1.994 best=3323: 15 2 4 3 5 13 7 16 9 11 10 12 6 17 1 8 14 20 21 18 19 22 
it=8 T=1.994 best=3151: 1 15 4 3 5 13 7 16 9 11 10 12 6 17 2 8 14 20 21 18 19 22 
it=9 T=1.994 best=3055: 1 4 15 2 5 13 7 16 9 11 10 12 6 17 3 8 14 20 21 18 19 22 
it=10 T=1.994 best=2783: 1 4 15 2 5 12 7 16 9 11 10 6 13 17 3 8 14 20 21 18 19 22 
it=17 T=1.994 best=2696: 1 4 15 2 5 12 7 16 9 11 10 6 17 14 3 8 13 20 21 18 19 22 
it=18 T=1.994 best=2305: 1 4 15 2 5 11 7 16 9 12 6 10 17 14 3 8 13 20 21 18 19 22 
it=29 T=1.994 best=2280: 4 2 15 1 5 11 7 16 9 12 6 10 17 14 3 8 13 20 21 18 19 22 
it=30 T=1.994 best=2276: 4 2 15 1 11 6 7 16 9 12 5 10 17 14 3 8 13 20 21 18 19 22 
it=32 T=1.994 best=2048: 4 2 15 1 11 6 7 16 9 12 5 10 18 14 3 8 20 13 21 17 19 22 
it=36 T=1.994 best=2005: 4 2 15 1 11 6 7 16 9 12 5 10 18 14 3 8 21 13 20 19 17 22 
it=41 T=1.994 best=1783: 4 2 15 1 11 6 7 16 9 13 5 18 10 14 3 8 21 12 20 19 17 22 
it=43 T=1.994 best=1535: 4 2 15 1 11 6 7 17 9 13 5 18 10 14 3 21 8 12 20 19 16 22 
it=49 T=1.994 best=1495: 4 2 16 1 11 6 7 17 9 13 5 18 10 14 21 3 8 12 20 19 15 22 
it=51 T=1.994 best=1397: 4 16 3 1 11 6 7 17 9 13 5 18 10 14 21 2 8 12 20 19 15 22 
it=53 T=1.994 best=1386: 4 16 3 1 11 6 7 17 13 10 5 18 9 14 21 2 8 12 20 19 15 22 
it=59 T=1.994 best=1151: 5 16 3 11 1 6 7 17 13 10 4 18 9 14 21 2 8 12 20 19 15 22 
it=60 T=1.994 best=1148: 5 16 3 12 1 6 7 17 13 10 18 4 9 14 21 2 8 11 20 19 15 22 
it=62 T=1.994 best=986: 5 16 3 12 1 6 7 17 13 10 19 4 9 14 21 2 8 20 11 18 15 22 
it=65 T=1.994 best=896: 5 16 3 12 1 6 7 17 14 10 19 4 13 9 21 2 8 20 11 18 15 22 
it=67 T=1.994 best=851: 5 16 3 12 1 6 7 18 14 10 19 4 13 9 21 2 20 8 11 17 15 22 
it=69 T=1.994 best=754: 6 16 3 12 5 1 7 18 14 10 19 4 13 9 21 2 20 8 11 17 15 22 
it=76 T=1.994 best=602: 6 16 3 12 5 1 7 18 14 10 20 4 13 9 21 2 19 8 17 11 15 22 
it=86 T=1.994 best=518: 6 17 3 12 5 1 7 18 14 20 11 4 13 9 21 19 2 8 16 10 15 22 
it=89 T=1.994 best=448: 6 17 3 12 5 1 7 18 15 20 11 4 13 21 9 19 2 8 16 10 14 22 
it=90 T=1.994 best=414: 6 17 3 12 5 1 7 18 15 20 11 4 21 14 9 19 2 8 16 10 13 22 
it=103 T=1.994 best=363: 6 17 3 12 5 1 7 18 15 20 11 4 22 14 9 19 2 8 16 10 21 13 
it=117 T=1.994 best=334: 8 17 3 13 5 6 18 1 15 20 11 22 4 14 9 19 2 7 16 10 21 12 
it=119 T=1.994 best=313: 8 17 3 13 5 6 18 1 16 20 11 22 4 14 19 9 2 7 15 10 21 12 
it=123 T=1.994 best=259: 8 17 3 13 5 6 18 1 20 16 11 22 4 14 19 10 2 7 15 9 21 12 
it=130 T=1.994 best=205: 8 17 3 13 5 18 7 1 20 16 11 22 4 14 19 10 2 6 15 9 21 12 
it=134 T=1.994 best=202: 8 17 3 13 19 6 7 1 20 16 11 22 4 14 18 10 2 15 5 9 21 12 
it=140 T=1.994 best=199: 8 17 3 19 13 6 7 1 21 16 11 22 5 14 18 10 2 15 4 20 9 12 
it=142 T=1.994 best=156: 8 17 3 19 13 6 7 1 22 16 11 21 5 14 18 10 2 15 4 20 12 9 
it=147 T=1.994 best=143: 8 16 3 19 13 6 7 1 22 17 11 20 5 14 18 2 10 15 4 12 21 9 
it=154 T=1.994 best=138: 9 16 3 19 13 6 7 22 1 17 11 20 5 14 18 2 10 15 4 12 21 8 
it=156 T=1.994 best=132: 10 16 3 19 13 6 7 22 17 1 11 20 5 14 18 2 9 15 4 12 21 8 
it=159 T=1.994 best=116: 10 15 3 19 13 6 7 22 17 1 11 20 5 14 2 18 9 16 4 12 21 8 
it=165 T=1.994 best=112: 9 15 3 19 13 6 7 22 1 17 11 20 5 14 2 18 10 16 4 12 21 8 
it=166 T=1.994 best=110: 9 15 3 19 5 13 7 22 1 17 11 20 6 14 2 18 10 16 4 12 21 8 
it=171 T=1.994 best=97: 9 15 3 19 5 13 7 22 1 17 11 21 6 14 2 18 10 16 4 20 12 8 
it=172 T=1.994 best=84: 9 15 3 19 5 13 22 8 1 17 11 21 6 14 2 18 10 16 4 20 12 7 
it=232 T=1.994 best=80: 9 15 3 19 5 22 13 8 1 17 11 21 7 14 2 18 10 16 4 20 12 6 
it=233 T=1.994 best=74: 9 15 3 18 5 22 13 8 1 17 11 21 7 14 2 19 10 4 16 20 12 6 
it=813 T=1.994 best=61: 9 15 3 22 19 6 13 8 1 17 11 21 7 14 2 18 10 16 5 20 12 4 
it=948 T=1.994 best=60: 9 2 16 22 5 18 13 8 1 17 11 21 7 14 19 3 10 6 15 20 12 4 
it=991 T=1.994 best=51: 10 2 15 22 5 19 13 8 17 1 11 21 7 14 3 18 9 16 6 20 12 4 
it=1062 T=1.988 best=48: 10 2 16 22 5 19 13 8 17 1 11 21 7 14 18 3 9 15 6 20 12 4 
