start n=21 k=7 sym=0 missing=1545 seed=212
it=0 T=1.000 best=1465: 19 18 10 4 9 14 12 1 11 7 17 2 15 8 5 3 20 13 16 21 6 
it=2 T=0.995 best=1090: 19 10 18 4 9 14 12 1 11 7 17 2 15 8 5 3 20 13 16 21 6 
it=4 T=0.995 best=1037: 19 10 18 4 9 14 12 1 11 7 17 2 15 5 8 3 20 13 16 21 6 
it=5 T=0.995 best=838: 19 10 18 4 9 15 12 1 11 7 17 2 14 5 8 3 20 13 16 21 6 
it=7 T=0.995 best=797: 19 11 18 4 9 15 12 1 10 7 17 2 14 5 8 3 20 13 16 21 6 
it=22 T=0.995 best=746: 19 11 4 18 9 15 12 1 10 7 17 2 14 5 8 3 21 13 16 20 6 
it=28 T=0.995 best=650: 19 11 4 18 9 12 15 1 10 7 17 2 14 5 8 3 21 13 16 20 6 
it=29 T=0.995 best=605: 19 11 4 18 9 12 15 1 10 6 17 2 14 5 8 3 21 13 16 20 7 
it=31 T=0.995 best=569: 19 11 4 18 9 12 1 15 10 6 17 2 14 5 8 3 21 13 16 20 7 
it=33 T=0.995 best=461: 19 11 4 17 9 12 1 15 10 6 18 2 14 5 8 3 21 13 16 20 7 
it=36 T=0.995 best=400: 19 11 4 17 9 12 1 15 10 6 18 2 14 5 8 21 3 13 16 20 7 
it=39 T=0.995 best=309: 19 11 4 17 8 12 1 15 10 6 18 2 14 5 9 21 3 13 16 20 7 
it=45 T=0.995 best=305: 19 11 4 17 8 1 12 15 10 6 18 2 14 5 9 21 3 13 16 20 7 
it=64 T=0.995 best=280: 19 11 4 17 8 1 12 15 9 6 18 2 14 5 21 10 3 13 20 16 7 
it=68 T=0.995 best=270: 20 11 4 17 8 1 12 16 9 6 18 2 14 5 21 10 3 13 19 15 7 
it=100 T=0.995 best=256: 20 11 4 17 8 1 12 16 10 6 18 2 14 21 5 9 13 3 19 15 7 
it=102 T=0.995 best=232: 20 11 4 17 8 1 13 16 10 6 18 2 14 21 5 9 12 3 19 15 7 
it=103 T=0.995 best=229: 20 11 5 17 8 1 13 16 10 6 18 2 14 21 4 9 12 3 19 15 7 
it=104 T=0.995 best=217: 20 11 5 17 8 1 13 16 10 6 18 2 14 21 9 4 12 3 19 15 7 
it=112 T=0.995 best=215: 11 20 5 17 8 13 1 16 10 18 6 2 14 21 9 4 12 3 19 15 7 
it=115 T=0.995 best=198: 11 20 4 17 8 13 1 16 10 18 6 2 14 21 9 5 12 3 19 15 7 
it=127 T=0.995 best=194: 11 20 4 17 8 13 1 16 10 18 6 3 14 21 9 5 12 2 19 15 7 
it=134 T=0.995 best=163: 11 20 4 17 8 13 1 16 10 6 18 3 14 21 9 5 12 2 19 15 7 
it=150 T=0.995 best=156: 11 20 4 8 17 1 13 16 6 10 18 3 14 21 9 5 12 2 19 15 7 
it=154 T=0.995 best=148: 11 20 4 8 17 1 13 16 6 10 18 3 14 21 9 5 12 2 19 7 15 
it=157 T=0.995 best=139: 11 20 4 8 17 1 13 16 6 10 18 3 15 21 9 5 12 2 19 7 14 
it=163 T=0.995 best=134: 11 20 4 8 17 1 12 16 6 10 18 3 15 21 9 5 13 2 19 7 14 
it=173 T=0.995 best=133: 11 20 4 8 17 1 12 16 6 18 10 3 15 21 9 5 13 2 19 7 14 
it=184 T=0.995 best=123: 11 20 4 8 17 1 12 16 6 18 10 3 15 21 9 5 13 19 2 7 14 
it=188 T=0.995 best=116: 11 20 4 8 17 1 12 16 6 18 10 3 21 15 9 5 13 19 2 7 14 
it=231 T=0.995 best=114: 11 20 4 8 17 1 12 15 6 18 10 3 21 16 9 5 13 19 2 7 14 
it=288 T=0.995 best=100: 12 4 20 8 17 2 11 14 6 18 10 3 21 16 9 5 13 19 1 7 15 
it=299 T=0.995 best=92: 12 4 20 8 17 2 10 14 6 18 11 3 21 16 9 5 13 19 1 7 15 
it=312 T=0.995 best=88: 13 4 20 8 17 1 10 14 6 18 11 3 21 16 9 5 12 19 2 7 15 
it=338 T=0.995 best=87: 13 4 20 8 17 1 14 10 6 18 11 3 21 16 9 5 12 19 2 7 15 
it=472 T=0.995 best=81: 13 4 20 8 17 1 11 14 6 18 10 3 21 16 9 5 12 19 2 7 15 
it=517 T=0.995 best=79: 13 4 20 8 17 11 1 14 6 18 10 3 21 16 9 5 12 19 2 7 15 
it=642 T=0.995 best=78: 13 4 20 8 17 1 11 6 14 18 10 3 21 16 9 5 12 19 2 7 15 
it=1217 T=0.990 best=77: 13 4 20 8 17 11 1 14 6 18 3 10 21 16 9 5 12 19 2 7 15 
