start n=21 k=7 sym=0 missing=1785 seed=211
it=1 T=1.990 best=1599: 17 15 21 1 13 7 3 5 20 16 8 4 9 14 2 10 12 18 11 6 19 
it=3 T=1.990 best=1452: 15 17 21 1 13 7 3 5 20 16 8 4 9 14 2 10 12 18 11 6 19 
it=5 T=1.990 best=1446: 15 17 21 1 13 7 3 5 19 16 8 4 9 14 2 10 12 18 11 6 20 
it=7 T=1.990 best=1406: 15 17 21 1 13 7 3 6 19 16 8 4 9 14 2 10 12 18 11 5 20 
it=9 T=1.990 best=1395: 15 17 21 1 13 7 3 6 19 16 8 4 9 14 10 2 12 18 11 5 20 
it=11 T=1.990 best=1376: 15 17 21 1 13 7 3 6 19 16 8 4 9 14 10 2 12 18 11 20 5 
it=12 T=1.990 best=1332: 15 17 1 21 13 7 3 6 19 16 8 4 9 14 10 2 12 18 11 20 5 
it=14 T=1.990 best=1299: 15 17 2 21 13 7 3 6 19 16 8 4 9 14 10 1 12 18 11 20 5 
it=16 T=1.990 best=1209: 15 17 2 21 13 7 3 6 19 16 8 4 10 14 9 1 12 18 11 20 5 
it=19 T=1.990 best=1113: 15 17 2 21 13 7 3 6 19 16 9 4 10 14 8 1 12 18 11 20 5 
it=23 T=1.990 best=878: 15 17 2 21 13 7 3 6 19 9 16 4 10 14 8 1 12 18 11 20 5 
it=24 T=1.990 best=759: 15 17 3 21 13 7 2 6 19 9 16 4 10 14 8 1 12 18 11 20 5 
it=25 T=1.990 best=737: 15 17 3 21 12 7 2 6 19 9 16 4 10 14 8 1 13 18 11 20 5 
it=27 T=1.990 best=643: 15 3 17 21 12 7 2 6 19 9 16 4 10 14 8 1 13 18 11 20 5 
it=28 T=1.990 best=568: 15 3 17 21 12 8 2 6 19 9 16 4 10 14 7 1 13 18 11 20 5 
it=32 T=1.990 best=562: 15 3 17 21 12 8 1 6 19 9 16 4 10 14 7 2 13 18 11 20 5 
it=33 T=1.990 best=538: 15 3 17 21 12 8 1 6 19 9 16 4 10 14 7 13 2 18 11 20 5 
it=42 T=1.990 best=497: 15 3 17 21 12 8 1 6 19 9 16 4 11 14 7 13 2 18 10 20 5 
it=52 T=1.990 best=452: 14 3 17 21 12 8 1 6 19 9 16 4 11 15 7 13 2 18 10 20 5 
it=58 T=1.990 best=372: 14 3 17 21 12 8 1 6 19 9 15 4 11 16 7 13 2 18 20 10 5 
it=59 T=1.990 best=346: 13 3 17 21 12 8 1 6 19 9 15 4 11 16 7 14 2 18 20 10 5 
it=65 T=1.990 best=336: 13 3 17 21 12 8 1 6 19 9 15 4 11 16 7 14 2 18 10 20 5 
it=67 T=1.990 best=246: 13 3 17 21 8 12 1 6 19 9 15 4 11 16 7 14 2 18 10 20 5 
it=80 T=1.990 best=213: 13 3 17 21 8 12 1 6 20 9 15 4 10 16 7 14 2 19 11 18 5 
it=90 T=1.990 best=193: 13 3 17 21 8 12 1 6 20 9 15 4 10 16 7 14 2 19 11 5 18 
it=93 T=1.990 best=181: 13 3 17 21 8 12 2 6 19 9 15 4 10 16 7 14 1 20 11 5 18 
it=118 T=1.990 best=180: 13 3 17 21 8 12 6 2 19 9 15 4 10 16 7 14 1 20 11 5 18 
it=119 T=1.990 best=156: 13 3 17 8 21 12 6 2 19 9 15 4 10 16 7 14 1 20 11 5 18 
it=123 T=1.990 best=149: 12 3 17 8 21 13 6 2 19 9 15 4 10 16 7 14 1 20 11 5 18 
it=125 T=1.990 best=138: 12 3 17 8 21 13 6 2 19 9 15 4 11 16 7 14 1 20 10 5 18 
it=127 T=1.990 best=132: 12 3 17 8 21 13 6 2 9 19 15 4 11 16 7 14 1 20 10 5 18 
it=136 T=1.990 best=129: 12 3 8 17 21 13 6 2 9 19 15 4 11 16 7 14 1 20 10 5 18 
it=138 T=1.990 best=127: 12 3 8 17 21 13 6 2 9 19 15 4 11 16 7 14 1 20 5 10 18 
it=145 T=1.990 best=122: 13 3 8 17 21 12 6 2 9 19 15 4 11 16 7 14 1 20 5 10 18 
it=156 T=1.990 best=118: 13 3 8 18 21 12 6 2 9 19 15 4 11 16 7 14 1 20 5 10 17 
it=159 T=1.990 best=114: 13 3 8 18 21 12 6 2 9 19 15 4 11 17 7 14 1 20 5 10 16 
it=162 T=1.990 best=100: 13 3 8 17 21 12 6 2 9 19 15 4 11 18 7 14 1 20 5 10 16 
it=165 T=1.990 best=96: 13 3 8 17 21 12 6 2 9 19 15 4 11 18 7 14 1 20 10 5 16 
it=182 T=1.990 best=87: 13 3 8 17 21 12 6 2 9 15 19 4 11 18 7 14 1 20 10 5 16 
it=183 T=1.990 best=86: 14 3 8 17 21 12 6 2 9 15 19 4 11 18 7 13 1 20 10 5 16 
it=276 T=1.990 best=82: 13 3 8 17 21 12 6 2 9 15 20 4 18 11 7 14 1 19 10 5 16 
it=352 T=1.990 best=79: 13 3 8 17 21 12 6 2 19 9 14 18 4 11 7 16 1 20 10 5 15 
it=368 T=1.990 best=74: 13 3 8 17 21 12 6 1 19 9 14 4 18 10 7 16 2 20 11 5 15 
it=413 T=1.990 best=70: 13 3 8 17 21 12 6 19 1 9 14 4 18 10 7 16 2 20 11 5 15 
it=935 T=1.990 best=66: 13 3 21 8 17 12 6 19 1 9 14 4 18 10 7 16 2 20 11 5 15 
it=3760 T=1.960 best=64: 13 3 21 8 17 12 6 19 2 9 14 5 18 11 16 1 7 20 10 4 15 
it=3784 T=1.960 best=62: 13 3 21 8 17 12 6 19 1 9 14 5 18 11 16 2 7 20 10 4 15 
it=4074 T=1.960 best=61: 13 3 21 8 17 12 6 19 1 9 14 5 18 11 2 16 7 20 10 4 15 
