start n=22 k=7 sym=0 missing=1631 seed=222
it=0 T=1.000 best=1496: 11 22 12 8 18 5 4 2 19 16 15 3 7 14 21 20 6 10 1 17 13 9 
it=1 T=0.995 best=1397: 11 22 12 8 18 5 4 2 19 16 15 7 3 14 21 20 6 10 1 17 13 9 
it=2 T=0.995 best=1197: 11 22 12 8 18 5 4 2 19 15 16 7 3 14 21 20 6 10 1 17 13 9 
it=6 T=0.995 best=1179: 11 22 12 8 18 5 4 2 19 15 16 7 3 13 21 20 6 10 1 17 14 9 
it=7 T=0.995 best=1045: 11 22 12 8 18 5 4 2 20 15 16 7 3 13 21 19 6 10 1 17 14 9 
it=8 T=0.995 best=1027: 11 22 12 7 18 5 4 2 20 15 16 8 3 13 21 19 6 10 1 17 14 9 
it=9 T=0.995 best=893: 11 21 12 7 18 5 4 2 20 15 16 8 3 13 22 19 6 10 1 17 14 9 
it=12 T=0.995 best=752: 11 21 12 7 18 4 5 2 20 15 16 8 3 13 22 19 6 10 1 17 14 9 
it=14 T=0.995 best=556: 11 21 12 7 18 4 5 2 15 20 16 8 3 13 22 19 6 10 1 17 14 9 
it=16 T=0.995 best=511: 11 21 12 7 18 4 5 2 15 20 16 8 3 13 22 19 6 10 1 17 9 14 
it=21 T=0.995 best=510: 11 21 12 7 18 4 5 2 15 20 16 8 3 14 22 19 6 10 1 17 9 13 
it=23 T=0.995 best=438: 10 21 12 7 18 4 5 2 15 20 16 8 3 14 22 19 6 11 1 17 9 13 
it=29 T=0.995 best=418: 10 21 12 7 18 4 5 2 14 20 16 8 3 15 22 19 6 11 1 17 9 13 
it=30 T=0.995 best=324: 10 21 12 7 18 4 2 5 14 20 16 8 3 15 22 19 6 11 1 17 9 13 
it=33 T=0.995 best=305: 10 21 12 7 18 4 2 14 5 20 16 8 3 15 22 19 6 11 1 17 9 13 
it=42 T=0.995 best=286: 10 21 12 7 18 4 2 14 5 20 8 16 3 15 22 19 6 11 1 17 9 13 
it=44 T=0.995 best=284: 10 20 12 7 18 4 2 14 5 21 8 16 3 15 22 19 6 11 1 17 9 13 
it=50 T=0.995 best=272: 10 20 12 7 18 4 2 14 5 21 8 16 3 15 19 22 6 11 1 17 9 13 
it=51 T=0.995 best=252: 10 20 12 7 4 18 2 14 5 21 8 16 3 15 19 22 6 11 1 17 9 13 
it=54 T=0.995 best=180: 10 20 12 7 4 18 1 14 5 21 8 16 3 15 19 22 6 11 2 17 9 13 
it=56 T=0.995 best=169: 10 20 12 7 4 18 1 13 5 21 8 16 3 15 19 22 6 11 2 17 9 14 
it=58 T=0.995 best=148: 10 20 12 4 7 18 1 13 5 21 8 16 3 15 19 22 6 11 2 17 9 14 
it=63 T=0.995 best=135: 10 20 12 4 18 7 1 13 5 21 8 16 3 15 19 22 6 11 2 17 9 14 
it=70 T=0.995 best=133: 10 20 12 4 18 8 1 13 5 21 7 16 3 14 19 22 6 11 2 17 9 15 
it=74 T=0.995 best=117: 10 20 12 4 18 8 1 13 5 21 7 16 3 19 14 22 6 11 2 17 9 15 
it=81 T=0.995 best=115: 10 20 12 4 8 18 1 13 21 5 7 16 3 19 15 22 6 11 2 17 9 14 
it=84 T=0.995 best=84: 10 20 12 4 8 18 1 13 21 5 7 16 3 19 15 6 22 11 2 17 9 14 
it=91 T=0.995 best=75: 10 20 12 4 9 18 1 13 21 5 7 16 3 19 15 6 22 11 2 17 8 14 
it=108 T=0.995 best=71: 10 20 12 4 18 9 1 13 21 5 7 16 3 19 15 6 22 11 2 17 8 14 
it=111 T=0.995 best=62: 10 20 12 4 18 9 1 13 21 5 8 16 3 19 15 6 22 11 2 17 7 14 
it=115 T=0.995 best=60: 9 20 12 4 18 10 1 13 21 5 8 16 3 19 15 6 22 11 2 17 7 14 
it=137 T=0.995 best=59: 8 20 4 12 17 10 1 13 21 5 9 16 3 19 15 6 22 11 2 18 7 14 
it=145 T=0.995 best=58: 8 20 4 12 17 10 1 21 13 5 9 16 3 19 15 6 22 11 2 18 7 14 
it=169 T=0.995 best=56: 8 20 4 12 17 10 1 21 13 5 16 9 3 18 15 6 22 11 2 19 7 14 
it=196 T=0.995 best=55: 8 20 4 12 17 10 1 21 5 13 16 9 3 18 15 6 22 11 2 19 7 14 
it=198 T=0.995 best=54: 9 20 4 12 17 10 1 21 5 13 16 8 3 18 15 6 22 11 2 19 7 14 
it=201 T=0.995 best=48: 10 20 4 12 17 9 1 21 5 13 16 8 3 18 15 6 22 11 2 19 7 14 
it=205 T=0.995 best=40: 10 20 4 13 17 9 1 21 5 12 16 8 3 18 15 6 22 11 2 19 7 14 
it=348 T=0.995 best=37: 10 20 4 13 17 9 1 21 5 11 16 8 18 3 14 6 22 12 2 19 15 7 
it=430 T=0.995 best=34: 10 20 4 13 17 9 1 5 21 11 16 8 18 3 14 6 22 12 2 15 19 7 
it=899 T=0.995 best=30: 10 20 4 13 17 9 1 5 22 11 16 8 18 3 14 6 21 12 2 15 19 7 
it=943 T=0.995 best=25: 10 20 4 14 9 17 1 5 22 11 16 8 18 3 13 6 21 12 2 15 19 7 
it=2063 T=0.985 best=23: 11 20 4 16 9 18 1 5 12 22 15 8 3 14 19 6 10 21 2 13 17 7 
it=2070 T=0.985 best=22: 11 20 4 16 9 1 18 5 12 22 15 8 3 14 19 6 10 21 2 13 17 7 
it=2162 T=0.985 best=20: 11 20 4 16 9 1 18 5 12 22 15 8 3 19 14 6 10 21 2 13 17 7 
it=2359 T=0.985 best=18: 11 20 4 15 9 1 18 5 12 22 16 8 3 19 14 6 10 21 13 2 7 17 
it=2602 T=0.985 best=17: 11 20 4 16 9 1 18 5 12 22 15 8 3 19 14 6 10 21 13 2 7 17 
it=200000 T=0.374 cur=18 (s18) best=17
it=400000 T=0.300 cur=18 (s18) best=17
