start n=24 k=7 sym=0 missing=405 seed=103
it=6 T=1.990 best=373: 13 10 12 19 23 16 1 8 17 4 15 21 6 9 2 22 7 5 24 11 3 20 18 14 
it=7 T=1.990 best=359: 14 10 12 19 23 16 1 8 17 4 15 21 6 9 2 22 7 5 24 11 3 20 18 13 
it=8 T=1.990 best=357: 14 10 12 19 23 16 1 8 17 4 15 21 6 9 2 22 7 5 11 24 3 20 18 13 
it=15 T=1.990 best=313: 14 10 19 12 23 16 1 8 17 4 15 21 6 9 2 22 7 5 11 24 3 20 18 13 
it=17 T=1.990 best=249: 14 10 19 12 23 16 1 8 18 4 15 21 6 9 2 22 7 5 11 24 3 20 17 13 
it=18 T=1.990 best=242: 14 10 18 12 23 16 1 8 19 4 15 21 6 9 2 22 7 5 11 24 3 20 17 13 
it=21 T=1.990 best=235: 14 10 18 12 23 16 1 8 19 4 15 21 6 9 2 22 7 11 5 24 3 20 17 13 
it=24 T=1.990 best=218: 14 10 18 12 23 16 1 8 19 4 15 6 21 9 2 22 7 11 5 24 3 20 17 13 
it=25 T=1.990 best=204: 14 10 18 12 23 16 1 8 19 4 15 6 21 9 2 22 7 11 5 24 3 20 13 17 
it=26 T=1.990 best=182: 14 10 18 12 23 1 16 8 19 4 15 6 21 9 2 22 7 11 5 24 3 20 13 17 
it=27 T=1.990 best=172: 14 10 18 12 23 2 16 8 19 4 15 6 21 9 1 22 7 11 5 24 3 20 13 17 
it=29 T=1.990 best=129: 14 10 18 12 23 2 16 8 19 4 15 6 21 9 1 22 7 11 5 24 20 3 13 17 
it=52 T=1.990 best=127: 14 10 18 12 23 2 16 8 19 4 15 6 21 9 1 22 7 11 24 5 20 3 13 17 
it=54 T=1.990 best=122: 14 10 18 12 23 2 16 8 20 4 15 6 21 9 1 22 7 11 24 5 19 3 13 17 
it=55 T=1.990 best=63: 14 10 18 12 23 2 16 8 20 4 15 6 22 9 1 21 7 11 24 5 19 3 13 17 
it=59 T=1.990 best=55: 14 10 18 23 12 2 16 8 20 4 15 6 22 9 1 21 7 11 24 5 19 3 13 17 
it=60 T=1.990 best=48: 14 10 18 23 12 2 16 8 20 4 15 6 22 9 1 21 7 11 24 5 19 13 3 17 
it=62 T=1.990 best=35: 14 10 18 23 2 12 16 8 20 4 15 6 22 9 1 21 7 11 24 5 19 13 3 17 
it=79 T=1.990 best=30: 14 10 18 2 23 12 16 7 20 4 15 5 22 9 1 21 8 11 6 24 19 13 3 17 
it=80 T=1.990 best=24: 14 10 18 2 23 12 16 7 20 4 15 5 22 9 1 21 8 11 24 6 19 13 3 17 
it=83 T=1.990 best=20: 14 10 18 2 23 12 16 7 20 4 15 5 22 9 1 21 8 11 24 19 6 13 3 17 
it=99 T=1.990 best=17: 10 14 19 2 23 12 17 7 20 4 15 5 22 9 1 21 8 11 24 18 6 13 3 16 
it=100 T=1.990 best=15: 9 14 19 2 23 12 17 7 20 4 15 5 22 10 1 21 8 11 24 18 6 13 3 16 
it=117 T=1.990 best=14: 9 14 20 2 12 24 17 7 19 4 15 5 22 10 1 21 8 11 18 23 6 13 3 16 
it=132 T=1.990 best=13: 9 14 20 2 12 24 17 7 19 4 16 5 22 10 1 21 8 18 11 23 6 13 3 15 
it=140 T=1.990 best=11: 9 14 20 2 12 24 17 7 19 4 16 5 22 11 1 21 8 18 10 23 6 13 3 15 
it=141 T=1.990 best=10: 9 14 20 2 12 24 17 7 19 4 15 5 22 11 1 21 8 18 10 23 6 13 3 16 
it=198 T=1.990 best=6: 8 13 21 2 23 10 16 7 4 19 15 5 22 12 1 9 18 11 24 20 6 14 3 17 
it=201 T=1.990 best=5: 8 13 20 2 23 10 16 7 4 19 15 5 22 12 1 9 18 11 24 21 6 14 3 17 
it=591 T=1.990 best=4: 18 5 13 23 10 3 14 19 4 9 22 17 12 24 8 1 15 21 6 11 2 16 20 7 
it=669 T=1.990 best=3: 17 6 12 24 1 8 15 19 10 5 22 18 13 23 2 7 14 4 21 11 16 3 20 9 
it=679 T=1.990 best=1: 17 7 12 24 1 6 15 19 10 5 23 18 13 21 2 8 14 4 22 11 16 3 20 9 
it=4080 T=1.960 best=0: 5 19 12 16 8 23 3 10 15 13 4 21 24 1 18 9 14 6 22 11 2 17 7 20 
