start n=23 k=7 sym=0 missing=603 seed=233
it=0 T=2.000 best=541: 14 6 22 23 7 9 16 13 3 10 15 5 19 8 2 18 1 12 21 17 20 4 11 
it=1 T=1.990 best=531: 14 6 22 23 7 9 16 3 13 10 15 5 19 8 2 18 1 12 21 17 20 4 11 
it=2 T=1.990 best=520: 14 6 22 23 7 9 16 3 13 11 15 5 19 8 2 18 1 12 21 17 20 4 10 
it=4 T=1.990 best=473: 14 6 22 23 9 7 16 3 13 11 15 5 19 8 2 18 1 12 21 17 20 4 10 
it=12 T=1.990 best=462: 6 14 22 23 9 7 16 3 13 10 15 5 19 8 2 18 1 12 21 17 20 4 11 
it=13 T=1.990 best=461: 6 14 22 23 9 7 16 3 13 10 15 19 5 8 2 18 1 12 21 17 20 4 11 
it=18 T=1.990 best=364: 6 14 22 9 23 7 16 3 13 10 15 19 5 8 2 18 1 12 21 17 20 4 11 
it=20 T=1.990 best=264: 6 14 22 9 23 7 17 3 13 10 15 19 5 8 2 18 1 12 21 16 20 4 11 
it=22 T=1.990 best=245: 6 14 22 9 23 7 17 3 13 10 15 19 5 2 8 18 1 12 21 16 20 4 11 
it=30 T=1.990 best=176: 6 14 21 9 23 7 17 3 13 10 15 19 5 2 8 18 1 12 22 16 20 4 11 
it=31 T=1.990 best=121: 6 14 21 9 23 7 17 3 13 10 19 15 5 2 8 18 1 12 22 16 20 4 11 
it=36 T=1.990 best=96: 6 14 21 9 23 7 17 3 13 10 19 15 5 2 18 8 1 12 22 16 20 4 11 
it=37 T=1.990 best=94: 6 14 21 9 23 7 17 3 13 10 19 15 2 5 18 8 1 12 22 16 20 4 11 
it=40 T=1.990 best=89: 6 14 20 9 23 7 17 3 13 19 10 15 2 5 18 8 1 12 22 16 21 4 11 
it=41 T=1.990 best=82: 6 14 20 9 23 7 17 3 12 19 10 15 2 5 18 8 1 13 22 16 21 4 11 
it=47 T=1.990 best=73: 6 14 20 9 23 17 7 3 12 19 10 15 1 5 18 8 2 13 22 16 21 11 4 
it=48 T=1.990 best=60: 6 14 20 9 23 17 7 3 12 19 10 15 1 5 18 8 2 13 22 16 11 21 4 
it=53 T=1.990 best=56: 5 14 20 9 23 17 7 2 12 19 10 15 1 6 18 8 3 13 22 16 11 21 4 
it=58 T=1.990 best=42: 5 14 19 9 23 17 7 2 12 20 10 15 1 6 18 8 3 13 22 16 11 21 4 
it=61 T=1.990 best=39: 5 14 19 9 23 17 7 2 12 20 10 15 1 6 18 8 3 22 13 16 11 21 4 
it=65 T=1.990 best=38: 5 14 19 9 23 17 7 2 12 21 10 15 1 6 18 8 3 22 13 16 11 20 4 
it=68 T=1.990 best=34: 5 14 19 9 23 17 7 2 12 21 10 15 1 6 18 8 3 13 22 16 11 20 4 
it=69 T=1.990 best=30: 5 14 19 10 23 17 7 2 12 21 9 15 1 6 18 8 3 13 22 16 11 20 4 
it=79 T=1.990 best=29: 4 14 10 19 23 17 7 2 12 21 9 15 1 6 18 8 3 13 22 16 11 20 5 
it=86 T=1.990 best=25: 4 14 10 19 23 17 7 2 12 21 9 15 1 6 18 8 13 3 22 16 11 20 5 
it=128 T=1.990 best=17: 14 4 10 19 23 17 8 2 12 21 15 9 1 5 18 7 13 22 3 16 20 11 6 
it=172 T=1.990 best=16: 14 4 10 19 23 17 8 1 12 21 15 9 2 18 5 7 13 22 3 16 20 11 6 
it=176 T=1.990 best=13: 14 4 10 19 23 17 7 1 12 21 15 9 2 18 5 8 13 22 3 16 20 11 6 
it=277 T=1.990 best=12: 15 4 10 18 23 7 17 1 11 21 3 14 9 19 5 12 8 22 2 16 20 6 13 
it=415 T=1.990 best=11: 5 19 15 10 22 7 2 11 17 21 14 3 9 6 18 23 12 1 16 8 20 4 13 
it=418 T=1.990 best=10: 5 19 15 10 21 7 2 11 17 22 14 3 9 6 18 23 12 1 16 8 20 4 13 
it=419 T=1.990 best=9: 5 19 15 10 21 7 2 11 22 17 14 3 9 6 18 23 12 1 16 8 20 4 13 
it=424 T=1.990 best=8: 4 19 15 10 21 7 2 11 22 17 14 3 9 6 18 12 23 1 16 8 20 5 13 
it=713 T=1.990 best=7: 18 3 10 15 5 22 12 1 19 14 21 8 4 17 7 11 23 16 2 9 13 20 6 
it=778 T=1.990 best=6: 18 3 10 15 5 23 12 2 19 7 14 20 4 17 11 8 22 16 1 9 13 6 21 
it=2984 T=1.970 best=5: 12 3 22 8 16 20 10 2 17 7 15 23 4 11 19 13 6 1 9 18 21 14 5 
it=5389 T=1.941 best=2: 12 3 20 8 14 4 18 23 16 11 1 6 17 21 10 5 13 19 7 2 22 15 9 
it=43022 T=1.612 best=1: 11 19 3 7 14 23 18 6 15 1 9 20 4 13 22 17 10 5 2 12 16 21 8 
