start n=22 k=7 sym=0 missing=947 seed=223
it=2 T=1.990 best=853: 20 10 7 2 8 21 17 11 4 5 9 22 15 14 6 16 12 1 19 3 13 18 
it=4 T=1.990 best=805: 20 10 7 2 8 21 17 11 4 9 5 22 15 14 6 16 12 1 19 3 13 18 
it=5 T=1.990 best=786: 20 10 7 2 8 21 16 11 4 9 5 22 15 14 6 17 12 1 19 3 13 18 
it=6 T=1.990 best=554: 20 10 7 2 8 21 16 11 3 9 5 22 15 14 6 17 12 1 19 4 13 18 
it=9 T=1.990 best=530: 20 10 7 3 8 21 16 11 2 9 5 22 15 14 6 17 12 1 19 4 13 18 
it=14 T=1.990 best=476: 20 10 7 3 8 21 16 12 2 9 5 22 15 14 6 17 11 1 19 4 13 18 
it=15 T=1.990 best=455: 20 10 7 3 8 21 16 13 2 9 5 22 15 14 6 17 11 1 19 4 12 18 
it=20 T=1.990 best=446: 20 10 7 3 8 21 16 13 2 9 5 22 15 14 6 18 11 1 19 4 12 17 
it=21 T=1.990 best=421: 20 10 7 3 8 21 16 13 2 9 22 5 15 14 6 18 11 1 19 4 12 17 
it=22 T=1.990 best=338: 19 10 7 3 8 21 16 13 2 9 22 5 15 14 6 18 11 1 20 4 12 17 
it=23 T=1.990 best=284: 19 11 7 3 8 21 16 13 2 9 22 5 15 14 6 18 10 1 20 4 12 17 
it=28 T=1.990 best=241: 19 11 7 3 8 21 15 13 2 9 22 5 16 14 6 18 10 1 20 4 12 17 
it=31 T=1.990 best=238: 19 11 6 3 8 21 15 13 2 9 22 5 16 14 7 18 10 1 20 4 12 17 
it=34 T=1.990 best=218: 11 19 6 3 8 21 15 13 2 9 22 5 16 14 7 18 10 1 20 4 12 17 
it=45 T=1.990 best=164: 11 19 6 3 21 8 15 13 2 9 22 4 16 14 7 18 10 1 20 5 12 17 
it=46 T=1.990 best=160: 11 19 6 3 20 8 15 13 2 9 22 4 16 14 7 18 10 1 21 5 12 17 
it=53 T=1.990 best=143: 19 11 6 3 20 8 15 13 2 9 22 4 16 14 7 18 10 1 21 5 12 17 
it=58 T=1.990 best=138: 19 11 6 3 20 15 8 14 2 9 22 4 16 13 7 18 10 1 21 5 12 17 
it=59 T=1.990 best=100: 19 11 6 3 15 20 8 14 2 9 22 4 16 13 7 18 10 1 21 5 12 17 
it=62 T=1.990 best=97: 18 11 6 3 15 20 8 14 2 9 22 4 16 13 7 19 10 1 21 5 17 12 
it=70 T=1.990 best=90: 18 11 6 3 15 20 8 14 2 9 22 4 16 13 7 19 1 10 21 5 17 12 
it=80 T=1.990 best=66: 18 6 11 3 15 20 8 14 2 9 22 4 16 13 7 19 1 10 21 5 17 12 
it=89 T=1.990 best=62: 18 6 11 3 15 20 8 14 2 9 22 4 16 13 19 7 1 10 21 5 17 12 
it=90 T=1.990 best=61: 18 6 11 3 15 20 8 14 2 9 21 4 16 13 19 7 1 10 22 5 17 12 
it=201 T=1.990 best=55: 6 18 11 3 15 20 8 14 2 9 21 4 16 13 19 7 1 22 10 5 17 12 
it=226 T=1.990 best=47: 6 18 11 3 15 20 8 14 2 9 21 4 16 13 19 7 1 10 22 17 5 12 
it=405 T=1.990 best=42: 6 19 11 3 15 8 20 14 2 9 4 21 16 13 18 7 1 10 22 17 5 12 
it=416 T=1.990 best=40: 7 19 11 3 15 8 20 14 2 9 4 21 16 13 18 6 1 10 22 17 5 12 
it=1261 T=1.980 best=31: 6 19 11 3 16 7 20 14 2 10 4 17 22 13 8 18 1 12 21 9 5 15 
it=1267 T=1.980 best=30: 6 19 11 3 16 7 20 14 2 10 4 17 22 12 8 18 1 13 21 9 5 15 
it=2138 T=1.970 best=29: 20 6 12 2 17 8 14 21 11 5 1 15 19 7 10 18 3 22 13 9 16 4 
it=2141 T=1.970 best=27: 6 20 12 2 17 8 14 21 11 5 1 15 19 7 10 18 3 22 13 9 16 4 
it=2155 T=1.970 best=26: 6 20 12 2 17 8 14 21 11 5 15 1 19 7 10 18 3 22 13 9 16 4 
it=2175 T=1.970 best=23: 6 20 12 2 17 8 14 21 11 5 15 1 19 7 10 18 3 13 22 9 16 4 
it=3219 T=1.960 best=22: 6 20 12 8 1 17 14 22 4 10 15 7 19 2 18 11 5 13 21 9 3 16 
it=3366 T=1.960 best=21: 6 19 12 8 1 17 22 13 4 10 15 7 20 2 11 18 14 5 21 9 3 16 
it=3422 T=1.960 best=18: 6 19 12 8 1 17 22 14 4 10 15 7 20 2 11 18 13 5 21 9 3 16 
it=4653 T=1.950 best=15: 6 19 12 8 1 17 22 14 4 11 7 15 21 2 9 18 13 5 20 10 3 16 
it=4888 T=1.950 best=13: 6 19 12 7 1 17 22 14 11 4 8 15 21 2 9 18 13 5 20 10 3 16 
it=9914 T=1.902 best=12: 7 19 12 2 5 17 22 14 11 4 8 15 21 1 9 18 13 6 20 10 3 16 
it=9930 T=1.902 best=8: 7 19 12 2 17 5 22 14 11 4 8 15 21 1 9 18 13 6 20 10 3 16 
it=200000 T=0.749 cur=17 (s16) best=8
it=400000 T=0.300 cur=14 (s21) best=8
