start n=24 k=7 sym=2 missing=1238 seed=107
it=2 T=1.990 best=1188: 4 22 3 1 13 11 17 23 19 10 6 21 5 20 24 16 7 18 9 14 12 2 8 15 
it=3 T=1.990 best=562: 5 22 3 13 1 11 17 23 19 10 6 21 4 20 24 16 7 18 9 14 12 2 8 15 
it=7 T=1.990 best=533: 5 21 3 13 1 11 17 23 19 10 6 22 4 20 24 16 7 18 9 14 2 12 8 15 
it=12 T=1.990 best=451: 5 21 13 4 1 11 17 23 19 10 6 22 3 20 24 16 7 18 9 14 2 12 8 15 
it=16 T=1.990 best=190: 5 21 13 4 1 10 17 23 19 6 11 22 3 20 24 16 7 18 9 14 2 12 8 15 
it=17 T=1.990 best=142: 5 21 13 4 1 10 17 23 18 6 11 22 3 20 24 16 7 9 19 14 2 12 8 15 
it=18 T=1.990 best=132: 5 21 13 4 1 9 17 23 6 18 11 22 3 20 24 16 7 10 19 14 2 12 8 15 
it=20 T=1.990 best=102: 6 21 13 4 9 1 17 23 5 18 11 22 3 20 24 16 7 10 19 14 2 12 8 15 
it=21 T=1.990 best=76: 6 21 13 4 9 1 17 23 5 18 11 22 3 20 15 24 7 10 19 14 2 12 8 16 
it=22 T=1.990 best=74: 6 21 14 4 9 1 17 23 5 18 11 22 20 3 15 24 7 10 19 13 2 12 8 16 
it=24 T=1.990 best=70: 6 21 14 4 10 1 17 23 18 5 11 22 20 3 15 24 7 9 19 13 2 12 8 16 
it=43 T=1.990 best=43: 6 21 14 4 10 1 16 23 18 5 11 22 20 3 15 7 24 9 19 13 2 12 8 17 
it=56 T=1.990 best=33: 6 21 13 4 10 1 16 23 18 5 11 22 3 19 15 7 24 9 14 20 2 12 8 17 
it=57 T=1.990 best=31: 6 21 13 4 9 1 16 23 5 18 11 22 3 19 15 7 24 10 14 20 2 12 8 17 
it=59 T=1.990 best=29: 6 21 13 4 9 1 16 23 5 17 11 22 3 19 15 7 10 24 14 20 2 12 8 18 
it=82 T=1.990 best=27: 7 21 12 4 9 16 1 23 5 18 11 3 22 19 15 6 24 10 14 20 2 13 8 17 
it=115 T=1.990 best=26: 8 20 13 4 17 9 23 1 6 18 11 22 3 19 15 24 5 10 14 2 21 12 7 16 
it=140 T=1.990 best=25: 8 20 3 12 16 9 23 1 6 18 11 4 21 19 15 5 24 10 14 2 13 22 7 17 
it=141 T=1.990 best=23: 8 20 3 12 16 9 23 1 6 18 11 4 22 19 15 5 24 10 14 2 21 13 7 17 
it=153 T=1.990 best=22: 8 20 11 4 16 9 23 1 6 18 3 12 22 19 15 5 24 10 14 2 21 13 7 17 
it=158 T=1.990 best=21: 8 20 11 4 16 10 23 1 18 6 3 22 13 19 15 5 24 9 14 2 21 12 7 17 
it=180 T=1.990 best=17: 7 20 12 4 16 23 1 10 18 8 22 3 13 19 15 5 24 9 14 2 21 11 6 17 
it=186 T=1.990 best=16: 7 20 11 4 16 23 1 10 18 8 3 22 13 19 15 5 24 9 14 2 21 12 6 17 
it=223 T=1.990 best=14: 20 7 11 4 15 23 2 10 18 8 3 22 13 19 5 16 24 9 14 1 21 12 6 17 
it=345 T=1.990 best=12: 7 20 12 4 15 23 1 10 17 8 22 3 13 19 5 16 9 24 14 2 21 11 6 18 
it=353 T=1.990 best=11: 20 7 12 4 15 23 2 10 17 8 22 3 13 19 5 16 9 24 14 1 21 11 6 18 
it=672 T=1.990 best=7: 19 7 12 4 15 24 2 10 17 8 22 3 13 20 5 16 9 21 1 14 18 11 23 6 
it=924 T=1.990 best=6: 6 12 19 15 5 1 24 11 17 23 8 2 13 21 4 16 9 20 3 18 14 22 10 7 
it=1103 T=1.980 best=4: 7 12 19 15 5 24 1 11 17 23 8 2 13 21 4 16 9 20 3 18 14 22 10 6 
it=1239 T=1.980 best=3: 6 12 19 4 24 1 15 11 17 23 8 2 13 21 7 16 9 20 3 18 14 22 10 5 
it=5009 T=1.950 best=2: 5 22 11 17 1 14 7 18 24 10 3 12 21 6 16 15 4 8 19 23 13 2 20 9 
it=13176 T=1.874 best=1: 9 20 3 14 5 18 24 12 1 10 16 8 22 4 17 11 15 6 19 2 23 13 21 7 
it=14152 T=1.864 best=0: 9 20 3 13 5 18 24 11 1 15 8 22 4 17 10 16 14 6 19 2 23 12 21 7 
