start n=24 k=7 sym=0 missing=1048 seed=104
it=1 T=0.995 best=975: 23 17 10 16 24 14 20 2 4 5 9 12 3 13 18 11 19 15 22 1 6 21 8 7 
it=4 T=0.995 best=942: 23 17 10 16 24 14 20 2 4 5 9 12 13 3 18 11 19 15 22 1 6 21 8 7 
it=5 T=0.995 best=690: 23 17 10 16 24 14 2 20 4 5 9 12 13 3 18 11 19 15 22 1 6 21 8 7 
it=6 T=0.995 best=617: 23 17 10 16 24 13 2 20 4 5 9 12 14 3 18 11 19 15 22 1 6 21 8 7 
it=7 T=0.995 best=507: 23 17 10 16 24 2 13 20 4 5 9 12 14 3 18 11 19 15 22 1 6 21 8 7 
it=10 T=0.995 best=448: 23 17 10 16 24 2 13 20 4 9 5 12 14 3 18 11 19 15 22 1 6 21 8 7 
it=12 T=0.995 best=343: 23 17 10 16 24 2 13 20 4 8 5 12 14 3 18 11 19 15 22 1 6 21 9 7 
it=18 T=0.995 best=278: 23 17 10 15 24 2 13 4 20 8 5 12 14 3 18 11 19 16 22 1 6 21 9 7 
it=21 T=0.995 best=271: 23 17 10 15 24 2 13 4 20 8 5 12 14 18 3 11 19 16 22 1 6 21 9 7 
it=25 T=0.995 best=230: 23 17 10 15 24 2 13 4 20 8 5 12 18 14 3 11 19 16 22 1 6 21 9 7 
it=26 T=0.995 best=225: 23 17 10 15 24 2 12 4 20 8 5 13 18 14 3 11 19 16 22 1 6 21 9 7 
it=27 T=0.995 best=206: 17 23 10 15 24 2 12 4 20 8 5 13 18 14 3 11 19 16 22 1 6 21 9 7 
it=35 T=0.995 best=196: 17 23 10 15 24 2 12 4 20 8 5 13 18 14 3 11 19 16 22 6 1 21 9 7 
it=39 T=0.995 best=157: 17 10 23 15 24 2 12 4 20 8 5 13 18 14 3 11 19 16 22 6 1 21 9 7 
it=50 T=0.995 best=151: 17 10 23 15 24 1 12 4 20 8 5 13 18 14 3 11 19 16 22 6 2 21 9 7 
it=51 T=0.995 best=138: 17 10 23 15 24 1 12 4 20 8 5 13 18 14 3 19 11 16 22 6 2 21 9 7 
it=52 T=0.995 best=111: 17 10 22 15 24 1 12 4 20 8 5 13 18 14 3 19 11 16 23 6 2 21 9 7 
it=54 T=0.995 best=95: 17 10 22 15 1 24 12 4 20 8 5 13 18 14 3 19 11 16 23 6 2 21 9 7 
it=55 T=0.995 best=89: 17 10 22 15 1 12 24 4 20 8 5 13 18 14 3 19 11 16 23 6 2 21 9 7 
it=64 T=0.995 best=67: 17 10 22 15 1 12 24 4 20 8 5 13 18 14 3 19 11 23 16 6 2 21 9 7 
it=65 T=0.995 best=60: 17 10 22 15 1 12 24 4 19 8 5 13 18 14 3 20 11 23 16 6 2 21 9 7 
it=71 T=0.995 best=54: 17 10 22 15 1 12 24 4 8 19 5 13 18 14 3 20 11 23 16 6 2 21 9 7 
it=85 T=0.995 best=35: 17 9 15 22 1 12 24 4 8 19 5 13 18 14 3 20 11 23 6 16 2 10 21 7 
it=104 T=0.995 best=31: 17 9 15 1 22 12 24 3 8 19 5 13 18 14 4 20 11 23 2 6 16 10 21 7 
it=115 T=0.995 best=29: 17 9 15 1 22 12 24 8 3 19 5 13 18 14 4 20 11 23 2 6 16 21 10 7 
it=116 T=0.995 best=27: 18 9 15 1 22 12 24 8 3 19 5 13 17 14 4 20 11 23 2 6 16 21 10 7 
it=117 T=0.995 best=23: 18 8 15 1 22 12 24 9 3 19 5 13 17 14 4 20 11 23 2 6 16 21 10 7 
it=124 T=0.995 best=22: 17 8 15 1 22 12 24 9 3 19 5 13 18 4 14 20 11 23 2 6 16 21 10 7 
it=130 T=0.995 best=20: 17 8 15 1 22 12 24 9 3 19 5 13 18 4 14 20 10 23 2 6 16 21 11 7 
it=133 T=0.995 best=15: 17 8 15 1 21 12 24 9 3 19 5 13 18 4 14 20 10 23 2 6 16 22 11 7 
it=148 T=0.995 best=11: 17 8 15 1 20 12 24 9 3 19 5 13 18 4 21 14 10 23 2 16 6 22 11 7 
it=153 T=0.995 best=8: 17 8 15 1 20 12 24 9 3 19 5 13 18 4 21 14 10 23 2 16 7 22 11 6 
it=167 T=0.995 best=7: 17 8 15 2 20 11 24 9 3 19 6 13 18 4 21 14 10 23 1 16 7 22 5 12 
it=180 T=0.995 best=6: 17 8 15 1 20 12 9 24 3 19 6 13 18 4 21 14 10 23 2 16 7 22 5 11 
it=187 T=0.995 best=5: 17 8 15 1 20 12 9 24 3 19 6 13 18 4 21 14 10 23 2 16 7 22 11 5 
it=297 T=0.995 best=4: 18 8 16 2 11 19 10 24 3 21 7 13 17 5 22 14 1 9 23 15 6 12 20 4 
it=316 T=0.995 best=3: 18 8 16 2 19 11 9 24 3 21 7 13 17 4 22 14 10 1 23 6 15 12 20 5 
it=325 T=0.995 best=2: 18 8 16 2 19 12 9 24 3 21 7 13 17 4 22 14 10 1 23 6 15 11 20 5 
it=329 T=0.995 best=1: 17 8 15 2 19 12 9 24 3 21 7 13 18 4 22 14 10 1 23 6 16 11 20 5 
it=347 T=0.995 best=0: 17 8 15 2 19 12 9 24 3 21 7 13 5 18 22 14 10 1 23 6 16 11 20 4 
