start n=23 k=7 sym=0 missing=1874 seed=232
it=1 T=0.995 best=1691: 14 11 10 9 15 1 5 17 16 3 22 18 6 2 13 4 21 19 20 8 12 7 23 
it=3 T=0.995 best=1455: 14 10 11 9 15 1 5 17 16 3 22 18 6 2 13 4 21 19 20 8 12 7 23 
it=4 T=0.995 best=1375: 15 10 11 9 14 1 5 17 16 3 22 18 6 2 13 4 21 19 20 8 12 7 23 
it=8 T=0.995 best=1250: 15 10 11 9 14 1 17 5 16 3 22 18 6 2 13 4 21 19 20 8 12 7 23 
it=9 T=0.995 best=1098: 16 10 11 9 14 1 17 5 15 3 22 18 6 2 13 4 21 19 20 8 12 7 23 
it=10 T=0.995 best=1073: 16 9 11 10 14 1 17 5 15 3 22 18 6 2 13 4 21 19 20 8 12 7 23 
it=11 T=0.995 best=1015: 16 9 11 10 14 1 17 5 15 22 3 18 6 2 13 4 21 19 20 8 12 7 23 
it=15 T=0.995 best=989: 16 9 11 10 14 1 17 5 15 22 3 18 6 13 2 4 21 19 20 8 12 7 23 
it=25 T=0.995 best=966: 16 9 11 10 1 14 17 5 15 22 3 18 6 13 2 4 21 19 20 8 12 7 23 
it=26 T=0.995 best=910: 16 9 11 10 1 14 17 5 15 22 3 18 6 13 2 4 21 19 20 8 12 23 7 
it=27 T=0.995 best=853: 16 9 11 1 10 14 17 5 15 22 3 18 6 13 2 4 21 19 20 8 12 23 7 
it=29 T=0.995 best=791: 16 9 12 1 10 14 17 5 15 22 3 18 6 13 2 4 21 19 20 8 11 23 7 
it=30 T=0.995 best=667: 16 9 12 1 14 10 17 5 15 22 3 18 6 13 2 4 21 19 20 8 11 23 7 
it=34 T=0.995 best=599: 16 9 12 1 14 10 17 5 15 22 3 18 6 13 2 21 4 19 20 8 11 23 7 
it=35 T=0.995 best=497: 16 9 12 1 14 10 18 5 15 22 3 17 6 13 2 21 4 19 20 8 11 23 7 
it=36 T=0.995 best=448: 16 8 12 1 14 10 18 5 15 22 3 17 6 13 2 21 4 19 20 9 11 23 7 
it=42 T=0.995 best=344: 16 8 12 2 14 10 18 5 15 22 3 17 6 13 1 21 4 19 20 9 11 23 7 
it=44 T=0.995 best=317: 16 8 12 2 14 10 18 5 15 22 3 17 6 13 1 21 19 4 20 9 11 23 7 
it=51 T=0.995 best=227: 16 8 12 2 14 10 19 5 15 22 3 17 6 13 1 21 18 4 20 9 11 23 7 
it=52 T=0.995 best=170: 16 8 12 2 14 10 19 5 15 23 3 17 6 13 1 21 18 4 20 9 11 22 7 
it=62 T=0.995 best=166: 16 8 12 2 14 10 20 5 15 23 3 17 6 13 1 21 18 4 19 9 11 22 7 
it=68 T=0.995 best=143: 16 8 12 2 14 10 20 5 15 23 3 17 7 13 1 21 18 4 19 9 11 22 6 
it=70 T=0.995 best=126: 16 8 12 2 14 10 20 5 15 23 3 18 7 13 1 21 17 4 19 9 11 22 6 
it=72 T=0.995 best=112: 16 7 13 2 14 10 20 5 15 23 3 18 8 12 1 21 17 4 19 9 11 22 6 
it=74 T=0.995 best=101: 16 7 13 2 14 10 20 5 23 15 3 18 8 12 1 21 17 4 19 9 11 22 6 
it=78 T=0.995 best=84: 16 7 13 2 15 10 20 5 23 14 3 18 8 12 1 21 17 4 19 9 11 22 6 
it=96 T=0.995 best=83: 16 7 13 2 15 10 20 5 23 14 3 18 8 12 1 21 17 4 19 9 22 11 6 
it=130 T=0.995 best=69: 16 7 13 2 15 10 21 5 23 14 3 18 8 11 1 20 17 4 19 9 22 12 6 
it=131 T=0.995 best=59: 16 7 13 2 15 21 10 5 23 14 3 18 8 11 1 20 17 4 19 9 22 12 6 
it=135 T=0.995 best=44: 17 7 13 2 15 21 10 5 23 14 3 18 8 11 1 20 16 4 19 9 22 12 6 
it=140 T=0.995 best=34: 17 7 13 2 21 15 10 5 23 14 3 18 9 11 1 20 16 4 19 8 22 12 6 
it=141 T=0.995 best=33: 17 7 13 2 21 15 10 23 5 14 3 18 9 11 1 20 16 4 19 8 22 12 6 
it=145 T=0.995 best=31: 17 7 13 2 21 15 10 23 5 14 3 18 9 11 1 20 4 16 19 8 22 12 6 
it=182 T=0.995 best=27: 17 7 13 2 21 15 10 6 23 3 14 18 9 11 1 20 4 16 19 8 22 12 5 
it=195 T=0.995 best=24: 17 7 13 2 21 16 10 6 23 3 14 18 9 11 1 20 4 15 19 8 22 12 5 
it=244 T=0.995 best=23: 17 7 13 2 21 16 5 10 23 3 14 18 11 8 1 20 4 15 9 19 22 12 6 
it=248 T=0.995 best=22: 17 7 13 2 21 16 5 10 23 3 14 18 11 8 1 20 15 4 9 19 22 12 6 
it=269 T=0.995 best=18: 17 7 13 2 20 16 5 10 23 3 15 18 11 8 1 21 14 4 9 19 22 12 6 
it=277 T=0.995 best=17: 17 8 13 2 20 16 5 10 23 15 3 18 11 7 1 21 14 4 9 19 22 12 6 
it=282 T=0.995 best=16: 17 8 2 13 20 16 5 9 23 15 3 18 11 7 1 21 14 4 10 19 22 12 6 
it=441 T=0.995 best=15: 17 8 14 1 21 16 5 9 23 13 3 19 11 7 15 2 20 4 10 18 22 12 6 
it=548 T=0.995 best=14: 18 8 12 1 21 15 5 10 22 14 4 19 11 2 7 16 20 3 9 23 17 13 6 
it=562 T=0.995 best=11: 18 8 12 2 21 15 5 10 22 14 4 19 11 1 7 16 20 3 23 9 17 13 6 
it=735 T=0.995 best=10: 19 8 13 1 21 16 5 10 14 4 22 18 11 2 7 15 20 3 23 9 17 12 6 
it=1188 T=0.990 best=9: 19 8 13 2 21 6 17 11 14 4 22 18 10 1 7 15 20 3 9 23 16 12 5 
it=1787 T=0.990 best=8: 9 18 13 2 21 7 16 4 11 22 14 3 19 10 5 15 20 8 1 23 17 12 6 
it=1793 T=0.990 best=6: 9 18 13 3 21 7 16 4 11 22 14 2 19 10 5 15 20 8 1 23 17 12 6 
it=2451 T=0.985 best=5: 8 19 13 3 21 6 16 11 4 14 23 18 10 1 5 15 20 9 2 12 22 17 7 
it=2965 T=0.985 best=4: 8 19 13 3 21 6 16 11 4 14 22 18 10 1 5 15 20 9 2 23 12 17 7 
it=8843 T=0.956 best=3: 19 6 13 2 21 9 17 5 11 15 22 3 10 18 14 4 20 8 1 12 23 16 7 
it=9124 T=0.956 best=2: 19 6 13 10 1 21 17 4 11 15 23 3 9 18 5 14 7 20 12 2 22 16 8 
it=23912 T=0.887 best=1: 7 18 11 2 23 16 6 14 19 4 8 13 21 3 17 10 20 5 12 1 22 15 9 
it=36498 T=0.835 best=0: 7 18 12 2 15 23 6 19 13 4 8 11 22 17 3 20 10 5 14 1 21 9 16 
