start n=24 k=7 sym=1 missing=1499 seed=106
it=1 T=0.995 best=1429: 12 2 8 3 1 16 10 19 4 20 7 11 14 18 5 21 6 15 9 24 22 17 23 13 
it=5 T=0.995 best=1332: 12 2 8 4 1 16 10 19 3 20 7 11 14 18 5 22 6 15 9 24 21 17 23 13 
it=8 T=0.995 best=1183: 12 2 8 4 1 16 19 10 3 20 7 11 14 18 5 22 15 6 9 24 21 17 23 13 
it=9 T=0.995 best=1143: 12 2 8 4 16 1 19 10 3 20 7 11 14 18 5 22 15 6 24 9 21 17 23 13 
it=11 T=0.995 best=1121: 12 2 8 16 4 1 19 10 3 20 7 11 14 18 5 22 15 6 24 21 9 17 23 13 
it=12 T=0.995 best=964: 12 2 8 16 4 1 19 10 3 20 11 7 18 14 5 22 15 6 24 21 9 17 23 13 
it=15 T=0.995 best=898: 12 2 8 16 4 1 19 10 3 20 11 18 7 14 5 22 15 6 24 21 9 17 23 13 
it=16 T=0.995 best=884: 12 3 8 16 4 1 19 10 2 20 11 18 7 14 5 23 15 6 24 21 9 17 22 13 
it=25 T=0.995 best=690: 12 3 8 16 5 1 19 10 2 21 11 18 7 14 4 23 15 6 24 20 9 17 22 13 
it=27 T=0.995 best=607: 12 3 8 16 5 1 19 10 2 21 18 11 14 7 4 23 15 6 24 20 9 17 22 13 
it=29 T=0.995 best=593: 12 3 8 16 1 5 19 10 2 21 18 11 14 7 4 23 15 6 20 24 9 17 22 13 
it=30 T=0.995 best=557: 12 3 8 16 2 5 19 10 1 21 18 11 14 7 4 24 15 6 20 23 9 17 22 13 
it=32 T=0.995 best=509: 12 3 8 16 2 5 19 10 1 21 18 14 11 7 4 24 15 6 20 23 9 17 22 13 
it=36 T=0.995 best=489: 12 3 8 16 2 5 19 10 21 1 18 14 11 7 24 4 15 6 20 23 9 17 22 13 
it=38 T=0.995 best=485: 12 3 8 16 2 19 5 10 21 1 18 14 11 7 24 4 15 20 6 23 9 17 22 13 
it=41 T=0.995 best=463: 12 3 8 16 2 20 6 10 21 1 18 14 11 7 24 4 15 19 5 23 9 17 22 13 
it=43 T=0.995 best=397: 12 3 8 16 2 20 6 11 21 1 18 15 10 7 24 4 14 19 5 23 9 17 22 13 
it=44 T=0.995 best=340: 12 3 8 16 2 20 6 11 21 1 18 10 15 7 24 4 14 19 5 23 9 17 22 13 
it=49 T=0.995 best=319: 12 3 16 8 2 20 6 11 21 1 18 10 15 7 24 4 14 19 5 23 17 9 22 13 
it=53 T=0.995 best=265: 12 3 17 9 2 20 6 11 21 1 18 10 15 7 24 4 14 19 5 23 16 8 22 13 
it=54 T=0.995 best=243: 12 3 17 9 20 2 6 11 21 1 18 10 15 7 24 4 14 19 23 5 16 8 22 13 
it=62 T=0.995 best=220: 12 3 17 10 20 2 6 11 21 1 18 9 16 7 24 4 14 19 23 5 15 8 22 13 
it=76 T=0.995 best=204: 11 4 17 10 20 2 6 12 22 1 18 9 16 7 24 3 13 19 23 5 15 8 21 14 
it=88 T=0.995 best=203: 11 17 5 21 10 1 6 12 22 2 18 9 16 7 23 3 13 19 24 15 4 20 8 14 
it=89 T=0.995 best=198: 11 17 4 20 10 1 6 12 22 2 18 9 16 7 23 3 13 19 24 15 5 21 8 14 
it=90 T=0.995 best=160: 11 17 4 20 10 1 6 12 22 18 2 9 16 23 7 3 13 19 24 15 5 21 8 14 
it=91 T=0.995 best=154: 11 17 4 20 10 1 6 22 12 18 2 9 16 23 7 13 3 19 24 15 5 21 8 14 
it=100 T=0.995 best=119: 17 11 4 20 10 1 6 22 12 18 2 9 16 23 7 13 3 19 24 15 5 21 14 8 
it=103 T=0.995 best=87: 17 11 4 20 10 1 7 22 12 19 2 9 16 23 6 13 3 18 24 15 5 21 14 8 
it=110 T=0.995 best=64: 17 10 4 20 11 1 7 22 12 19 2 9 16 23 6 13 3 18 24 14 5 21 15 8 
it=121 T=0.995 best=50: 17 10 4 20 11 1 7 22 12 19 2 16 9 23 6 13 3 18 24 14 5 21 15 8 
it=143 T=0.995 best=40: 17 10 4 20 11 1 7 22 13 19 2 16 9 23 6 12 3 18 24 14 5 21 15 8 
it=156 T=0.995 best=34: 17 10 4 20 12 1 7 22 14 19 2 16 9 23 6 11 3 18 24 13 5 21 15 8 
it=170 T=0.995 best=25: 17 10 5 21 12 1 7 23 14 3 19 16 9 6 22 11 2 18 24 13 4 20 15 8 
it=204 T=0.995 best=21: 17 10 5 21 12 1 7 23 14 19 3 16 9 22 6 11 2 18 24 13 4 20 15 8 
it=210 T=0.995 best=19: 17 10 5 21 12 7 1 14 23 19 3 16 9 22 6 2 11 24 18 13 4 20 15 8 
it=272 T=0.995 best=12: 17 11 5 21 10 1 7 13 23 19 3 16 9 22 6 2 12 18 24 15 4 20 14 8 
it=352 T=0.995 best=10: 6 17 12 22 9 1 14 23 20 7 15 4 21 10 18 5 2 11 24 16 3 13 8 19 
it=366 T=0.995 best=9: 6 17 12 22 9 1 14 23 20 7 4 15 10 21 18 5 2 11 24 16 3 13 8 19 
it=377 T=0.995 best=7: 6 18 12 22 9 1 14 23 20 8 4 15 10 21 17 5 2 11 24 16 3 13 7 19 
it=432 T=0.995 best=6: 18 5 12 22 9 1 14 23 19 8 4 15 10 21 17 6 2 11 24 16 3 13 20 7 
it=567 T=0.995 best=4: 17 5 13 22 9 1 14 23 19 7 4 15 10 21 18 6 2 11 24 16 3 12 20 8 
it=681 T=0.995 best=2: 18 5 13 21 10 1 14 23 19 8 3 16 9 22 17 6 2 11 24 15 4 12 20 7 
it=5451 T=0.970 best=1: 16 4 11 22 6 18 12 2 24 15 8 20 5 17 10 1 23 13 7 19 3 14 21 9 
it=10040 T=0.951 best=0: 11 4 17 23 7 19 15 9 1 5 22 12 13 3 20 24 16 10 6 18 2 8 21 14 
