start n=24 k=7 sym=0 missing=92 seed=109
it=4 T=0.995 best=83: 10 17 24 20 13 6 3 9 15 19 23 12 5 1 7 16 22 18 11 4 2 8 14 21 
it=5 T=0.995 best=59: 10 17 24 20 6 13 3 9 15 19 23 12 5 1 7 16 22 18 11 4 2 8 14 21 
it=8 T=0.995 best=53: 10 17 24 20 6 13 3 9 15 19 23 12 4 1 7 16 22 18 11 5 8 2 14 21 
it=19 T=0.995 best=50: 10 17 24 21 6 13 3 8 15 19 23 12 4 1 7 16 22 18 11 5 9 2 14 20 
it=26 T=0.995 best=36: 10 17 24 21 6 13 3 8 15 19 23 12 4 1 7 16 22 11 18 5 9 2 14 20 
it=27 T=0.995 best=28: 9 17 24 21 6 13 3 8 15 19 23 12 4 1 7 16 22 11 18 5 10 2 14 20 
it=39 T=0.995 best=25: 9 17 24 6 21 13 3 8 15 19 23 12 4 1 7 16 11 22 18 5 10 2 14 20 
it=46 T=0.995 best=20: 9 17 24 6 21 13 3 8 15 19 23 12 4 7 1 16 22 11 18 5 10 2 14 20 
it=47 T=0.995 best=17: 9 17 24 5 21 13 3 8 15 19 23 12 4 7 1 16 22 11 18 6 10 2 14 20 
it=55 T=0.995 best=16: 9 17 24 5 13 21 3 8 15 19 23 12 4 7 1 16 22 11 18 6 10 2 14 20 
it=90 T=0.995 best=15: 9 16 24 4 13 21 3 7 15 18 12 23 5 8 1 17 22 11 19 6 10 2 14 20 
it=94 T=0.995 best=12: 9 16 24 4 13 21 7 3 15 18 12 23 5 8 1 17 22 11 19 6 10 2 14 20 
it=96 T=0.995 best=11: 9 16 24 4 13 20 7 3 15 18 12 23 5 8 1 17 22 11 19 6 10 2 14 21 
it=130 T=0.995 best=10: 10 17 4 23 13 20 7 2 15 19 12 24 5 8 1 16 22 11 18 6 9 3 14 21 
it=175 T=0.995 best=9: 10 16 5 23 13 1 7 19 15 20 12 6 24 8 2 17 22 11 18 4 9 14 21 3 
it=217 T=0.995 best=7: 10 17 6 24 13 1 20 7 15 19 12 5 23 8 2 16 22 11 4 14 18 9 21 3 
it=283 T=0.995 best=6: 10 16 5 23 13 21 7 1 15 19 12 6 24 8 11 2 17 22 14 3 18 9 20 4 
it=338 T=0.995 best=5: 10 16 4 23 13 20 7 1 15 19 12 5 24 8 11 17 2 22 14 3 18 9 6 21 
it=342 T=0.995 best=3: 10 16 5 23 13 20 7 1 15 19 12 4 24 8 11 17 2 22 14 3 18 9 6 21 
it=998 T=0.995 best=2: 10 17 5 23 13 2 20 8 15 19 3 24 12 7 1 11 16 22 4 14 18 9 21 6 
it=1152 T=0.990 best=1: 4 11 17 23 13 2 20 8 15 19 3 12 24 6 10 1 16 22 14 5 18 9 21 7 
it=2272 T=0.985 best=0: 11 4 16 23 6 21 14 8 18 2 7 15 24 19 13 9 1 22 5 12 17 3 10 20 
