start n=24 k=7 sym=0 missing=92 seed=111
it=0 T=1.000 best=68: 4 11 18 24 21 14 7 3 10 17 23 20 6 13 2 9 16 22 19 12 5 1 8 15 
it=4 T=0.995 best=47: 4 11 18 24 21 14 7 3 10 16 23 20 6 13 2 9 17 22 19 12 5 1 8 15 
it=9 T=0.995 best=32: 4 11 18 24 21 14 7 3 10 16 22 20 6 13 2 9 17 23 19 12 5 8 1 15 
it=11 T=0.995 best=28: 4 11 18 24 14 21 7 3 10 16 22 20 6 13 2 9 17 23 19 12 5 8 1 15 
it=20 T=0.995 best=24: 5 11 18 24 14 21 7 3 10 16 22 6 20 13 2 9 17 23 19 12 4 8 1 15 
it=22 T=0.995 best=23: 5 11 18 24 14 21 7 3 10 16 22 6 19 13 2 9 17 23 20 12 4 8 1 15 
it=27 T=0.995 best=19: 5 11 18 23 14 21 7 3 10 16 22 6 19 13 2 9 17 24 20 12 4 1 8 15 
it=41 T=0.995 best=15: 5 11 18 23 14 21 8 3 10 15 22 6 19 13 2 9 17 24 20 12 4 1 7 16 
it=47 T=0.995 best=14: 5 11 17 23 14 21 8 3 10 15 22 6 19 13 2 9 18 24 12 4 20 1 7 16 
it=51 T=0.995 best=13: 5 11 17 23 14 8 21 3 10 15 22 6 19 13 2 9 18 24 4 12 20 7 1 16 
it=63 T=0.995 best=12: 5 11 17 23 8 14 21 3 10 15 22 6 19 13 1 9 18 24 4 12 20 7 2 16 
it=66 T=0.995 best=11: 5 11 17 23 8 14 21 3 10 15 22 6 19 13 1 9 18 4 24 12 20 7 2 16 
it=97 T=0.995 best=10: 10 17 5 23 8 21 13 3 12 15 22 6 18 14 9 1 4 19 24 11 20 2 7 16 
it=113 T=0.995 best=8: 9 17 5 23 8 21 13 3 11 15 22 6 18 14 10 1 4 19 24 12 20 7 2 16 
it=141 T=0.995 best=7: 9 17 4 8 23 20 13 3 10 15 22 6 18 14 11 1 19 5 24 12 21 7 2 16 
it=182 T=0.995 best=6: 9 17 4 8 23 20 12 3 10 15 22 6 18 14 1 11 5 19 24 13 21 7 2 16 
it=210 T=0.995 best=5: 9 17 3 8 23 20 12 4 10 15 22 6 18 14 1 11 5 24 19 13 7 21 2 16 
it=216 T=0.995 best=3: 9 17 3 8 23 20 12 4 10 16 22 6 18 14 1 11 5 24 19 13 7 21 2 15 
it=234 T=0.995 best=2: 9 17 3 8 23 21 12 4 10 16 22 6 18 14 1 11 5 24 19 13 7 2 20 15 
it=240 T=0.995 best=1: 9 17 3 8 23 21 12 4 10 16 22 6 18 14 1 11 24 19 5 13 7 2 20 15 
it=953 T=0.995 best=0: 12 17 7 24 19 1 15 4 10 22 13 6 18 3 20 8 16 5 23 11 14 2 21 9 
