start n=24 k=7 sym=2 missing=1090 seed=108
it=13 T=0.995 best=994: 1 11 15 21 7 19 5 14 9 16 2 13 12 8 3 10 17 20 6 18 4 24 23 22 
it=17 T=0.995 best=964: 1 11 15 22 7 19 5 14 9 16 2 13 12 8 3 10 17 20 6 18 24 4 23 21 
it=25 T=0.995 best=658: 1 11 15 22 7 19 5 14 9 16 2 13 12 8 3 10 17 21 6 24 18 4 23 20 
it=27 T=0.995 best=516: 1 11 15 22 7 19 5 14 9 17 2 13 12 8 3 16 10 21 6 24 18 4 23 20 
it=29 T=0.995 best=474: 1 11 15 23 7 19 5 14 9 17 2 13 12 8 3 16 10 21 6 24 18 22 4 20 
it=31 T=0.995 best=379: 1 11 16 23 7 19 5 14 9 17 2 13 12 8 15 3 10 21 6 24 18 22 4 20 
it=32 T=0.995 best=271: 11 2 16 23 7 19 5 14 9 17 1 13 12 8 15 3 10 21 6 24 18 22 4 20 
it=39 T=0.995 best=178: 11 2 16 23 7 20 5 14 9 17 1 13 12 8 15 3 10 21 24 6 18 22 4 19 
it=47 T=0.995 best=116: 11 2 16 23 7 20 5 14 9 18 1 13 12 8 15 3 21 10 24 6 17 22 4 19 
it=48 T=0.995 best=106: 11 2 16 23 7 20 5 13 9 18 1 14 8 12 15 3 21 10 24 6 17 22 4 19 
it=56 T=0.995 best=96: 11 2 16 23 8 20 13 5 9 18 1 14 7 12 15 3 21 10 24 6 17 22 4 19 
it=60 T=0.995 best=90: 11 2 16 23 8 20 13 5 9 19 1 14 7 12 15 3 21 24 10 6 17 22 4 18 
it=65 T=0.995 best=75: 11 2 17 23 8 20 13 5 9 19 1 14 7 12 15 21 3 24 10 6 16 22 4 18 
it=69 T=0.995 best=71: 10 2 17 23 8 20 13 5 9 1 19 14 7 12 15 21 3 24 11 6 16 22 4 18 
it=71 T=0.995 best=56: 10 2 17 23 8 20 13 5 9 1 19 14 7 12 15 22 3 24 11 6 21 16 4 18 
it=82 T=0.995 best=38: 10 2 17 23 8 21 13 5 9 1 19 14 7 12 15 22 3 24 11 20 6 16 4 18 
it=86 T=0.995 best=29: 10 2 17 23 8 21 13 5 9 1 14 19 7 11 15 22 3 24 12 20 6 16 4 18 
it=89 T=0.995 best=15: 10 2 17 23 8 21 13 5 9 1 14 19 7 11 22 16 3 24 12 20 6 15 4 18 
it=134 T=0.995 best=12: 10 2 17 23 8 14 20 5 9 1 13 19 11 6 22 16 3 24 12 7 21 15 4 18 
it=143 T=0.995 best=10: 10 2 17 8 23 15 20 4 9 1 13 19 11 22 6 16 3 24 12 7 21 14 5 18 
it=150 T=0.995 best=7: 10 2 17 8 23 14 20 4 9 1 13 19 11 6 22 16 3 24 12 7 21 15 5 18 
it=242 T=0.995 best=6: 10 18 3 8 23 14 20 4 9 1 13 19 11 6 22 16 24 2 12 7 21 15 5 17 
it=254 T=0.995 best=2: 11 18 3 7 23 14 4 20 9 13 1 19 10 6 22 16 24 2 12 8 21 15 5 17 
it=23354 T=0.891 best=0: 12 2 17 23 7 15 5 21 9 13 19 1 10 24 6 16 3 20 11 18 8 22 4 14 
