start n=24 k=7 sym=1 missing=1774 seed=105
it=0 T=2.000 best=1746: 17 20 23 22 18 9 4 19 12 24 10 11 14 15 1 13 6 21 16 7 3 2 5 8 
it=2 T=1.990 best=1547: 17 20 23 22 9 18 4 19 12 24 10 11 14 15 1 13 6 21 7 16 3 2 5 8 
it=5 T=1.990 best=1178: 17 20 23 22 10 18 4 19 12 24 9 11 14 16 1 13 6 21 7 15 3 2 5 8 
it=8 T=1.990 best=1168: 17 19 23 22 10 18 4 20 12 24 9 11 14 16 1 13 5 21 7 15 3 2 6 8 
it=12 T=1.990 best=867: 16 19 23 22 10 18 4 20 12 24 8 11 14 17 1 13 5 21 7 15 3 2 6 9 
it=14 T=1.990 best=797: 16 19 23 10 22 18 4 20 12 24 8 11 14 17 1 13 5 21 7 3 15 2 6 9 
it=16 T=1.990 best=785: 16 19 23 10 21 18 3 20 12 24 8 11 14 17 1 13 5 22 7 4 15 2 6 9 
it=19 T=1.990 best=753: 16 19 10 23 21 18 3 20 12 24 8 11 14 17 1 13 5 22 7 4 2 15 6 9 
it=32 T=1.990 best=587: 16 19 10 23 21 18 3 12 20 24 8 11 14 17 1 5 13 22 7 4 2 15 6 9 
it=34 T=1.990 best=487: 16 19 10 23 21 3 18 12 20 24 8 11 14 17 1 5 13 7 22 4 2 15 6 9 
it=37 T=1.990 best=452: 16 19 10 23 21 3 17 12 20 24 7 11 14 18 1 5 13 8 22 4 2 15 6 9 
it=39 T=1.990 best=405: 16 19 10 23 21 3 17 12 24 20 7 11 14 18 5 1 13 8 22 4 2 15 6 9 
it=40 T=1.990 best=303: 16 19 10 23 21 3 17 12 24 7 20 11 14 5 18 1 13 8 22 4 2 15 6 9 
it=46 T=1.990 best=283: 16 10 19 23 21 3 17 12 24 7 20 11 14 5 18 1 13 8 22 4 2 6 15 9 
it=47 T=1.990 best=252: 16 10 19 23 21 3 17 12 24 7 11 20 5 14 18 1 13 8 22 4 2 6 15 9 
it=49 T=1.990 best=249: 16 10 23 19 21 3 17 12 24 7 11 20 5 14 18 1 13 8 22 4 6 2 15 9 
it=53 T=1.990 best=202: 15 9 23 19 21 3 17 12 24 7 11 20 5 14 18 1 13 8 22 4 6 2 16 10 
it=55 T=1.990 best=199: 15 9 19 23 21 3 17 12 24 7 11 20 5 14 18 1 13 8 22 4 2 6 16 10 
it=56 T=1.990 best=165: 15 9 19 23 21 3 12 17 24 7 11 20 5 14 18 1 8 13 22 4 2 6 16 10 
it=59 T=1.990 best=125: 15 9 19 23 3 21 12 17 24 7 11 20 5 14 18 1 8 13 4 22 2 6 16 10 
it=60 T=1.990 best=113: 15 9 18 23 3 21 12 17 24 6 11 20 5 14 19 1 8 13 4 22 2 7 16 10 
it=63 T=1.990 best=112: 15 17 9 23 3 21 12 18 24 6 11 20 5 14 19 1 7 13 4 22 2 16 8 10 
it=69 T=1.990 best=76: 14 17 9 23 3 21 12 18 24 6 10 20 5 15 19 1 7 13 4 22 2 16 8 11 
it=70 T=1.990 best=72: 14 16 8 23 3 21 12 18 24 6 10 20 5 15 19 1 7 13 4 22 2 17 9 11 
it=71 T=1.990 best=71: 14 16 8 24 3 21 12 18 23 6 10 20 5 15 19 2 7 13 4 22 1 17 9 11 
it=77 T=1.990 best=66: 13 16 8 23 3 21 11 18 24 6 10 20 5 15 19 1 7 14 4 22 2 17 9 12 
it=79 T=1.990 best=61: 13 16 8 23 3 11 21 18 24 6 10 20 5 15 19 1 7 4 14 22 2 17 9 12 
it=88 T=1.990 best=55: 13 8 16 23 3 11 21 18 24 6 10 20 5 15 19 1 7 4 14 22 2 9 17 12 
it=90 T=1.990 best=53: 13 8 16 23 3 10 21 18 24 6 11 20 5 14 19 1 7 4 15 22 2 9 17 12 
it=92 T=1.990 best=39: 13 7 16 23 3 10 21 17 24 6 11 20 5 14 19 1 8 4 15 22 2 9 18 12 
it=93 T=1.990 best=25: 13 7 17 23 3 10 21 16 24 6 11 20 5 14 19 1 9 4 15 22 2 8 18 12 
it=114 T=1.990 best=22: 13 8 22 18 2 10 21 16 24 6 11 5 20 14 19 1 9 4 15 23 7 3 17 12 
it=124 T=1.990 best=15: 14 8 22 18 2 9 20 15 24 6 12 4 21 13 19 1 10 5 16 23 7 3 17 11 
it=192 T=1.990 best=13: 15 7 22 2 16 8 19 13 4 24 20 11 14 5 1 21 12 6 17 9 23 3 18 10 
it=196 T=1.990 best=11: 15 6 22 2 16 8 18 13 4 24 20 11 14 5 1 21 12 7 17 9 23 3 19 10 
it=219 T=1.990 best=7: 14 5 22 2 16 8 18 13 4 24 10 19 6 15 1 21 12 7 17 9 23 3 20 11 
it=229 T=1.990 best=6: 14 5 22 2 17 9 18 13 4 10 24 19 6 1 15 21 12 7 16 8 23 3 20 11 
it=453 T=1.990 best=3: 14 21 7 2 17 10 19 3 13 24 9 5 20 16 1 12 22 6 15 8 23 18 4 11 
it=541 T=1.990 best=2: 12 22 6 16 1 10 18 4 23 14 8 20 5 17 11 2 21 7 15 24 9 19 3 13 
it=823 T=1.990 best=0: 13 22 6 17 1 10 20 4 9 14 23 18 7 2 11 16 21 5 15 24 8 19 3 12 
