start n=22 k=7 sym=2 missing=3531 seed=232
it=2 T=1.994 best=3337: 15 4 3 2 17 6 7 8 9 16 19 14 18 12 1 10 5 13 11 22 21 20 
it=3 T=1.994 best=3211: 15 4 3 2 18 6 7 8 9 16 19 14 17 12 1 10 13 5 11 22 21 20 
it=7 T=1.994 best=2504: 15 4 3 2 18 6 7 8 9 16 20 14 17 12 1 10 13 5 22 11 21 19 
it=10 T=1.994 best=2422: 15 2 4 3 18 6 7 8 9 16 20 14 17 12 1 10 13 5 22 11 21 19 
it=11 T=1.994 best=2094: 15 2 5 18 3 6 7 8 9 16 20 14 17 12 1 10 13 4 22 11 21 19 
it=13 T=1.994 best=1839: 15 2 5 19 3 6 7 8 9 16 20 14 17 12 1 10 13 22 4 11 21 18 
it=14 T=1.994 best=1492: 15 2 5 19 3 6 7 8 9 16 21 14 17 12 1 10 13 22 4 20 11 18 
it=17 T=1.994 best=1254: 15 2 6 19 5 3 7 8 9 16 21 14 17 12 1 10 13 22 4 20 11 18 
it=25 T=1.994 best=1206: 15 2 6 19 5 3 7 8 9 16 21 13 12 17 1 10 14 22 4 20 11 18 
it=30 T=1.994 best=1037: 15 2 6 19 5 3 7 8 9 16 21 13 12 18 1 10 22 14 4 20 11 17 
it=31 T=1.994 best=1005: 15 2 6 19 5 3 7 8 9 16 21 14 18 12 1 10 22 13 4 20 11 17 
it=47 T=1.994 best=860: 15 2 7 19 5 6 3 8 9 16 21 14 18 12 1 10 22 13 4 20 11 17 
it=50 T=1.994 best=541: 15 2 7 19 5 6 3 8 16 10 21 14 18 12 1 9 22 13 4 20 11 17 
it=57 T=1.994 best=522: 15 2 7 4 19 6 3 8 16 10 21 14 18 12 1 9 22 13 5 20 11 17 
it=62 T=1.994 best=490: 15 2 7 4 19 6 3 8 17 10 21 14 18 12 1 22 9 13 5 20 11 16 
it=71 T=1.994 best=461: 15 2 7 4 19 6 3 17 9 10 21 14 18 12 1 22 8 13 5 20 11 16 
it=73 T=1.994 best=302: 15 2 8 4 19 6 17 3 9 10 21 14 18 12 1 22 7 13 5 20 11 16 
it=76 T=1.994 best=296: 15 2 8 4 20 6 17 3 9 10 21 14 18 12 1 22 7 13 19 5 11 16 
it=84 T=1.994 best=280: 15 2 8 4 20 6 16 3 9 10 21 14 18 12 1 7 22 13 19 5 11 17 
it=86 T=1.994 best=241: 15 2 8 4 20 6 16 3 9 21 11 14 18 12 1 7 22 13 19 5 10 17 
it=89 T=1.994 best=224: 15 2 8 20 5 6 16 3 9 21 11 14 19 12 1 7 22 18 13 4 10 17 
it=105 T=1.994 best=201: 15 2 8 20 5 6 16 3 9 21 11 14 19 12 1 7 17 22 13 4 10 18 
it=119 T=1.994 best=166: 15 2 8 20 5 16 7 3 9 21 11 14 19 12 1 6 17 22 13 4 10 18 
it=122 T=1.994 best=151: 15 2 9 20 5 16 7 8 3 21 11 14 19 12 1 6 17 22 13 4 10 18 
it=156 T=1.994 best=143: 15 2 10 20 5 16 7 8 21 3 11 14 19 12 1 6 17 22 13 4 9 18 
it=169 T=1.994 best=136: 15 2 10 20 5 16 7 21 9 3 11 14 19 12 1 6 17 22 13 4 8 18 
it=174 T=1.994 best=128: 17 2 10 20 5 15 7 21 9 3 11 14 19 12 6 16 1 22 13 4 8 18 
it=184 T=1.994 best=126: 17 2 10 4 20 15 7 21 9 3 11 14 19 12 6 16 1 22 13 5 8 18 
it=4803 T=1.970 best=123: 17 2 10 19 5 15 7 22 9 3 11 14 20 12 6 16 1 21 4 13 18 8 
