start n=23 k=7 sym=0 missing=1077 seed=234
it=1 T=0.995 best=1050: 19 10 8 5 3 22 17 15 6 23 11 21 13 20 1 14 2 18 7 12 9 16 4 
it=3 T=0.995 best=701: 19 10 5 8 3 22 17 15 6 23 11 21 13 20 1 14 2 18 7 12 9 16 4 
it=4 T=0.995 best=592: 19 11 5 8 3 22 17 15 6 23 10 21 13 20 1 14 2 18 7 12 9 16 4 
it=7 T=0.995 best=572: 19 11 5 8 3 21 17 15 6 23 10 22 13 20 1 14 2 18 7 12 9 16 4 
it=8 T=0.995 best=548: 19 12 5 8 3 21 17 15 6 23 10 22 13 20 1 14 2 18 7 11 9 16 4 
it=10 T=0.995 best=471: 19 12 5 8 2 21 17 15 6 23 10 22 13 20 1 14 3 18 7 11 9 16 4 
it=19 T=0.995 best=455: 19 12 5 8 2 21 17 15 6 23 10 22 13 20 1 3 14 18 7 11 9 16 4 
it=33 T=0.995 best=406: 19 12 5 8 2 21 17 15 6 23 10 22 13 20 3 1 14 18 7 11 9 16 4 
it=34 T=0.995 best=402: 19 12 5 8 2 21 17 15 23 6 10 22 13 20 3 1 14 18 7 11 9 16 4 
it=36 T=0.995 best=384: 19 12 5 8 2 21 17 15 23 7 10 22 13 20 3 1 14 18 6 11 9 16 4 
it=38 T=0.995 best=357: 19 12 5 8 2 21 17 15 23 7 10 22 13 20 3 1 14 6 18 11 9 16 4 
it=40 T=0.995 best=346: 18 12 5 8 2 21 17 15 23 7 10 22 13 20 3 1 14 6 19 11 9 16 4 
it=43 T=0.995 best=299: 18 12 5 8 21 2 17 15 23 7 10 22 13 20 3 1 14 6 19 11 9 16 4 
it=47 T=0.995 best=293: 18 12 5 8 21 2 17 23 15 7 10 22 13 20 3 1 14 6 19 11 9 16 4 
it=49 T=0.995 best=224: 18 5 12 8 21 2 17 23 15 7 10 22 13 20 3 1 14 6 19 11 9 16 4 
it=57 T=0.995 best=214: 18 5 12 8 21 2 17 23 15 6 10 22 13 20 3 1 14 7 19 11 9 16 4 
it=61 T=0.995 best=206: 18 5 12 8 21 2 17 23 15 6 10 13 22 20 3 14 1 7 19 11 9 16 4 
it=65 T=0.995 best=152: 18 5 12 8 20 2 17 22 15 6 10 13 23 21 3 14 1 7 19 11 9 16 4 
it=67 T=0.995 best=148: 18 5 12 8 20 2 17 22 15 6 10 23 13 21 3 14 1 7 19 11 9 16 4 
it=68 T=0.995 best=135: 18 5 12 8 20 2 17 22 15 6 10 23 13 21 3 14 1 7 19 11 9 4 16 
it=78 T=0.995 best=133: 18 5 12 8 20 2 17 15 22 10 6 23 13 21 3 14 1 7 19 11 9 4 16 
it=79 T=0.995 best=126: 18 5 11 8 20 2 17 15 22 10 6 23 13 21 3 14 1 7 19 12 9 4 16 
it=82 T=0.995 best=114: 18 5 11 8 20 2 17 15 22 10 6 23 13 21 3 14 7 1 19 12 9 4 16 
it=102 T=0.995 best=99: 18 5 11 8 20 2 17 15 10 21 6 23 13 22 3 14 7 1 19 12 9 4 16 
it=104 T=0.995 best=98: 17 5 11 8 20 2 18 15 10 21 6 23 13 22 3 14 7 1 19 12 9 4 16 
it=105 T=0.995 best=82: 17 5 11 20 8 2 18 15 10 21 6 23 13 22 3 14 7 1 19 12 9 4 16 
it=114 T=0.995 best=81: 17 5 11 21 8 2 18 15 10 20 6 23 13 22 3 14 7 1 12 19 9 4 16 
it=125 T=0.995 best=80: 17 5 11 21 2 8 18 15 10 19 6 13 23 22 3 14 7 1 12 20 9 4 16 
it=126 T=0.995 best=55: 17 5 11 21 2 8 18 15 10 19 6 13 22 23 3 14 7 1 12 20 9 4 16 
it=145 T=0.995 best=54: 17 5 11 21 2 18 8 14 10 19 6 13 22 23 3 15 7 1 12 20 9 4 16 
it=150 T=0.995 best=44: 17 6 11 21 2 18 8 14 10 19 5 13 22 23 3 15 7 1 12 20 9 4 16 
it=156 T=0.995 best=38: 17 6 11 22 2 18 8 14 10 19 5 13 21 23 3 15 7 12 1 20 9 4 16 
it=162 T=0.995 best=34: 17 6 11 23 2 18 8 14 10 5 19 13 21 22 3 15 7 1 12 20 9 4 16 
it=174 T=0.995 best=30: 17 6 11 22 2 18 8 14 10 5 19 13 21 23 3 15 7 1 12 20 9 4 16 
it=193 T=0.995 best=26: 17 6 11 22 2 18 8 14 10 5 19 13 21 23 3 7 15 1 12 20 9 4 16 
it=272 T=0.995 best=21: 17 6 11 22 1 18 8 14 10 5 19 13 21 3 23 7 15 12 2 20 9 4 16 
it=357 T=0.995 best=20: 16 6 11 22 1 18 7 14 10 5 19 13 21 3 23 8 15 12 20 2 9 4 17 
it=365 T=0.995 best=17: 16 6 11 22 1 18 7 14 10 5 19 13 21 3 8 23 15 12 20 2 9 4 17 
it=489 T=0.995 best=16: 16 6 11 22 2 18 7 14 10 19 5 13 21 3 8 15 23 20 1 12 9 4 17 
it=523 T=0.995 best=14: 16 6 11 22 2 18 7 14 19 10 5 21 1 13 8 15 23 20 3 12 9 4 17 
it=533 T=0.995 best=13: 17 6 11 22 2 18 7 14 19 10 5 21 1 13 8 15 23 3 20 12 9 4 16 
it=556 T=0.995 best=12: 18 6 11 22 2 17 7 14 19 10 5 21 1 12 8 15 3 23 20 13 9 4 16 
it=1151 T=0.990 best=10: 6 18 11 22 2 14 7 13 20 4 10 15 21 1 17 8 19 12 5 23 9 3 16 
it=1213 T=0.990 best=9: 5 18 11 23 2 15 7 12 20 4 10 14 21 1 17 8 19 13 6 9 22 3 16 
it=1214 T=0.990 best=8: 5 18 11 22 2 15 7 12 20 4 10 14 21 1 17 8 19 13 6 9 23 3 16 
it=1445 T=0.990 best=7: 5 18 11 22 2 16 7 12 19 4 10 14 21 1 8 15 20 13 6 23 9 3 17 
it=1499 T=0.990 best=6: 5 18 11 22 2 16 13 7 19 10 4 14 21 1 8 15 20 12 6 23 9 17 3 
it=2834 T=0.985 best=5: 17 3 12 22 8 18 11 2 20 9 14 5 21 7 15 1 19 13 6 23 10 16 4 
it=4021 T=0.980 best=3: 14 3 20 7 17 12 23 2 18 9 5 13 21 8 15 1 19 11 6 22 10 16 4 
it=13809 T=0.932 best=2: 10 18 3 15 5 23 12 8 19 2 13 21 7 16 4 20 9 14 22 1 11 6 17 
it=13819 T=0.932 best=1: 10 18 3 15 5 23 12 8 19 2 13 21 7 16 9 4 20 14 22 1 11 6 17 
it=39454 T=0.822 best=0: 10 16 2 22 6 11 19 15 5 21 12 1 9 18 4 13 23 7 17 3 14 20 8 
