start n=22 k=7 sym=0 missing=974 seed=224
it=0 T=1.000 best=871: 7 1 21 12 5 16 18 15 22 11 10 4 17 8 9 14 6 20 19 2 13 3 
it=1 T=0.995 best=792: 8 1 21 12 5 16 18 15 22 11 10 4 17 7 9 14 6 20 19 2 13 3 
it=2 T=0.995 best=749: 8 1 21 12 5 16 18 15 22 11 10 4 17 6 9 14 7 20 19 2 13 3 
it=5 T=0.995 best=602: 8 1 21 12 5 16 18 15 22 11 10 4 17 6 9 14 20 7 19 2 13 3 
it=7 T=0.995 best=554: 8 1 21 12 5 16 18 15 22 11 10 4 17 6 9 20 14 7 19 2 13 3 
it=10 T=0.995 best=546: 8 2 21 12 5 16 18 15 22 11 10 4 17 6 9 20 14 7 19 1 13 3 
it=11 T=0.995 best=439: 8 2 21 12 5 16 18 15 22 10 11 4 17 6 9 20 14 7 19 1 13 3 
it=12 T=0.995 best=346: 8 2 21 12 5 16 18 15 22 10 4 11 17 6 9 20 14 7 19 1 13 3 
it=25 T=0.995 best=337: 8 2 21 12 5 16 18 15 22 10 4 11 17 6 9 20 14 7 19 1 3 13 
it=33 T=0.995 best=297: 8 2 21 12 5 16 18 15 10 22 4 11 17 6 9 20 14 7 19 1 3 13 
it=35 T=0.995 best=259: 8 2 20 12 5 16 18 15 10 22 4 11 17 6 9 21 14 7 19 1 3 13 
it=38 T=0.995 best=250: 8 2 20 12 5 16 18 15 10 22 4 11 17 6 21 9 14 7 19 1 3 13 
it=46 T=0.995 best=239: 8 2 20 12 5 16 19 15 10 22 4 11 17 6 21 9 14 7 18 1 3 13 
it=50 T=0.995 best=202: 8 20 2 12 5 16 19 15 10 22 4 11 17 6 21 9 14 7 18 1 3 13 
it=53 T=0.995 best=186: 8 20 2 12 5 16 19 15 10 21 4 11 17 6 22 9 14 7 18 1 3 13 
it=54 T=0.995 best=164: 8 20 2 12 5 16 19 14 10 21 4 11 17 6 22 9 15 7 18 1 3 13 
it=68 T=0.995 best=139: 8 20 2 12 16 5 19 14 10 21 4 11 17 6 22 9 15 7 18 1 3 13 
it=74 T=0.995 best=138: 8 20 2 12 16 5 19 14 10 21 4 11 17 6 9 22 15 7 18 1 3 13 
it=80 T=0.995 best=120: 8 20 2 12 16 5 19 14 9 21 4 11 17 6 10 22 15 7 18 1 3 13 
it=82 T=0.995 best=110: 8 20 2 11 16 5 19 14 9 21 4 12 17 6 10 22 15 7 18 1 3 13 
it=87 T=0.995 best=97: 8 20 2 11 16 5 19 14 9 21 3 12 17 6 10 22 15 7 18 1 4 13 
it=109 T=0.995 best=92: 8 20 3 11 16 5 19 14 9 21 2 12 6 17 10 22 15 7 18 1 4 13 
it=120 T=0.995 best=79: 8 20 3 11 16 5 19 14 9 2 21 12 6 17 10 22 15 7 18 1 4 13 
it=122 T=0.995 best=76: 8 20 3 11 16 5 19 14 9 2 21 12 6 17 10 15 22 7 18 1 4 13 
it=133 T=0.995 best=75: 8 20 3 11 16 6 19 14 9 2 21 12 5 17 10 15 22 7 18 1 4 13 
it=141 T=0.995 best=69: 8 20 3 11 16 6 19 14 9 1 21 12 4 17 10 15 22 7 18 2 5 13 
it=146 T=0.995 best=68: 8 20 3 11 16 6 19 14 10 1 21 12 4 17 9 15 22 7 18 2 5 13 
it=171 T=0.995 best=63: 8 20 11 2 16 6 18 14 9 3 21 12 4 19 10 15 22 7 17 1 5 13 
it=198 T=0.995 best=46: 8 20 11 2 16 6 18 14 9 3 21 12 4 19 10 15 22 7 1 17 5 13 
it=266 T=0.995 best=45: 7 20 11 1 16 6 18 14 3 9 21 12 4 19 10 15 22 8 2 17 5 13 
it=297 T=0.995 best=42: 7 20 11 2 16 6 18 14 3 9 21 12 4 19 10 15 22 1 8 17 5 13 
it=392 T=0.995 best=35: 7 20 2 11 16 6 18 14 3 9 21 12 4 19 10 15 1 22 8 17 5 13 
it=399 T=0.995 best=32: 7 20 2 11 16 6 19 14 3 9 21 12 4 18 10 15 1 22 8 17 5 13 
it=423 T=0.995 best=31: 7 20 2 11 16 6 19 14 3 9 21 12 4 18 10 1 15 22 8 17 5 13 
it=450 T=0.995 best=27: 7 20 2 11 16 6 19 14 3 9 21 12 18 4 10 1 15 22 8 17 5 13 
it=462 T=0.995 best=25: 7 20 2 11 16 6 19 14 3 9 21 13 18 4 10 1 15 22 8 17 5 12 
it=511 T=0.995 best=23: 7 19 11 2 16 20 6 14 3 9 21 13 18 4 10 1 15 22 8 17 5 12 
it=2914 T=0.985 best=21: 8 20 2 12 16 7 19 14 3 10 21 5 13 18 1 9 15 22 6 17 11 4 
it=4289 T=0.975 best=19: 8 20 2 12 16 7 19 14 3 9 21 5 13 1 18 10 15 6 22 17 4 11 
it=22430 T=0.896 best=18: 8 20 2 12 16 7 19 14 3 10 21 5 13 18 1 9 15 6 22 11 17 4 
it=200000 T=0.374 cur=19 (s24) best=18
it=400000 T=0.300 cur=19 (s24) best=18
