start n=23 k=7 sym=0 missing=1830 seed=231
it=1 T=1.990 best=1818: 7 2 3 9 14 11 15 6 17 4 10 21 16 23 12 19 18 8 13 5 1 20 22 
it=5 T=1.990 best=1817: 7 3 2 9 14 11 15 6 17 4 10 21 16 23 12 19 18 8 13 5 1 20 22 
it=11 T=1.990 best=1706: 7 3 2 9 14 11 15 6 17 4 10 21 16 23 12 20 18 8 13 5 1 19 22 
it=12 T=1.990 best=1627: 7 3 2 9 14 11 16 6 17 4 10 21 15 23 12 20 18 8 13 5 1 19 22 
it=14 T=1.990 best=1592: 7 3 2 9 14 12 16 6 17 4 10 21 15 23 11 20 18 8 13 5 1 19 22 
it=16 T=1.990 best=1535: 7 3 2 9 14 12 16 6 17 4 10 21 15 23 11 20 8 18 13 5 1 19 22 
it=17 T=1.990 best=1418: 7 3 2 9 14 12 16 6 17 4 21 10 15 23 11 20 8 18 13 5 1 19 22 
it=25 T=1.990 best=1332: 7 3 2 9 14 12 16 6 18 4 21 10 15 23 11 20 8 17 13 5 1 19 22 
it=32 T=1.990 best=1249: 7 3 2 9 14 12 16 6 18 21 4 10 15 23 11 20 8 17 13 5 1 19 22 
it=34 T=1.990 best=1135: 7 3 2 9 14 16 12 6 18 21 4 10 15 23 11 20 8 17 13 5 1 19 22 
it=35 T=1.990 best=1128: 7 3 2 9 14 16 12 6 18 21 4 10 23 15 11 20 8 17 13 5 1 19 22 
it=36 T=1.990 best=960: 7 3 2 14 9 16 12 6 18 21 4 10 23 15 11 20 8 17 13 5 1 19 22 
it=37 T=1.990 best=896: 7 3 2 14 9 16 12 6 18 21 10 4 23 15 11 20 8 17 13 5 1 19 22 
it=39 T=1.990 best=872: 7 3 2 14 9 16 12 6 18 21 10 23 4 15 11 20 8 17 13 5 1 19 22 
it=44 T=1.990 best=861: 7 3 1 14 9 16 12 6 18 21 10 23 4 15 11 20 8 17 13 5 2 19 22 
it=46 T=1.990 best=854: 7 3 1 14 9 16 12 6 18 21 10 23 4 15 11 20 8 17 13 5 19 2 22 
it=50 T=1.990 best=699: 7 3 1 14 9 16 12 6 21 18 10 23 4 15 11 20 8 17 13 5 19 2 22 
it=51 T=1.990 best=666: 7 3 1 14 9 16 12 6 21 19 10 23 4 15 11 20 8 17 13 5 18 2 22 
it=52 T=1.990 best=663: 7 3 1 14 9 16 12 6 21 19 10 23 4 11 15 20 8 17 13 5 18 2 22 
it=60 T=1.990 best=649: 7 1 3 14 9 16 12 6 21 19 10 23 4 11 15 20 8 17 13 5 18 2 22 
it=61 T=1.990 best=591: 7 1 3 14 9 16 12 6 21 19 10 23 4 11 15 20 8 18 13 5 17 2 22 
it=66 T=1.990 best=479: 7 1 3 14 9 16 12 21 6 19 10 23 4 11 15 20 8 18 13 5 17 2 22 
it=68 T=1.990 best=423: 7 1 14 3 9 16 12 21 6 19 10 23 4 11 15 20 8 18 13 5 17 2 22 
it=71 T=1.990 best=400: 7 1 14 3 9 16 12 21 6 19 10 23 4 11 15 20 8 18 5 13 17 2 22 
it=87 T=1.990 best=375: 7 1 15 3 9 16 13 21 6 19 10 23 4 11 14 20 8 18 5 12 17 2 22 
it=89 T=1.990 best=359: 7 15 1 3 9 16 13 21 6 19 10 23 4 11 14 20 8 18 5 12 17 2 22 
it=90 T=1.990 best=339: 7 15 1 3 9 16 13 21 6 19 10 23 4 14 11 20 8 18 5 12 17 2 22 
it=93 T=1.990 best=322: 7 15 1 4 9 16 13 21 6 19 10 23 3 14 11 20 8 18 5 12 17 2 22 
it=98 T=1.990 best=240: 15 7 1 4 9 16 13 21 6 19 10 23 3 14 11 20 8 18 5 12 17 2 22 
it=99 T=1.990 best=208: 15 7 1 4 9 16 13 21 6 19 10 23 14 3 11 20 8 18 5 12 17 2 22 
it=105 T=1.990 best=205: 15 7 1 4 9 16 13 21 6 19 10 23 14 3 12 20 8 18 5 11 17 2 22 
it=108 T=1.990 best=203: 15 7 1 4 9 16 13 21 19 6 10 23 14 3 12 20 8 18 5 11 17 2 22 
it=116 T=1.990 best=179: 15 7 1 4 16 9 13 21 19 6 10 23 14 3 12 20 8 18 5 11 17 2 22 
it=118 T=1.990 best=159: 15 7 1 16 4 9 13 21 19 6 10 23 14 3 12 20 8 18 5 11 17 2 22 
it=122 T=1.990 best=141: 15 7 1 16 4 9 13 22 19 6 10 23 14 3 12 20 8 18 5 11 17 2 21 
it=125 T=1.990 best=130: 15 7 1 16 4 9 13 22 19 6 10 23 14 2 12 20 8 18 5 11 17 3 21 
it=131 T=1.990 best=123: 15 7 1 16 4 9 13 22 19 5 10 23 14 2 12 21 8 18 6 11 17 3 20 
it=133 T=1.990 best=111: 15 7 1 16 4 9 13 23 19 5 10 22 14 2 12 21 8 18 6 11 17 3 20 
it=136 T=1.990 best=110: 15 7 1 16 4 9 13 23 19 5 10 21 14 2 12 22 8 18 6 11 17 3 20 
it=138 T=1.990 best=99: 15 7 1 16 4 9 13 23 19 5 10 21 14 2 12 8 22 18 6 11 17 3 20 
it=166 T=1.990 best=88: 15 7 1 16 5 9 13 23 19 4 10 21 14 2 12 8 22 18 6 11 17 3 20 
it=171 T=1.990 best=84: 15 7 1 16 5 9 13 23 19 4 10 21 14 2 12 8 18 22 6 11 17 3 20 
it=174 T=1.990 best=83: 15 7 16 1 5 9 13 23 19 4 10 21 14 2 12 8 18 22 6 11 17 3 20 
it=190 T=1.990 best=76: 15 7 16 5 9 1 23 13 19 4 10 21 14 2 12 8 18 22 6 11 17 3 20 
it=192 T=1.990 best=71: 15 7 16 5 10 1 23 13 19 4 9 21 14 2 12 8 18 22 6 11 17 3 20 
it=200 T=1.990 best=64: 15 7 16 5 10 23 1 13 19 4 9 21 14 2 12 8 18 22 6 11 17 3 20 
it=203 T=1.990 best=62: 15 7 16 5 10 22 1 13 19 4 9 21 14 2 12 8 18 23 6 11 17 3 20 
it=212 T=1.990 best=56: 15 7 17 5 10 22 1 13 19 4 9 21 14 2 12 8 18 23 6 11 16 3 20 
it=216 T=1.990 best=40: 15 7 17 5 10 22 1 19 13 4 9 21 14 2 12 8 18 23 6 11 16 3 20 
it=217 T=1.990 best=35: 15 7 17 5 10 22 1 19 13 4 8 21 14 2 12 9 18 23 6 11 16 3 20 
it=244 T=1.990 best=33: 15 7 18 5 10 23 1 19 13 4 8 21 14 12 2 9 17 22 6 11 16 3 20 
it=248 T=1.990 best=32: 15 7 18 5 10 1 23 19 13 4 8 21 14 12 2 9 17 22 6 11 16 3 20 
it=259 T=1.990 best=25: 16 7 19 5 10 1 22 18 13 4 8 14 21 12 2 9 17 23 6 11 15 3 20 
it=261 T=1.990 best=24: 16 7 19 5 10 1 22 18 13 4 8 14 21 12 2 17 9 23 6 11 15 3 20 
it=294 T=1.990 best=23: 15 7 20 5 1 10 22 18 13 4 8 14 21 2 12 9 23 17 6 11 16 3 19 
it=296 T=1.990 best=22: 16 7 20 5 1 10 22 18 13 4 8 14 21 2 12 9 23 17 6 11 15 3 19 
it=320 T=1.990 best=19: 16 7 20 1 5 10 22 18 13 4 8 14 21 2 12 23 9 17 6 11 15 3 19 
it=335 T=1.990 best=16: 15 7 20 1 11 5 22 18 13 3 8 14 21 12 2 9 23 17 6 10 16 4 19 
it=336 T=1.990 best=15: 15 7 20 1 11 5 22 18 13 4 8 14 21 12 2 9 23 17 6 10 16 3 19 
it=347 T=1.990 best=13: 15 7 20 1 11 5 23 18 13 4 8 14 21 12 2 9 22 17 6 10 16 3 19 
it=599 T=1.990 best=12: 14 7 19 2 10 22 17 6 12 15 3 8 20 13 1 23 9 18 4 16 21 11 5 
it=735 T=1.990 best=9: 14 19 7 1 11 22 18 6 12 4 16 8 20 13 2 23 17 9 5 15 21 10 3 
it=1241 T=1.980 best=8: 13 7 17 2 23 11 19 5 12 16 3 8 20 15 9 1 22 6 14 18 4 21 10 
it=1449 T=1.980 best=6: 14 7 19 2 10 23 18 5 12 17 4 8 20 15 1 9 22 13 6 16 21 3 11 
it=1820 T=1.980 best=5: 15 7 19 2 10 22 18 4 12 8 16 5 20 14 1 9 23 13 6 17 3 21 11 
it=2190 T=1.970 best=2: 7 13 20 10 1 18 23 4 12 16 8 19 5 15 2 9 22 14 6 17 11 3 21 
it=2211 T=1.970 best=1: 7 20 13 10 1 18 23 4 12 16 8 19 5 15 2 9 22 14 6 17 11 3 21 
it=2241 T=1.970 best=0: 7 20 13 10 2 18 23 4 12 16 8 5 19 15 1 9 22 14 6 17 11 3 21 
