start n=22 k=7 sym=1 missing=1593 seed=230
it=0 T=2.000 best=1543: 10 4 12 2 18 15 3 1 9 16 6 17 7 14 22 20 8 5 21 11 19 13 
it=1 T=1.994 best=1044: 10 5 12 2 19 15 3 1 9 16 6 17 7 14 22 20 8 4 21 11 18 13 
it=7 T=1.994 best=1015: 10 5 12 2 19 3 15 1 9 16 6 17 7 14 22 8 20 4 21 11 18 13 
it=8 T=1.994 best=981: 9 5 12 2 19 3 15 1 10 16 6 17 7 13 22 8 20 4 21 11 18 14 
it=9 T=1.994 best=731: 9 5 12 2 20 4 15 1 10 16 6 17 7 13 22 8 19 3 21 11 18 14 
it=10 T=1.994 best=730: 8 5 12 2 20 4 14 1 10 16 6 17 7 13 22 9 19 3 21 11 18 15 
it=15 T=1.994 best=711: 8 5 13 2 20 4 14 1 11 16 6 17 7 12 22 9 19 3 21 10 18 15 
it=17 T=1.994 best=595: 8 5 13 2 20 4 14 1 11 17 7 16 6 12 22 9 19 3 21 10 18 15 
it=22 T=1.994 best=495: 8 5 13 2 20 4 14 11 1 17 7 16 6 22 12 9 19 3 21 10 18 15 
it=23 T=1.994 best=435: 8 6 13 2 20 4 14 11 1 18 7 16 5 22 12 9 19 3 21 10 17 15 
it=25 T=1.994 best=366: 8 6 13 2 20 4 14 11 18 1 7 16 22 5 12 9 19 3 21 10 17 15 
it=28 T=1.994 best=299: 8 6 13 2 20 14 4 11 18 1 7 16 22 5 12 19 9 3 21 10 17 15 
it=29 T=1.994 best=224: 8 6 13 2 20 14 4 11 18 7 1 22 16 5 12 19 9 3 21 10 17 15 
it=30 T=1.994 best=198: 9 6 13 2 20 15 4 11 18 7 1 22 16 5 12 19 8 3 21 10 17 14 
it=31 T=1.994 best=182: 9 13 6 2 20 15 4 11 18 7 1 22 16 5 12 19 8 3 21 17 10 14 
it=32 T=1.994 best=178: 10 14 6 2 20 15 4 11 18 7 1 22 16 5 12 19 8 3 21 17 9 13 
it=33 T=1.994 best=167: 10 14 7 2 20 15 4 11 18 6 1 22 17 5 12 19 8 3 21 16 9 13 
it=38 T=1.994 best=149: 10 14 2 7 20 15 4 11 18 6 1 22 17 5 12 19 8 3 16 21 9 13 
it=41 T=1.994 best=143: 10 14 2 8 20 16 4 11 18 6 1 22 17 5 12 19 7 3 15 21 9 13 
it=63 T=1.994 best=139: 14 2 10 8 20 16 4 11 18 6 22 1 17 5 12 19 7 3 15 13 21 9 
it=77 T=1.994 best=79: 14 2 10 20 8 16 4 11 18 6 22 1 17 5 12 19 7 15 3 13 21 9 
it=84 T=1.994 best=77: 14 2 20 10 8 16 4 11 18 6 22 1 17 5 12 19 7 15 13 3 21 9 
it=116 T=1.994 best=66: 14 2 10 20 8 17 4 11 18 7 22 1 16 5 12 19 6 15 3 13 21 9 
it=127 T=1.994 best=59: 14 2 10 20 8 17 4 12 18 7 22 1 16 5 11 19 6 15 3 13 21 9 
it=133 T=1.994 best=50: 14 3 10 21 8 17 4 12 18 7 22 1 16 5 11 19 6 15 2 13 20 9 
it=202 T=1.994 best=44: 14 3 10 21 8 17 4 12 18 7 1 22 16 5 11 19 6 15 2 13 20 9 
it=230 T=1.994 best=43: 14 3 11 21 8 17 4 13 18 7 1 22 16 5 10 19 6 15 2 12 20 9 
it=259 T=1.994 best=40: 15 11 3 21 9 17 4 13 18 7 1 22 16 5 10 19 6 14 2 20 12 8 
it=442 T=1.994 best=32: 10 15 2 20 17 9 4 12 18 7 1 22 16 5 11 19 14 6 3 21 8 13 
it=8357 T=1.947 best=30: 10 17 3 21 9 16 4 12 18 1 8 15 22 5 11 19 7 14 2 20 6 13 
it=9384 T=1.941 best=25: 10 17 3 21 9 16 5 11 19 1 15 8 22 4 12 18 7 14 2 20 6 13 
it=78529 T=1.587 best=20: 18 12 3 8 21 14 6 19 13 1 7 16 22 10 4 17 9 2 15 20 11 5 
it=200000 T=1.110 cur=23 (s28) best=20
