start n=22 k=7 sym=0 missing=1060 seed=225
it=3 T=1.994 best=759: 19 20 7 3 4 11 21 12 17 2 6 9 15 8 22 1 13 18 5 10 14 16 
it=5 T=1.994 best=714: 19 20 7 2 4 11 21 12 17 3 6 9 15 8 22 1 13 18 5 10 14 16 
it=9 T=1.994 best=693: 19 20 7 2 5 11 21 12 17 3 6 9 15 8 22 1 13 18 4 10 14 16 
it=11 T=1.994 best=609: 20 19 7 2 5 11 21 12 17 3 6 9 15 8 22 1 13 18 4 10 14 16 
it=15 T=1.994 best=492: 20 19 7 2 5 11 21 12 17 3 6 9 15 8 22 1 13 18 4 14 10 16 
it=19 T=1.994 best=470: 20 19 7 2 5 12 21 11 17 3 6 9 15 8 22 1 13 18 4 14 10 16 
it=20 T=1.994 best=449: 20 19 7 2 5 12 21 11 3 17 6 9 15 8 22 1 13 18 4 14 10 16 
it=23 T=1.994 best=391: 20 19 7 2 12 5 21 11 3 17 6 9 15 8 22 1 13 18 4 14 10 16 
it=24 T=1.994 best=299: 20 7 19 2 12 5 21 11 3 17 6 9 15 8 22 1 13 18 4 14 10 16 
it=25 T=1.994 best=289: 20 7 19 2 12 5 21 11 3 16 6 9 15 8 22 1 13 18 4 14 10 17 
it=28 T=1.994 best=258: 20 7 18 2 12 5 21 11 3 16 6 9 15 8 22 1 13 19 4 14 10 17 
it=31 T=1.994 best=247: 20 7 18 2 12 6 21 11 3 16 5 9 15 8 22 1 13 19 4 14 10 17 
it=38 T=1.994 best=239: 20 7 18 2 12 6 21 11 3 16 5 10 15 8 22 1 13 19 4 14 9 17 
it=39 T=1.994 best=152: 20 7 18 2 11 6 21 12 3 16 5 10 15 8 22 1 13 19 4 14 9 17 
it=51 T=1.994 best=127: 20 7 18 2 11 6 21 12 3 16 5 10 15 22 8 1 13 19 4 14 9 17 
it=80 T=1.994 best=120: 7 20 3 18 11 6 21 12 2 16 5 10 15 22 8 1 13 19 4 14 9 17 
it=81 T=1.994 best=118: 7 20 3 18 11 6 21 12 2 16 10 5 15 22 8 1 13 19 4 14 9 17 
it=82 T=1.994 best=116: 7 20 3 18 11 5 21 12 2 16 10 6 15 22 8 1 13 19 4 14 9 17 
it=85 T=1.994 best=109: 20 7 3 18 11 5 21 12 2 16 10 6 15 22 8 1 13 19 4 14 9 17 
it=91 T=1.994 best=105: 19 8 3 18 11 5 21 12 16 2 10 6 15 22 7 1 13 20 4 14 9 17 
it=95 T=1.994 best=97: 19 8 3 18 11 6 21 12 16 2 10 5 15 22 7 1 13 20 4 14 9 17 
it=104 T=1.994 best=90: 19 8 3 17 11 6 21 13 16 2 10 5 15 22 7 1 12 20 4 14 9 18 
it=108 T=1.994 best=82: 19 8 3 11 17 6 21 13 16 2 10 5 15 22 7 1 12 20 4 14 9 18 
it=116 T=1.994 best=79: 8 19 3 11 17 6 21 13 16 2 10 5 15 22 7 12 1 20 4 14 9 18 
it=131 T=1.994 best=77: 8 20 3 11 17 6 21 13 16 2 10 5 14 22 7 1 12 19 4 15 9 18 
it=139 T=1.994 best=67: 8 20 3 11 17 6 21 13 2 16 10 5 14 22 7 1 12 19 4 15 9 18 
it=144 T=1.994 best=65: 8 20 3 11 17 6 21 13 2 16 10 5 22 14 7 1 19 12 4 15 9 18 
it=151 T=1.994 best=59: 8 20 3 11 17 6 21 13 2 16 10 5 22 14 7 1 19 12 15 4 9 18 
it=152 T=1.994 best=57: 8 20 3 11 17 6 21 13 2 16 10 5 22 14 1 7 19 12 15 4 9 18 
it=168 T=1.994 best=52: 8 20 3 11 17 6 13 21 2 16 10 5 14 22 1 7 19 12 15 4 9 18 
it=171 T=1.994 best=46: 8 20 2 11 17 6 13 21 3 16 10 5 14 22 1 7 19 12 15 4 9 18 
it=183 T=1.994 best=45: 8 20 2 11 17 6 14 3 21 16 10 5 22 13 1 7 19 12 15 4 9 18 
it=194 T=1.994 best=44: 8 20 2 11 17 6 14 3 21 16 10 5 22 13 1 7 18 12 15 4 9 19 
it=208 T=1.994 best=43: 8 20 2 11 17 6 13 3 21 16 10 5 22 14 1 7 18 12 15 4 9 19 
it=220 T=1.994 best=42: 8 20 2 11 17 6 13 3 21 16 10 5 14 22 1 7 18 12 15 9 4 19 
it=238 T=1.994 best=41: 8 20 2 11 17 7 13 4 21 16 10 5 14 22 1 6 19 12 15 9 3 18 
it=239 T=1.994 best=37: 8 20 2 12 17 7 13 4 21 16 10 5 14 22 1 6 19 11 15 9 3 18 
it=282 T=1.994 best=31: 8 20 2 12 17 7 14 4 21 16 10 5 13 22 1 6 18 11 15 9 3 19 
it=403 T=1.994 best=30: 8 20 2 12 17 7 14 4 21 16 10 5 22 13 1 6 19 11 15 9 3 18 
it=727 T=1.994 best=29: 8 20 2 12 17 7 14 4 21 16 10 5 22 13 1 6 18 11 15 9 3 19 
it=2083 T=1.982 best=28: 8 20 2 16 11 6 14 21 4 17 10 5 22 13 1 7 19 12 15 9 3 18 
it=2567 T=1.982 best=23: 10 20 2 16 7 12 4 21 15 9 18 5 13 22 1 6 17 11 14 8 3 19 
it=3712 T=1.976 best=22: 10 19 2 15 6 12 4 21 16 9 5 18 13 1 22 7 11 17 8 20 3 14 
it=3996 T=1.976 best=18: 10 19 2 15 6 12 4 21 16 9 5 18 13 1 22 7 11 17 20 8 3 14 
it=17433 T=1.895 best=17: 18 3 9 15 22 11 7 2 13 19 4 16 8 21 12 6 1 17 10 20 5 14 
it=23131 T=1.866 best=14: 3 9 18 12 15 22 7 2 11 19 16 4 8 21 14 6 1 17 10 20 5 13 
it=32402 T=1.817 best=12: 8 18 2 11 21 15 7 3 19 13 9 5 20 12 17 1 6 14 22 10 4 16 
it=32997 T=1.811 best=11: 8 18 2 11 22 15 7 3 19 14 9 5 20 12 17 1 6 13 21 10 4 16 
it=33043 T=1.811 best=10: 8 18 2 11 22 15 7 3 19 13 9 5 20 12 17 1 6 14 21 10 4 16 
it=200000 T=1.110 cur=16 (s24) best=10
