start n=22 k=7 sym=0 missing=3110 seed=227
it=0 T=2.000 best=2635: 19 13 17 21 15 20 5 16 6 10 7 11 2 3 12 8 4 1 14 18 22 9 
it=1 T=1.994 best=2581: 19 13 17 21 15 20 5 16 6 10 7 11 1 3 12 8 4 2 14 18 22 9 
it=3 T=1.994 best=2366: 19 13 17 21 15 20 5 16 6 10 7 11 1 3 12 8 4 14 2 18 22 9 
it=6 T=1.994 best=2154: 19 13 17 21 14 20 4 16 6 10 7 11 1 3 12 8 5 15 2 18 22 9 
it=7 T=1.994 best=2113: 19 13 17 21 14 20 4 16 6 9 7 11 1 3 12 8 5 15 2 18 22 10 
it=9 T=1.994 best=2103: 19 13 17 21 14 20 4 16 6 9 7 12 1 3 11 8 5 15 2 18 22 10 
it=12 T=1.994 best=2071: 19 13 17 21 14 20 4 16 6 9 7 12 1 3 11 8 5 15 2 18 10 22 
it=19 T=1.994 best=1993: 19 13 17 21 14 20 4 16 7 9 6 12 1 3 11 8 5 15 2 18 10 22 
it=20 T=1.994 best=1808: 19 13 17 21 14 20 4 16 7 9 6 12 1 3 11 8 15 5 2 18 10 22 
it=25 T=1.994 best=1788: 19 13 17 22 14 20 4 16 7 9 6 12 1 3 11 8 15 5 2 18 21 10 
it=31 T=1.994 best=1728: 19 13 16 22 14 20 4 17 7 9 6 12 1 3 11 8 15 5 2 18 21 10 
it=32 T=1.994 best=1707: 19 13 16 22 14 20 4 17 7 9 5 12 1 3 11 8 15 6 2 18 21 10 
it=36 T=1.994 best=1673: 19 13 16 22 14 20 4 17 7 10 5 12 1 3 11 8 15 6 2 18 21 9 
it=38 T=1.994 best=1669: 19 13 16 14 22 20 4 17 7 10 5 12 1 3 11 8 15 6 2 18 21 9 
it=44 T=1.994 best=1549: 19 13 16 14 22 20 4 17 7 10 5 12 1 3 11 8 15 6 2 21 18 9 
it=45 T=1.994 best=1446: 19 13 16 14 22 20 4 7 17 10 5 12 1 3 11 8 15 6 2 21 18 9 
it=48 T=1.994 best=1410: 19 13 16 14 22 20 4 7 17 10 5 12 1 3 11 8 15 6 2 21 9 18 
it=57 T=1.994 best=1405: 18 13 16 14 22 20 4 7 17 10 5 12 1 3 11 8 15 6 2 21 9 19 
it=59 T=1.994 best=1249: 18 13 16 14 22 20 3 7 17 10 5 12 1 4 11 8 15 6 2 21 9 19 
it=61 T=1.994 best=1224: 18 13 16 14 22 20 3 7 17 5 10 12 1 4 11 8 15 6 2 21 9 19 
it=68 T=1.994 best=1036: 18 12 16 14 22 20 3 7 5 17 10 13 1 4 11 8 15 6 2 21 9 19 
it=70 T=1.994 best=999: 18 12 16 14 22 20 3 7 4 17 10 13 1 5 11 8 15 6 2 21 9 19 
it=74 T=1.994 best=927: 18 12 16 14 22 20 3 7 4 17 10 13 1 5 11 8 15 6 21 2 9 19 
it=78 T=1.994 best=901: 18 12 16 14 22 20 3 7 4 17 9 13 1 5 11 8 15 6 21 2 10 19 
it=87 T=1.994 best=872: 18 12 16 14 22 20 3 7 4 17 9 13 1 6 11 8 15 5 21 2 10 19 
it=89 T=1.994 best=849: 18 12 16 14 22 20 3 7 4 17 9 1 13 6 11 8 15 5 21 2 10 19 
it=93 T=1.994 best=804: 18 12 16 14 22 20 3 7 4 17 9 1 13 6 11 15 8 5 21 2 10 19 
it=124 T=1.994 best=798: 18 12 16 14 22 20 2 7 4 17 9 1 13 6 11 15 8 5 21 3 10 19 
it=127 T=1.994 best=668: 18 12 16 14 22 2 20 7 4 17 9 1 13 6 11 15 8 5 21 3 10 19 
it=129 T=1.994 best=655: 18 12 16 14 22 3 20 7 4 17 9 1 13 6 11 15 8 5 21 2 10 19 
it=132 T=1.994 best=642: 12 18 16 14 22 3 20 7 4 17 9 1 13 6 11 15 8 5 21 2 10 19 
it=140 T=1.994 best=632: 12 18 15 14 22 3 20 7 4 17 10 1 13 6 16 11 8 5 21 2 9 19 
it=143 T=1.994 best=573: 12 18 15 14 22 3 20 7 4 17 10 1 13 6 16 11 8 21 5 2 9 19 
it=151 T=1.994 best=543: 12 15 18 14 22 3 20 7 4 17 10 1 13 6 16 11 8 21 5 2 9 19 
it=156 T=1.994 best=521: 12 15 19 14 22 3 20 7 4 17 10 1 13 6 16 11 8 21 5 2 9 18 
it=157 T=1.994 best=514: 12 15 19 14 22 3 20 8 4 17 10 1 13 6 16 11 7 21 5 2 9 18 
it=160 T=1.994 best=505: 12 15 19 14 22 3 20 8 4 17 10 1 13 6 16 7 11 21 5 2 9 18 
it=173 T=1.994 best=460: 12 15 19 14 22 3 8 20 4 17 10 1 13 6 16 7 11 21 5 2 9 18 
it=175 T=1.994 best=390: 12 15 19 14 22 3 8 20 4 17 10 1 13 6 16 7 21 11 5 2 9 18 
it=177 T=1.994 best=337: 12 15 19 14 22 3 8 20 4 17 10 1 13 6 16 7 21 11 5 2 18 9 
it=187 T=1.994 best=320: 12 15 19 14 22 3 8 20 4 10 17 1 13 6 16 7 21 11 5 2 18 9 
it=189 T=1.994 best=296: 12 15 19 14 22 3 7 20 4 10 17 1 13 6 16 8 21 11 5 2 18 9 
it=190 T=1.994 best=287: 12 15 19 14 22 2 7 20 4 10 17 1 13 6 16 8 21 11 5 3 18 9 
it=193 T=1.994 best=281: 12 15 19 14 22 2 7 20 4 10 17 1 13 6 16 21 8 11 5 3 18 9 
it=201 T=1.994 best=271: 12 15 19 14 22 2 7 20 4 10 17 1 13 6 16 21 8 11 5 18 3 9 
it=206 T=1.994 best=245: 12 15 19 14 2 22 7 20 4 10 17 1 13 6 16 21 8 11 5 18 3 9 
it=218 T=1.994 best=240: 12 15 18 14 2 22 7 20 4 10 16 1 13 6 17 21 8 11 5 19 3 9 
it=219 T=1.994 best=200: 11 15 18 14 2 22 7 20 4 10 16 1 13 6 17 21 8 12 5 19 3 9 
it=224 T=1.994 best=117: 11 15 18 2 14 22 7 4 20 10 16 1 13 6 17 21 8 12 5 19 3 9 
it=225 T=1.994 best=115: 11 15 18 2 14 22 7 4 20 9 16 1 13 6 17 21 8 12 5 19 3 10 
it=229 T=1.994 best=113: 11 15 18 2 14 22 7 4 20 9 16 1 12 6 17 21 8 13 5 19 3 10 
it=235 T=1.994 best=103: 11 15 18 2 14 22 7 4 9 20 16 1 12 6 17 21 8 13 5 19 3 10 
it=237 T=1.994 best=100: 11 15 18 2 22 14 7 4 9 20 16 1 12 6 17 21 8 13 5 3 19 10 
it=242 T=1.994 best=95: 11 15 18 3 22 14 7 4 9 20 16 1 12 6 17 8 21 13 5 2 19 10 
it=259 T=1.994 best=77: 11 18 3 15 22 14 7 4 9 20 16 1 12 6 17 8 21 13 5 2 10 19 
it=260 T=1.994 best=72: 11 18 3 15 22 14 7 4 9 20 16 1 12 6 17 8 21 13 5 2 19 10 
it=265 T=1.994 best=67: 11 18 3 16 22 7 14 4 9 20 15 1 12 6 17 8 21 13 5 2 10 19 
it=272 T=1.994 best=60: 11 18 3 15 7 22 14 4 9 20 16 1 12 5 17 8 21 13 6 2 10 19 
it=273 T=1.994 best=57: 11 18 3 15 7 22 13 4 9 20 16 1 12 5 17 8 21 14 6 2 10 19 
it=301 T=1.994 best=56: 10 18 3 15 7 22 4 13 9 20 1 16 12 5 17 8 21 14 6 2 11 19 
it=306 T=1.994 best=53: 10 18 3 15 7 22 4 13 8 20 1 16 12 5 17 9 21 14 6 2 11 19 
it=310 T=1.994 best=51: 10 19 3 15 7 22 4 13 8 20 1 16 12 5 17 9 21 14 6 2 11 18 
it=312 T=1.994 best=44: 10 19 3 15 7 22 4 13 20 8 1 16 12 5 17 9 21 14 6 2 11 18 
it=318 T=1.994 best=43: 10 19 3 15 7 22 4 13 20 8 16 1 12 5 17 9 21 14 6 2 11 18 
it=339 T=1.994 best=42: 10 19 3 15 7 22 4 13 20 16 8 1 12 5 17 9 21 14 6 2 11 18 
it=347 T=1.994 best=38: 10 19 3 15 7 22 4 13 20 16 8 1 12 5 17 9 21 14 6 2 18 11 
it=369 T=1.994 best=37: 10 20 3 14 7 21 4 13 19 16 8 1 12 5 17 9 22 15 6 2 18 11 
it=375 T=1.994 best=28: 10 20 3 14 7 21 4 13 16 19 8 1 12 5 17 9 22 15 6 2 18 11 
it=404 T=1.994 best=26: 10 20 3 14 7 21 4 13 16 8 19 1 12 5 17 9 22 15 6 2 18 11 
it=431 T=1.994 best=25: 10 19 3 14 7 21 4 13 16 8 20 1 12 5 17 9 22 15 6 2 18 11 
it=905 T=1.994 best=24: 10 19 3 14 7 21 13 4 16 8 20 1 12 5 17 9 22 15 6 2 11 18 
it=909 T=1.994 best=22: 10 20 3 14 7 21 13 5 16 8 19 1 12 4 17 9 22 15 6 2 11 18 
it=1249 T=1.988 best=21: 19 11 3 15 8 21 13 4 16 1 7 20 12 5 17 10 22 14 6 2 18 9 
it=1257 T=1.988 best=20: 19 11 3 15 8 21 4 13 16 1 7 20 12 5 17 10 22 14 6 2 18 9 
it=1702 T=1.988 best=18: 19 11 3 15 7 21 13 6 1 16 8 20 12 4 17 10 22 5 14 2 18 9 
it=1722 T=1.988 best=15: 19 11 3 15 7 21 13 5 1 8 16 20 12 4 17 10 22 6 14 2 18 9 
it=5029 T=1.970 best=14: 11 3 19 15 8 22 5 12 16 1 6 20 14 10 4 18 21 7 13 2 9 17 
it=52548 T=1.711 best=12: 6 17 11 1 22 14 5 18 12 7 2 20 10 16 4 13 8 21 15 3 19 9 
it=200000 T=1.110 cur=16 (s28) best=12
it=400000 T=0.618 cur=17 (s20) best=12
