start n=22 k=7 sym=0 missing=1713 seed=226
it=0 T=2.000 best=1680: 20 7 15 18 6 11 17 19 4 22 10 8 9 12 3 13 2 5 21 14 1 16 
it=1 T=1.994 best=1653: 20 7 15 18 6 11 17 19 4 22 8 10 9 12 3 13 2 5 21 14 1 16 
it=4 T=1.994 best=1479: 20 7 15 18 6 11 19 17 4 22 8 10 9 12 3 13 2 5 21 14 1 16 
it=5 T=1.994 best=1478: 20 7 14 18 6 11 19 17 4 22 8 10 9 12 3 13 2 5 21 15 1 16 
it=6 T=1.994 best=1397: 20 7 13 18 6 11 19 17 4 22 8 10 9 12 3 14 2 5 21 15 1 16 
it=7 T=1.994 best=1234: 20 7 13 18 6 11 19 4 17 22 8 10 9 12 3 14 2 5 21 15 1 16 
it=9 T=1.994 best=1232: 20 7 13 18 6 11 19 4 17 22 8 10 9 12 3 2 14 5 21 15 1 16 
it=11 T=1.994 best=1104: 20 7 13 18 6 11 19 4 16 22 8 10 9 12 3 2 14 5 21 15 1 17 
it=12 T=1.994 best=1005: 20 7 13 18 6 11 19 3 16 22 8 10 9 12 4 2 14 5 21 15 1 17 
it=17 T=1.994 best=920: 20 7 13 18 6 11 3 19 16 22 8 10 9 12 4 1 14 5 21 15 2 17 
it=18 T=1.994 best=810: 20 7 13 18 6 11 3 19 16 22 8 10 12 9 4 1 14 5 21 15 2 17 
it=19 T=1.994 best=726: 20 7 13 18 6 11 3 19 16 8 22 10 12 9 4 1 14 5 21 15 2 17 
it=20 T=1.994 best=685: 7 20 13 18 6 11 3 19 16 8 22 10 12 9 4 1 14 5 21 15 2 17 
it=31 T=1.994 best=568: 7 20 13 18 6 11 2 19 16 8 22 10 12 9 4 1 14 5 21 15 3 17 
it=32 T=1.994 best=564: 6 20 13 18 7 11 2 19 16 8 22 10 12 9 4 1 14 5 21 15 3 17 
it=34 T=1.994 best=388: 6 20 13 18 7 11 2 19 16 8 22 10 12 9 4 1 15 5 21 14 3 17 
it=41 T=1.994 best=331: 6 20 13 18 7 11 2 19 16 8 22 10 12 4 9 1 15 5 21 14 3 17 
it=44 T=1.994 best=327: 6 20 13 18 7 10 2 19 16 8 22 11 12 4 9 1 15 5 21 14 3 17 
it=45 T=1.994 best=297: 6 20 13 18 8 10 2 19 16 7 22 11 12 4 9 1 15 5 21 14 3 17 
it=47 T=1.994 best=257: 6 21 13 18 8 10 2 19 16 7 22 11 12 4 9 1 15 5 20 14 3 17 
it=48 T=1.994 best=250: 6 21 13 18 8 10 2 19 16 7 11 22 12 4 9 1 15 5 20 14 3 17 
it=55 T=1.994 best=238: 6 21 14 18 8 10 2 19 16 7 11 22 12 4 9 1 15 5 20 13 3 17 
it=56 T=1.994 best=227: 6 21 14 18 8 10 2 19 16 7 11 22 12 4 9 1 15 20 5 13 3 17 
it=59 T=1.994 best=224: 6 21 14 18 8 10 2 19 16 7 11 22 12 4 9 1 15 20 5 13 17 3 
it=60 T=1.994 best=194: 6 21 14 18 8 10 2 19 7 16 11 22 12 4 9 1 15 20 5 13 17 3 
it=63 T=1.994 best=152: 6 21 14 8 18 10 2 19 7 16 11 22 12 4 9 1 15 20 5 13 17 3 
it=70 T=1.994 best=146: 6 21 14 8 18 10 2 19 12 7 16 22 11 4 9 1 15 20 5 13 17 3 
it=77 T=1.994 best=136: 6 14 21 8 18 10 2 19 12 7 16 22 11 4 9 1 15 20 5 13 17 3 
it=80 T=1.994 best=102: 5 14 21 8 18 10 2 19 12 7 16 22 11 4 9 1 15 20 6 13 17 3 
it=86 T=1.994 best=98: 5 14 21 8 17 10 2 19 12 7 16 22 4 11 9 1 15 20 6 13 18 3 
it=87 T=1.994 best=97: 5 14 21 8 17 10 2 19 7 12 16 22 4 11 9 1 15 20 6 13 18 3 
it=91 T=1.994 best=95: 5 14 21 8 17 10 2 19 7 12 16 22 3 11 9 1 15 20 6 13 18 4 
it=95 T=1.994 best=87: 5 14 21 8 17 2 10 19 7 12 16 22 3 11 9 1 15 20 6 13 18 4 
it=134 T=1.994 best=82: 5 14 21 8 17 10 2 19 6 13 22 16 11 3 9 15 1 20 7 12 18 4 
it=150 T=1.994 best=79: 5 14 21 8 17 11 2 19 6 13 22 10 16 4 9 1 15 20 7 12 18 3 
it=151 T=1.994 best=70: 5 13 21 8 17 11 2 19 6 14 22 10 16 4 9 1 15 20 7 12 18 3 
it=152 T=1.994 best=66: 5 13 21 8 17 11 2 19 6 14 22 10 16 4 9 1 20 15 7 12 18 3 
it=154 T=1.994 best=63: 4 13 21 8 17 11 2 19 6 14 22 10 16 5 9 1 20 15 7 12 18 3 
it=162 T=1.994 best=50: 4 13 21 8 17 11 2 19 6 14 22 9 16 5 10 1 20 15 7 12 3 18 
it=169 T=1.994 best=43: 4 13 21 8 17 11 2 19 6 14 22 9 5 16 10 1 20 15 7 12 3 18 
it=177 T=1.994 best=42: 4 13 21 8 17 11 2 19 6 15 22 9 5 10 16 1 20 14 7 3 12 18 
it=325 T=1.994 best=41: 13 3 20 8 16 11 1 6 17 22 14 9 5 18 10 2 21 15 7 12 19 4 
it=334 T=1.994 best=40: 13 3 20 8 16 11 1 6 17 22 14 9 4 18 10 2 21 15 7 12 19 5 
it=340 T=1.994 best=39: 13 3 20 8 16 11 1 17 6 22 14 9 4 18 10 2 21 15 7 12 19 5 
it=367 T=1.994 best=38: 13 3 20 7 16 11 1 17 6 22 14 9 4 18 10 2 21 15 8 12 19 5 
it=371 T=1.994 best=36: 13 3 20 7 16 11 1 17 6 22 14 9 5 18 10 2 21 15 8 12 19 4 
it=420 T=1.994 best=33: 13 4 20 7 16 11 1 17 6 22 14 9 3 18 10 21 2 15 8 12 19 5 
it=465 T=1.994 best=31: 13 3 20 7 15 11 1 17 6 22 9 14 4 18 10 21 2 16 8 12 5 19 
it=852 T=1.994 best=30: 12 3 20 15 10 6 17 1 7 21 14 9 18 4 11 22 16 2 8 19 13 5 
it=862 T=1.994 best=26: 12 3 20 15 10 6 17 1 7 21 14 9 4 18 11 22 16 2 8 19 13 5 
it=897 T=1.994 best=25: 12 3 20 15 10 6 17 1 8 21 14 9 4 18 11 22 16 2 7 19 13 5 
it=1042 T=1.988 best=23: 12 3 20 15 10 5 17 1 7 21 14 8 4 18 11 22 16 2 9 19 13 6 
it=2484 T=1.982 best=22: 11 3 20 15 4 10 16 7 21 14 2 9 18 5 12 22 17 1 8 13 19 6 
it=2493 T=1.982 best=19: 11 3 20 15 4 10 17 7 21 14 2 9 18 5 12 22 16 1 8 13 19 6 
it=6021 T=1.964 best=15: 10 18 3 13 5 22 17 9 1 15 19 8 4 11 21 14 6 16 2 12 20 7 
it=8805 T=1.947 best=14: 10 18 3 13 5 22 9 17 2 19 15 8 4 11 21 14 6 16 1 12 20 7 
it=12448 T=1.923 best=12: 16 3 10 21 6 13 18 9 1 20 15 8 4 11 22 14 5 17 2 12 19 7 
it=12857 T=1.923 best=10: 16 3 10 21 6 13 18 9 1 19 15 8 4 11 22 14 5 17 2 12 20 7 
it=12859 T=1.923 best=9: 16 3 10 21 6 13 18 9 2 19 15 8 4 11 22 14 5 17 1 12 20 7 
it=200000 T=1.110 cur=18 (s6) best=9
it=400000 T=0.618 cur=18 (s6) best=9
