start n=24 k=7 sym=0 missing=683 seed=101
it=8 T=1.990 best=495: 22 10 19 3 11 23 1 20 15 5 16 4 2 9 17 14 24 18 21 7 8 13 6 12 
it=14 T=1.990 best=320: 22 10 19 3 11 23 1 20 15 5 16 4 2 9 17 14 24 18 7 21 8 13 6 12 
it=17 T=1.990 best=318: 21 10 19 3 11 23 1 20 15 5 16 4 2 9 17 14 24 18 7 22 8 13 6 12 
it=20 T=1.990 best=317: 22 10 19 3 11 23 1 20 15 5 16 4 2 9 17 14 24 18 7 21 8 12 6 13 
it=24 T=1.990 best=255: 22 10 19 3 11 23 1 20 15 5 16 4 9 2 17 14 24 18 7 21 8 12 6 13 
it=27 T=1.990 best=253: 22 10 19 3 11 23 1 20 15 5 16 4 9 2 17 24 14 18 7 21 8 12 6 13 
it=33 T=1.990 best=203: 22 10 19 3 11 23 1 20 15 5 16 4 9 2 17 24 13 18 7 21 8 12 6 14 
it=42 T=1.990 best=181: 22 10 19 3 12 23 1 20 5 16 15 4 9 2 17 24 13 18 7 21 8 11 6 14 
it=45 T=1.990 best=167: 22 10 19 3 12 23 1 20 5 16 14 4 9 2 17 24 13 18 7 21 8 11 6 15 
it=47 T=1.990 best=159: 22 10 19 3 12 23 1 5 20 16 14 4 9 2 17 24 13 18 7 21 8 11 6 15 
it=48 T=1.990 best=140: 22 10 19 3 12 23 1 5 20 16 13 4 9 2 17 24 14 18 7 21 8 11 6 15 
it=49 T=1.990 best=131: 22 10 19 3 12 23 1 5 20 15 13 4 9 2 17 24 14 18 7 21 8 11 6 16 
it=54 T=1.990 best=128: 22 10 19 3 12 23 2 5 20 15 13 4 9 1 17 24 14 18 7 21 8 11 6 16 
it=55 T=1.990 best=119: 22 10 19 3 12 23 2 5 20 15 13 4 9 1 17 24 14 18 7 21 8 11 16 6 
it=62 T=1.990 best=89: 22 10 19 3 12 23 6 2 20 15 13 4 9 1 17 24 14 18 7 8 21 11 16 5 
it=65 T=1.990 best=87: 22 10 19 3 12 23 6 1 20 15 4 13 9 2 17 24 14 18 7 8 21 11 16 5 
it=67 T=1.990 best=62: 22 10 19 3 12 23 7 1 20 15 4 13 9 2 17 24 14 18 6 8 21 11 16 5 
it=70 T=1.990 best=58: 22 10 19 3 12 23 1 7 20 15 4 13 9 2 17 24 14 18 6 8 21 11 5 16 
it=76 T=1.990 best=46: 22 10 19 3 12 23 1 7 15 21 4 13 9 2 17 24 14 18 6 8 20 11 5 16 
it=79 T=1.990 best=44: 22 10 19 3 13 23 1 7 15 21 4 12 9 2 17 24 14 18 6 8 20 11 5 16 
it=83 T=1.990 best=32: 22 19 10 3 13 23 1 7 15 21 4 12 9 2 17 24 14 6 18 8 20 11 5 16 
it=84 T=1.990 best=23: 22 19 10 3 13 23 1 7 15 20 4 12 9 2 17 24 14 6 18 8 21 11 5 16 
it=85 T=1.990 best=22: 22 19 10 3 13 23 1 7 15 20 5 12 9 2 17 24 14 6 18 8 21 11 4 16 
it=87 T=1.990 best=16: 21 18 10 3 13 23 1 7 15 20 5 12 9 2 17 24 14 6 19 8 22 11 4 16 
it=90 T=1.990 best=15: 21 18 10 3 13 23 1 7 15 20 12 5 9 2 17 24 14 6 19 8 22 11 4 16 
it=91 T=1.990 best=14: 21 18 10 3 13 23 1 7 15 20 12 5 9 2 24 17 14 6 19 8 22 11 4 16 
it=112 T=1.990 best=10: 21 18 10 4 13 23 1 7 15 20 11 6 9 24 2 16 14 5 19 8 22 12 3 17 
it=116 T=1.990 best=9: 21 18 10 4 13 23 1 7 15 20 11 6 24 2 9 16 14 5 19 8 22 12 3 17 
it=117 T=1.990 best=8: 21 18 10 4 13 23 1 7 15 20 11 6 24 2 8 16 14 5 19 9 22 12 3 17 
it=151 T=1.990 best=5: 21 10 18 4 13 23 1 6 15 20 11 7 2 24 8 16 14 5 19 22 9 12 3 17 
it=157 T=1.990 best=4: 21 10 18 4 13 1 22 6 15 20 11 7 2 24 8 16 14 5 19 23 9 12 3 17 
it=169 T=1.990 best=3: 21 10 17 4 1 13 22 6 15 20 11 7 2 24 9 16 14 5 19 23 8 12 3 18 
it=195 T=1.990 best=2: 10 21 5 18 13 2 6 22 15 20 11 7 1 24 9 16 14 4 19 23 8 12 3 17 
it=204 T=1.990 best=1: 10 21 5 18 12 2 6 22 15 20 11 7 1 24 9 16 14 4 19 8 23 13 3 17 
it=510 T=1.990 best=0: 21 10 15 6 1 23 13 4 7 16 20 11 24 2 17 14 9 5 19 8 22 12 3 18 
