start n=22 k=7 sym=0 missing=1055 seed=221
it=1 T=1.990 best=1039: 9 3 8 20 17 6 11 4 14 21 22 1 7 19 16 15 12 13 10 18 2 5 
it=3 T=1.990 best=880: 9 3 8 20 17 6 11 4 14 21 22 1 7 19 16 12 15 13 10 18 2 5 
it=5 T=1.990 best=834: 9 3 8 20 17 6 11 4 14 21 1 22 7 19 16 12 15 13 10 18 2 5 
it=6 T=1.990 best=704: 9 3 8 20 17 6 11 4 21 14 1 22 7 19 16 12 15 13 10 18 2 5 
it=8 T=1.990 best=665: 9 3 8 20 17 6 11 4 21 14 1 22 7 19 15 12 16 13 10 18 2 5 
it=10 T=1.990 best=635: 9 3 8 21 17 6 11 4 20 14 1 22 7 19 15 12 16 13 10 18 2 5 
it=12 T=1.990 best=622: 9 3 8 21 17 6 11 4 20 14 2 22 7 19 15 12 16 13 10 18 1 5 
it=16 T=1.990 best=590: 9 3 8 21 16 6 11 4 20 14 2 22 7 19 15 12 17 13 10 18 1 5 
it=19 T=1.990 best=501: 10 3 8 21 16 6 11 4 20 14 2 22 7 19 15 12 17 13 9 18 1 5 
it=23 T=1.990 best=440: 10 3 8 21 16 6 12 4 20 14 2 22 7 19 15 11 17 13 9 18 1 5 
it=33 T=1.990 best=398: 10 3 8 21 16 6 12 4 19 14 2 22 7 20 15 11 17 13 9 18 1 5 
it=34 T=1.990 best=374: 10 3 8 21 16 6 12 4 19 14 2 22 7 15 20 11 17 13 9 18 1 5 
it=38 T=1.990 best=368: 10 3 8 21 16 6 12 4 19 14 2 22 7 15 11 20 17 13 9 18 1 5 
it=40 T=1.990 best=357: 10 3 8 21 16 6 12 4 19 14 2 22 7 15 11 17 20 13 9 18 1 5 
it=44 T=1.990 best=306: 10 3 8 21 16 6 12 19 4 14 2 22 7 15 11 17 20 13 9 18 1 5 
it=48 T=1.990 best=280: 10 3 8 21 16 6 12 19 4 14 1 22 7 15 11 17 20 13 9 18 2 5 
it=52 T=1.990 best=235: 10 3 21 8 16 6 12 19 4 14 1 22 7 15 11 17 20 13 9 18 2 5 
it=62 T=1.990 best=227: 11 3 21 8 16 5 12 19 4 14 1 22 7 15 10 17 20 13 9 18 2 6 
it=68 T=1.990 best=146: 11 3 21 8 16 5 12 19 4 14 1 22 7 15 10 17 20 13 9 2 18 6 
it=69 T=1.990 best=141: 11 3 21 8 16 6 12 19 4 14 1 22 7 15 10 17 20 13 9 2 18 5 
it=72 T=1.990 best=121: 11 3 21 8 16 6 12 19 4 14 1 22 7 15 10 17 20 13 2 9 18 5 
it=75 T=1.990 best=114: 11 3 21 8 16 12 6 19 4 14 1 22 7 15 10 17 20 13 2 9 18 5 
it=106 T=1.990 best=103: 11 3 20 8 16 12 5 19 4 13 1 22 7 15 10 17 21 2 14 9 6 18 
it=112 T=1.990 best=93: 11 3 20 8 16 12 5 19 4 14 1 22 7 15 10 17 21 2 13 9 6 18 
it=121 T=1.990 best=91: 12 3 20 8 16 11 5 19 14 4 1 22 7 15 10 17 21 2 13 9 6 18 
it=127 T=1.990 best=84: 12 3 20 8 16 11 5 19 14 1 4 22 7 15 10 17 21 2 13 9 6 18 
it=128 T=1.990 best=77: 12 3 20 8 16 11 6 19 14 1 4 22 7 15 10 17 21 2 13 9 5 18 
it=129 T=1.990 best=64: 12 3 20 8 16 11 6 19 13 1 4 22 7 15 10 17 21 2 14 9 5 18 
it=130 T=1.990 best=55: 12 3 20 8 16 11 6 19 1 13 4 22 7 15 10 17 21 2 14 9 5 18 
it=147 T=1.990 best=52: 12 3 20 8 16 11 6 19 1 13 4 22 7 15 10 17 2 21 14 9 5 18 
it=152 T=1.990 best=47: 12 3 20 8 16 11 6 19 1 13 4 22 7 15 10 18 2 21 14 9 5 17 
it=182 T=1.990 best=46: 12 3 20 9 16 11 6 1 19 13 4 22 7 15 10 18 2 8 21 14 5 17 
it=218 T=1.990 best=38: 13 3 9 21 17 11 6 19 1 12 4 22 7 15 10 18 2 14 8 20 5 16 
it=248 T=1.990 best=36: 13 3 9 21 17 11 6 19 1 12 4 7 22 15 10 18 2 14 20 8 5 16 
it=259 T=1.990 best=29: 14 3 9 21 17 11 6 1 19 12 4 7 22 15 10 18 2 20 13 8 5 16 
it=880 T=1.990 best=27: 14 3 9 21 17 11 6 1 19 12 4 22 7 16 10 18 2 13 8 20 5 15 
it=887 T=1.990 best=26: 14 3 9 21 17 11 6 1 18 12 4 22 7 16 10 19 2 13 8 20 5 15 
it=1367 T=1.980 best=24: 14 3 9 21 17 11 7 1 18 12 4 22 6 16 10 19 2 13 8 20 5 15 
it=6367 T=1.931 best=22: 12 3 21 9 16 13 6 18 1 8 22 15 4 10 19 14 7 2 20 11 5 17 
it=7163 T=1.931 best=21: 14 3 21 9 15 4 12 19 8 2 22 16 6 10 18 13 5 20 11 1 7 17 
it=7209 T=1.921 best=20: 14 3 20 9 15 4 12 19 8 2 22 16 6 10 18 5 13 21 11 1 7 17 
it=7243 T=1.921 best=19: 14 3 20 9 15 5 12 19 8 1 22 16 6 10 18 13 4 21 11 2 7 17 
it=7267 T=1.921 best=18: 14 3 20 9 5 15 19 12 8 1 21 16 6 10 18 13 4 22 11 2 17 7 
it=7288 T=1.921 best=16: 14 3 20 9 15 5 12 19 8 1 16 21 6 10 18 13 4 22 11 2 17 7 
it=7290 T=1.921 best=15: 14 3 20 9 15 5 19 12 8 1 16 21 6 10 18 13 4 22 11 2 17 7 
it=10114 T=1.902 best=14: 12 3 21 17 9 5 13 19 1 10 16 6 22 8 15 4 18 11 2 20 7 14 
it=10115 T=1.902 best=13: 12 3 21 17 9 5 13 19 1 16 10 6 22 8 15 4 18 11 2 20 7 14 
it=10145 T=1.902 best=9: 12 21 3 17 9 5 13 19 1 16 10 6 22 8 15 4 18 11 2 20 7 14 
it=200000 T=0.749 cur=15 (s20) best=9
it=400000 T=0.300 cur=15 (s19) best=9
