start n=22 k=7 sym=1 missing=1507 seed=229
it=0 T=2.000 best=1473: 1 10 6 8 12 21 16 9 19 5 3 20 18 4 14 7 2 11 15 17 13 22 
it=1 T=1.994 best=1403: 2 10 6 8 12 22 16 9 19 5 3 20 18 4 14 7 1 11 15 17 13 21 
it=3 T=1.994 best=1241: 2 10 6 12 8 22 16 9 19 5 3 20 18 4 14 7 1 15 11 17 13 21 
it=4 T=1.994 best=1167: 2 11 6 13 8 22 16 9 19 5 3 20 18 4 14 7 1 15 10 17 12 21 
it=6 T=1.994 best=1115: 2 11 6 13 8 22 16 9 5 19 3 20 4 18 14 7 1 15 10 17 12 21 
it=7 T=1.994 best=1060: 3 11 6 13 8 22 16 9 5 19 2 21 4 18 14 7 1 15 10 17 12 20 
it=9 T=1.994 best=877: 3 11 6 13 8 21 16 9 5 19 1 22 4 18 14 7 2 15 10 17 12 20 
it=10 T=1.994 best=871: 3 11 6 13 8 21 16 9 4 18 1 22 5 19 14 7 2 15 10 17 12 20 
it=14 T=1.994 best=713: 11 3 6 13 8 21 16 9 4 18 1 22 5 19 14 7 2 15 10 17 20 12 
it=15 T=1.994 best=700: 11 3 6 13 7 21 15 9 4 18 1 22 5 19 14 8 2 16 10 17 20 12 
it=17 T=1.994 best=529: 11 2 6 13 7 20 15 9 4 18 1 22 5 19 14 8 3 16 10 17 21 12 
it=19 T=1.994 best=455: 11 2 5 13 7 20 15 9 4 17 1 22 6 19 14 8 3 16 10 18 21 12 
it=23 T=1.994 best=377: 11 2 5 14 7 20 15 10 4 17 1 22 6 19 13 8 3 16 9 18 21 12 
it=37 T=1.994 best=264: 11 2 5 15 7 20 14 10 4 17 1 22 6 19 13 9 3 16 8 18 21 12 
it=40 T=1.994 best=238: 11 2 5 16 8 20 14 10 4 17 1 22 6 19 13 9 3 15 7 18 21 12 
it=44 T=1.994 best=171: 11 2 16 5 8 20 14 10 4 17 1 22 6 19 13 9 3 15 18 7 21 12 
it=53 T=1.994 best=169: 12 2 16 5 8 20 14 10 4 17 1 22 6 19 13 9 3 15 18 7 21 11 
it=72 T=1.994 best=158: 12 2 16 5 20 8 14 10 4 17 22 1 6 19 13 9 15 3 18 7 21 11 
it=87 T=1.994 best=148: 11 2 16 5 20 8 14 10 4 17 22 1 6 19 13 9 15 3 18 7 21 12 
it=91 T=1.994 best=134: 11 16 2 5 20 8 14 10 4 17 22 1 6 19 13 9 15 3 18 21 7 12 
it=94 T=1.994 best=79: 16 11 2 5 20 8 14 10 4 17 22 1 6 19 13 9 15 3 18 21 12 7 
it=116 T=1.994 best=77: 16 12 2 5 20 8 14 10 4 17 22 1 6 19 13 9 15 3 18 21 11 7 
it=1138 T=1.988 best=72: 17 7 12 2 20 8 14 10 4 18 22 1 5 19 13 9 15 3 21 11 16 6 
it=1140 T=1.988 best=61: 17 7 13 2 20 8 14 11 4 18 22 1 5 19 12 9 15 3 21 10 16 6 
it=1215 T=1.988 best=50: 17 7 13 2 20 8 14 12 4 18 22 1 5 19 11 9 15 3 21 10 16 6 
it=1228 T=1.988 best=49: 18 7 13 2 20 9 15 12 4 17 22 1 6 19 11 8 14 3 21 10 16 5 
it=1358 T=1.988 best=45: 18 6 13 2 20 8 14 12 4 16 1 22 7 19 11 9 15 3 21 10 17 5 
it=1361 T=1.988 best=43: 18 6 13 2 20 8 14 12 4 16 22 1 7 19 11 9 15 3 21 10 17 5 
it=3571 T=1.976 best=41: 18 6 13 1 9 20 15 4 12 21 16 7 2 11 19 8 3 14 22 10 17 5 
it=3573 T=1.976 best=23: 18 13 6 1 9 20 15 4 12 21 16 7 2 11 19 8 3 14 22 17 10 5 
