start n=24 k=7 sym=0 missing=875 seed=102
it=1 T=0.995 best=808: 8 17 22 3 2 5 20 16 15 1 24 14 7 6 9 13 10 18 21 4 12 23 11 19 
it=2 T=0.995 best=718: 8 22 17 3 2 5 20 16 15 1 24 14 7 6 9 13 10 18 21 4 12 23 11 19 
it=3 T=0.995 best=584: 8 22 17 3 2 5 20 15 16 1 24 14 7 6 9 13 10 18 21 4 12 23 11 19 
it=5 T=0.995 best=454: 8 22 16 3 2 5 20 15 17 1 24 14 7 6 9 13 10 18 21 4 12 23 11 19 
it=7 T=0.995 best=410: 8 22 16 3 2 5 20 15 17 1 24 13 7 6 9 14 10 18 21 4 12 23 11 19 
it=10 T=0.995 best=397: 8 22 16 3 2 5 20 15 17 1 24 13 7 6 10 14 9 18 21 4 12 23 11 19 
it=11 T=0.995 best=348: 8 22 16 3 2 5 20 15 17 1 24 12 7 6 10 14 9 18 21 4 13 23 11 19 
it=12 T=0.995 best=334: 8 22 16 3 2 5 20 15 17 1 24 12 7 6 11 14 9 18 21 4 13 23 10 19 
it=13 T=0.995 best=278: 8 22 16 3 2 5 20 15 17 1 24 12 7 6 11 14 9 18 21 13 4 23 10 19 
it=17 T=0.995 best=268: 8 22 16 3 2 5 20 15 17 1 24 12 7 11 6 14 9 18 21 13 4 23 10 19 
it=20 T=0.995 best=224: 8 22 16 3 2 5 20 15 17 1 24 12 7 11 6 14 18 9 21 13 4 23 10 19 
it=25 T=0.995 best=211: 8 22 16 2 3 5 20 15 17 1 24 12 7 11 6 14 18 9 21 13 4 23 19 10 
it=27 T=0.995 best=176: 8 22 16 1 3 5 20 15 17 2 24 12 7 11 6 14 18 9 21 13 4 23 19 10 
it=28 T=0.995 best=155: 8 22 16 1 4 5 20 15 17 2 24 12 7 11 6 14 18 9 21 13 3 23 19 10 
it=33 T=0.995 best=151: 8 22 16 1 4 5 20 15 17 2 24 12 7 11 6 14 18 9 21 13 3 19 23 10 
it=35 T=0.995 best=147: 8 22 16 1 4 5 20 15 17 2 24 12 7 10 6 14 18 9 21 13 3 19 23 11 
it=36 T=0.995 best=144: 8 22 1 16 4 5 20 15 17 2 24 12 7 10 6 14 18 9 21 13 3 19 23 11 
it=38 T=0.995 best=110: 9 22 1 16 4 5 20 15 17 2 24 12 7 10 6 14 18 8 21 13 3 19 23 11 
it=39 T=0.995 best=100: 9 22 1 16 4 5 20 15 17 2 24 12 7 10 14 6 18 8 21 13 3 19 23 11 
it=40 T=0.995 best=97: 22 9 1 16 4 5 20 15 17 2 24 12 7 10 14 6 18 8 21 13 3 19 23 11 
it=42 T=0.995 best=91: 22 9 1 16 4 20 5 15 17 2 24 12 7 10 14 6 18 8 21 13 3 19 23 11 
it=48 T=0.995 best=68: 22 9 1 16 4 20 5 14 17 2 24 12 7 10 15 6 18 8 21 13 3 19 23 11 
it=53 T=0.995 best=50: 22 9 1 16 4 20 6 14 17 2 24 12 7 10 15 5 18 8 21 13 3 19 23 11 
it=59 T=0.995 best=42: 22 9 1 16 4 19 6 13 17 2 24 12 7 10 15 5 18 8 21 14 3 20 23 11 
it=69 T=0.995 best=40: 22 9 4 1 16 19 6 13 17 2 24 12 7 10 15 5 18 8 21 14 3 20 23 11 
it=70 T=0.995 best=37: 22 9 5 1 16 19 6 13 17 2 24 12 7 10 15 4 18 8 21 14 3 20 23 11 
it=72 T=0.995 best=35: 22 9 5 1 16 19 6 13 17 2 24 12 7 11 15 4 18 8 21 14 3 20 23 10 
it=97 T=0.995 best=22: 22 9 5 1 15 19 6 13 17 2 24 12 7 11 16 4 18 8 21 14 3 20 23 10 
it=113 T=0.995 best=19: 22 9 5 1 15 19 13 6 17 2 24 12 7 11 16 4 18 8 21 14 3 20 10 23 
it=116 T=0.995 best=18: 22 9 5 15 1 19 13 6 17 2 24 12 7 11 16 4 18 8 21 14 3 20 10 23 
it=151 T=0.995 best=17: 9 22 15 5 20 1 12 6 17 2 24 7 13 11 16 4 18 8 21 14 3 19 10 23 
it=175 T=0.995 best=15: 9 22 15 5 20 1 12 7 17 2 24 6 13 11 16 4 18 8 21 14 3 19 10 23 
it=179 T=0.995 best=14: 9 22 15 5 20 1 12 7 17 2 24 6 13 11 16 18 4 8 21 14 3 19 10 23 
it=185 T=0.995 best=12: 9 22 15 6 20 1 12 7 17 2 24 5 13 11 16 18 4 8 21 14 3 19 10 23 
it=196 T=0.995 best=10: 9 22 15 6 20 1 12 7 17 2 24 5 13 16 11 18 4 8 21 14 3 19 10 23 
it=201 T=0.995 best=9: 9 21 15 6 20 1 12 7 17 2 24 13 5 16 11 18 4 8 22 14 3 19 10 23 
it=209 T=0.995 best=8: 9 21 15 5 20 1 12 7 17 2 24 13 6 16 11 18 4 8 22 14 3 19 10 23 
it=249 T=0.995 best=7: 9 21 15 5 20 1 12 7 17 2 24 13 6 16 11 18 4 8 22 14 19 3 10 23 
it=265 T=0.995 best=6: 21 9 15 5 19 1 12 7 17 2 24 13 6 16 11 18 4 8 23 14 20 3 10 22 
it=282 T=0.995 best=4: 9 21 5 15 19 12 1 7 17 2 24 13 6 16 11 4 18 23 8 14 20 3 10 22 
it=304 T=0.995 best=3: 9 22 15 5 19 1 12 7 18 2 24 13 6 16 11 4 17 23 8 20 14 3 21 10 
it=407 T=0.995 best=1: 9 22 15 6 20 1 12 18 7 2 24 13 5 16 11 19 4 23 8 17 14 3 21 10 
it=870 T=0.995 best=0: 11 18 3 14 24 6 10 20 1 17 8 23 12 5 15 16 22 4 7 19 13 2 21 9 
