start n=21 k=7 sym=0 missing=1698 seed=213
it=0 T=2.000 best=1433: 7 13 9 1 3 6 20 14 10 17 21 8 11 2 12 19 18 16 5 4 15 
it=2 T=1.990 best=1409: 6 13 9 1 3 7 20 14 10 17 21 8 11 2 12 19 18 16 5 4 15 
it=3 T=1.990 best=1284: 6 13 9 1 3 7 20 14 10 17 21 8 11 2 12 18 19 16 5 4 15 
it=5 T=1.990 best=1100: 6 13 9 1 3 20 7 14 10 17 21 8 11 2 12 18 19 16 5 4 15 
it=8 T=1.990 best=1074: 6 13 9 1 3 20 7 14 10 17 21 8 11 2 12 18 19 16 5 15 4 
it=9 T=1.990 best=1052: 6 13 9 1 4 20 7 14 10 17 21 8 11 2 12 18 19 16 5 15 3 
it=15 T=1.990 best=1007: 6 13 9 1 4 20 8 14 18 10 21 7 11 2 12 17 19 16 5 15 3 
it=19 T=1.990 best=986: 6 13 10 1 4 20 8 14 18 9 21 7 11 2 12 17 19 16 5 15 3 
it=27 T=1.990 best=950: 6 13 10 1 4 20 8 14 18 9 7 21 11 2 12 17 19 16 5 15 3 
it=29 T=1.990 best=932: 6 13 1 10 4 20 8 14 18 9 7 21 11 2 12 17 19 16 5 15 3 
it=31 T=1.990 best=801: 6 14 1 10 4 20 8 13 18 9 7 21 11 2 12 17 19 16 5 15 3 
it=34 T=1.990 best=671: 6 14 1 10 4 20 8 13 18 9 7 21 11 2 17 12 19 16 5 15 3 
it=36 T=1.990 best=598: 6 14 1 10 20 4 8 13 18 9 7 21 11 2 17 12 19 16 5 15 3 
it=40 T=1.990 best=543: 6 14 10 1 20 4 8 13 18 9 7 21 11 2 17 12 19 16 5 15 3 
it=43 T=1.990 best=514: 6 14 10 1 20 4 8 13 18 9 7 21 11 2 17 12 16 19 5 15 3 
it=48 T=1.990 best=464: 6 14 10 1 20 8 4 13 18 9 7 21 11 2 17 12 16 19 5 15 3 
it=50 T=1.990 best=422: 6 14 10 1 20 8 4 13 18 9 7 21 11 17 2 12 16 19 5 15 3 
it=61 T=1.990 best=419: 6 14 10 20 1 8 4 13 18 9 7 21 11 17 2 12 16 19 5 15 3 
it=62 T=1.990 best=410: 5 14 10 20 1 8 4 13 18 9 7 21 11 17 2 12 16 19 6 15 3 
it=64 T=1.990 best=397: 5 14 10 20 1 8 4 13 18 9 7 21 11 17 2 12 16 19 6 3 15 
it=65 T=1.990 best=396: 5 14 10 19 1 8 4 13 18 9 7 21 11 17 2 12 16 20 6 3 15 
it=69 T=1.990 best=334: 5 14 11 20 1 8 4 13 18 9 7 21 10 17 2 12 16 19 6 3 15 
it=75 T=1.990 best=284: 5 14 11 20 1 8 13 4 18 9 7 21 10 17 2 12 16 19 6 3 15 
it=79 T=1.990 best=271: 5 14 11 20 1 8 13 4 18 9 7 21 10 17 2 12 16 6 19 3 15 
it=80 T=1.990 best=240: 14 5 11 20 1 8 13 4 18 9 7 21 10 17 2 12 16 6 19 3 15 
it=85 T=1.990 best=238: 14 5 11 20 1 8 13 4 18 9 21 7 10 17 2 12 16 6 19 3 15 
it=92 T=1.990 best=194: 14 5 11 20 1 8 13 4 18 9 21 6 10 17 2 12 16 7 19 3 15 
it=100 T=1.990 best=187: 14 5 11 20 1 9 13 4 18 8 21 6 10 17 2 12 16 7 19 3 15 
it=113 T=1.990 best=186: 14 5 11 19 1 9 13 4 18 8 21 6 10 17 2 12 16 7 20 3 15 
it=121 T=1.990 best=175: 14 6 11 19 1 9 13 4 18 8 21 5 17 10 2 12 16 7 20 3 15 
it=122 T=1.990 best=154: 14 6 11 19 1 9 13 4 18 8 21 5 16 10 2 12 17 7 20 3 15 
it=146 T=1.990 best=145: 14 6 11 19 9 1 13 3 18 8 21 5 16 10 2 12 17 7 20 4 15 
it=190 T=1.990 best=136: 15 5 11 19 9 1 13 18 3 8 21 6 16 10 2 12 17 7 20 4 14 
it=202 T=1.990 best=118: 16 5 11 19 9 1 13 18 4 8 21 6 15 10 2 12 17 7 20 3 14 
it=215 T=1.990 best=95: 16 5 11 19 9 1 13 18 4 8 21 6 15 10 2 17 12 7 20 3 14 
it=243 T=1.990 best=81: 16 5 11 19 9 1 13 18 4 8 21 15 6 10 2 17 12 7 20 3 14 
it=6140 T=1.941 best=80: 16 5 11 20 9 1 12 18 8 3 15 6 21 10 17 2 13 7 19 4 14 
it=11315 T=1.883 best=79: 16 5 10 21 8 1 13 18 3 15 9 20 6 11 17 2 14 7 19 4 12 
it=11317 T=1.883 best=74: 16 5 10 21 7 1 13 18 3 15 9 20 6 11 17 2 14 8 19 4 12 
it=11323 T=1.883 best=71: 5 16 10 20 7 1 13 18 3 15 9 21 6 11 17 2 14 8 19 12 4 
it=11544 T=1.883 best=70: 5 16 10 20 7 1 13 18 3 15 9 21 6 11 17 2 14 8 19 4 12 
it=11545 T=1.883 best=67: 5 16 10 21 7 1 13 18 3 15 9 20 6 11 17 2 14 8 19 4 12 
it=14337 T=1.855 best=64: 4 16 10 20 7 13 1 18 9 3 14 21 6 17 11 2 15 8 19 12 5 
it=14349 T=1.855 best=62: 4 16 10 20 6 13 1 18 9 3 14 21 7 17 11 2 15 8 19 12 5 
it=28123 T=1.738 best=61: 4 16 11 21 7 13 2 18 10 5 14 20 8 1 17 6 15 9 19 3 12 
