start n=31 k=8 sym=0 missing=6323 seed=311
it=1 T=1.994 best=6065: 12 31 22 7 28 21 17 15 30 13 5 23 24 20 1 14 18 10 11 25 6 27 9 8 16 4 19 29 2 3 26 
it=5 T=1.994 best=5534: 12 31 22 7 28 21 17 15 30 5 13 23 24 20 1 14 18 10 11 25 6 27 9 8 16 4 19 29 2 3 26 
it=6 T=1.994 best=5509: 12 31 22 7 28 21 17 15 30 5 13 23 24 20 1 14 18 10 11 25 6 27 9 8 16 4 19 2 29 3 26 
it=11 T=1.994 best=5358: 12 31 22 7 28 21 17 15 30 5 13 23 20 24 1 14 18 10 11 25 6 27 9 8 16 4 19 2 29 3 26 
it=15 T=1.994 best=5012: 12 31 21 7 28 22 17 15 30 5 13 23 20 24 1 14 18 10 11 25 6 27 9 8 16 4 19 2 29 3 26 
it=17 T=1.994 best=4533: 12 31 21 7 28 22 17 15 30 5 13 24 20 23 1 14 18 10 11 25 6 27 9 8 16 4 19 2 29 3 26 
it=19 T=1.994 best=4272: 12 31 21 7 28 22 17 15 30 5 13 24 20 23 1 14 18 10 11 25 6 27 9 8 16 4 19 2 29 26 3 
it=21 T=1.994 best=4213: 12 31 21 7 28 22 17 15 30 5 13 24 20 23 1 14 18 10 25 11 6 27 9 8 16 4 19 2 29 26 3 
it=23 T=1.994 best=4042: 13 31 21 7 28 22 17 15 30 5 12 24 20 23 1 14 18 10 25 11 6 27 9 8 16 4 19 2 29 26 3 
it=26 T=1.994 best=3985: 13 31 21 7 28 22 17 15 30 5 12 24 20 23 1 14 18 10 26 11 6 27 9 8 16 4 19 2 29 25 3 
it=28 T=1.994 best=3734: 13 31 21 7 28 22 17 15 30 5 12 24 20 23 1 14 18 9 26 11 6 27 10 8 16 4 19 2 29 25 3 
it=32 T=1.994 best=3713: 13 31 21 7 28 22 17 15 30 5 12 24 20 23 1 14 18 9 26 11 6 10 27 8 16 4 19 2 29 25 3 
it=38 T=1.994 best=3615: 13 31 21 7 28 22 17 15 30 5 12 24 20 23 1 14 18 9 26 11 6 10 27 8 16 4 2 19 29 25 3 
it=39 T=1.994 best=3558: 13 31 21 7 28 22 17 15 30 5 12 24 20 23 1 14 18 9 26 6 11 10 27 8 16 4 2 19 29 25 3 
it=42 T=1.994 best=3233: 13 31 21 7 28 22 17 15 30 5 12 24 20 23 1 14 9 18 26 6 11 10 27 8 16 4 2 19 29 25 3 
it=45 T=1.994 best=3122: 13 31 21 7 28 22 17 15 30 5 12 24 20 23 1 9 14 18 26 6 11 10 27 8 16 4 2 19 29 25 3 
it=50 T=1.994 best=3045: 13 31 21 7 28 22 17 15 30 5 12 24 20 23 1 9 14 18 26 6 11 27 10 8 16 4 2 19 29 25 3 
it=61 T=1.994 best=2790: 13 31 21 7 28 22 17 15 30 5 12 24 20 1 23 9 14 18 26 6 11 27 10 8 16 4 2 19 29 25 3 
it=62 T=1.994 best=2113: 13 31 21 7 28 22 17 15 30 5 12 24 20 1 23 9 14 26 18 6 11 27 10 8 16 4 2 19 29 25 3 
it=66 T=1.994 best=2068: 13 31 21 7 28 22 17 14 30 5 12 24 20 1 23 9 15 26 18 6 11 27 10 8 16 4 2 19 29 25 3 
it=67 T=1.994 best=2026: 13 31 21 7 28 22 17 14 30 5 12 20 24 1 23 9 15 26 18 6 11 27 10 8 16 4 2 19 29 25 3 
it=73 T=1.994 best=2012: 13 31 21 7 28 22 17 14 30 5 12 20 24 1 23 9 15 26 18 6 11 27 10 8 4 16 2 19 29 25 3 
it=75 T=1.994 best=1591: 13 31 21 7 28 22 17 14 30 5 12 20 24 1 23 9 15 27 18 6 11 26 10 8 4 16 2 19 29 25 3 
it=76 T=1.994 best=1503: 13 31 21 7 28 22 17 14 30 5 12 20 24 1 23 9 15 27 6 18 11 26 10 8 4 16 2 19 29 25 3 
it=80 T=1.994 best=1285: 13 31 21 7 28 22 17 14 30 5 12 20 24 1 23 9 15 27 6 18 11 26 10 8 4 16 2 29 19 25 3 
it=82 T=1.994 best=1269: 13 31 21 7 28 22 17 14 30 4 12 20 24 1 23 9 15 27 6 18 11 26 10 8 5 16 2 29 19 25 3 
it=86 T=1.994 best=1218: 13 31 21 7 28 22 17 14 30 4 12 20 24 1 23 9 15 27 6 18 10 26 11 8 5 16 2 29 19 25 3 
it=87 T=1.994 best=1062: 13 31 21 7 28 22 17 14 30 4 12 20 24 1 9 23 15 27 6 18 10 26 11 8 5 16 2 29 19 25 3 
it=89 T=1.994 best=1015: 13 31 21 7 28 22 17 14 30 4 12 20 24 1 9 23 15 6 27 18 10 26 11 8 5 16 2 29 19 25 3 
it=90 T=1.994 best=912: 13 31 21 7 28 22 17 14 30 4 12 20 24 1 8 23 15 6 27 18 10 26 11 9 5 16 2 29 19 25 3 
it=111 T=1.994 best=878: 13 31 21 7 28 22 17 14 4 30 12 20 24 1 8 23 15 6 27 18 10 26 11 9 5 16 2 29 19 25 3 
it=112 T=1.994 best=829: 13 30 21 7 28 22 17 14 4 31 12 20 24 1 8 23 15 6 27 18 10 26 11 9 5 16 2 29 19 25 3 
it=114 T=1.994 best=811: 13 30 21 7 28 22 17 14 4 31 12 20 24 1 8 23 15 6 27 18 10 26 11 9 5 16 2 29 19 3 25 
it=125 T=1.994 best=749: 13 30 21 7 28 22 17 14 3 31 12 20 24 1 8 23 15 6 27 18 10 26 11 9 5 16 2 29 19 4 25 
it=134 T=1.994 best=684: 13 30 21 7 28 22 17 14 3 31 12 20 24 1 8 23 15 6 27 19 10 26 11 9 5 16 2 29 18 4 25 
it=135 T=1.994 best=676: 13 30 21 7 28 22 17 14 3 31 12 20 24 1 8 23 15 27 6 19 10 26 11 9 5 16 2 29 18 4 25 
it=138 T=1.994 best=641: 13 30 21 7 28 22 17 14 3 31 12 20 24 1 8 23 15 27 6 19 10 26 11 5 9 16 2 29 18 4 25 
it=141 T=1.994 best=636: 13 30 21 7 28 22 17 14 3 31 12 20 24 1 8 23 15 27 6 19 10 26 5 11 9 16 2 29 18 4 25 
it=146 T=1.994 best=633: 14 30 21 7 28 22 17 13 3 31 12 20 24 1 8 23 15 27 6 19 10 26 5 11 9 16 2 29 18 4 25 
it=152 T=1.994 best=571: 14 30 21 7 28 22 17 13 3 31 12 19 24 1 8 23 15 27 6 20 10 26 5 11 9 16 2 29 18 25 4 
it=155 T=1.994 best=545: 14 30 21 7 28 22 17 13 3 31 12 19 24 1 8 23 15 27 5 20 10 26 6 11 9 16 2 29 18 25 4 
it=160 T=1.994 best=540: 14 29 21 7 28 22 17 13 3 31 12 19 24 1 8 23 15 27 5 20 10 26 6 11 9 16 2 30 18 25 4 
it=167 T=1.994 best=460: 13 29 21 7 28 22 17 14 3 31 12 19 24 1 8 23 15 5 27 20 10 26 6 11 16 9 2 30 18 25 4 
it=169 T=1.994 best=406: 13 29 21 7 28 22 17 14 3 31 12 19 25 1 8 23 15 5 27 20 10 26 6 11 16 9 2 30 18 24 4 
it=170 T=1.994 best=357: 13 29 21 7 28 22 17 14 3 31 12 19 25 1 8 15 23 5 27 20 10 26 6 11 16 9 2 30 18 24 4 
it=173 T=1.994 best=330: 13 29 21 7 28 22 17 14 3 31 11 19 25 1 8 15 23 5 27 20 10 26 6 12 16 9 2 30 18 24 4 
it=176 T=1.994 best=326: 13 29 21 7 28 22 17 14 3 31 11 18 25 1 8 15 23 5 27 20 10 26 6 12 16 9 2 30 19 4 24 
it=178 T=1.994 best=317: 13 29 20 7 28 22 17 14 3 31 11 18 25 1 8 15 23 5 27 21 10 26 6 12 16 9 2 30 19 4 24 
it=193 T=1.994 best=311: 13 30 20 7 22 28 17 14 3 31 11 18 25 1 8 15 23 5 27 10 21 26 6 12 16 9 2 29 19 4 24 
it=196 T=1.994 best=308: 13 29 20 7 22 28 17 14 3 31 11 18 25 1 8 15 23 5 27 10 21 26 6 12 16 9 2 30 19 4 24 
it=198 T=1.994 best=299: 13 29 20 7 22 28 17 14 3 31 11 18 25 1 8 15 23 5 27 10 21 26 6 12 16 2 9 30 19 4 24 
it=203 T=1.994 best=254: 13 29 20 7 22 28 17 14 3 31 11 18 25 1 8 15 23 5 27 10 21 26 6 12 16 2 30 9 19 4 24 
it=208 T=1.994 best=235: 13 29 20 7 22 17 28 14 3 31 11 18 25 1 8 15 23 5 27 10 21 26 6 12 16 2 30 9 19 4 24 
it=214 T=1.994 best=229: 13 29 19 7 22 17 28 14 3 31 11 18 25 1 8 15 23 5 27 10 21 26 6 12 16 2 30 9 20 4 24 
it=222 T=1.994 best=208: 13 19 29 7 22 17 28 14 3 31 11 18 25 1 8 15 23 5 27 10 21 26 6 12 16 2 30 9 20 4 24 
it=226 T=1.994 best=204: 13 19 29 6 22 17 14 28 3 31 11 18 25 1 8 15 23 5 27 21 10 26 7 12 16 2 30 9 20 4 24 
it=235 T=1.994 best=196: 13 19 30 6 22 17 14 28 3 31 10 18 25 1 8 15 23 5 27 21 11 26 7 12 16 2 29 9 20 4 24 
it=245 T=1.994 best=179: 13 19 30 6 22 18 14 28 3 31 10 17 25 1 8 15 23 4 27 21 11 26 7 12 16 2 29 9 20 5 24 
it=246 T=1.994 best=172: 13 19 30 6 22 18 14 28 3 31 10 17 25 1 8 15 23 4 27 21 11 7 26 12 16 2 29 9 20 5 24 
it=254 T=1.994 best=166: 13 19 30 6 22 18 14 28 3 31 10 17 25 1 8 15 4 23 27 21 11 7 26 12 16 2 29 9 20 5 24 
it=258 T=1.994 best=143: 13 19 30 6 22 18 14 27 3 31 10 17 25 1 8 15 4 23 28 21 11 7 26 12 16 2 29 9 20 5 24 
it=262 T=1.994 best=142: 12 19 30 6 22 18 14 27 3 31 10 17 25 1 8 15 4 23 28 21 11 7 26 13 16 2 29 9 20 5 24 
it=276 T=1.994 best=140: 12 19 30 6 22 18 14 27 3 31 10 17 25 1 8 15 23 4 28 21 11 7 26 13 2 16 29 9 20 5 24 
it=279 T=1.994 best=138: 13 19 30 6 22 18 14 27 3 31 10 17 25 1 8 15 23 4 28 21 11 7 26 12 2 16 29 9 20 24 5 
it=280 T=1.994 best=132: 13 19 29 6 22 18 14 27 3 31 10 17 25 1 8 15 23 4 28 21 11 7 26 12 2 16 30 9 20 24 5 
it=281 T=1.994 best=128: 13 19 29 6 22 17 14 27 3 31 10 18 25 1 8 15 23 4 28 21 11 7 26 12 2 16 30 9 20 24 5 
it=290 T=1.994 best=126: 13 19 29 6 22 17 14 27 3 10 31 18 25 1 8 15 23 4 28 21 11 7 26 12 2 16 30 9 20 24 5 
it=292 T=1.994 best=112: 13 19 29 6 22 17 14 27 3 10 18 31 25 1 8 15 23 4 28 21 11 7 26 12 2 16 30 9 20 24 5 
it=304 T=1.994 best=111: 14 19 29 6 22 17 13 3 27 10 18 31 25 1 8 15 23 4 28 21 11 7 26 12 2 16 30 9 20 24 5 
it=305 T=1.994 best=102: 14 19 29 6 17 22 13 3 27 10 18 31 25 1 8 15 23 4 28 21 11 7 26 12 2 16 30 9 20 24 5 
it=307 T=1.994 best=94: 14 19 29 6 17 22 13 3 27 10 18 31 25 1 8 15 23 4 28 11 21 7 26 12 2 16 30 9 20 5 24 
it=308 T=1.994 best=93: 14 19 29 6 17 22 13 3 27 10 18 31 25 1 8 15 23 4 11 28 21 7 26 12 2 16 30 9 20 5 24 
it=309 T=1.994 best=90: 14 19 29 6 17 22 13 3 27 10 18 31 25 1 8 15 4 23 11 28 21 7 26 12 2 16 30 9 20 5 24 
it=315 T=1.994 best=87: 14 19 29 6 17 23 13 3 27 10 18 31 25 1 8 15 4 22 11 28 21 7 26 12 2 16 30 9 20 5 24 
it=316 T=1.994 best=86: 14 19 29 6 17 23 13 2 27 10 18 31 25 1 8 15 4 22 11 28 21 7 26 12 3 16 30 9 20 5 24 
it=317 T=1.994 best=78: 14 19 29 6 17 23 13 2 27 10 18 25 31 1 8 15 4 22 11 28 21 7 26 12 3 16 30 9 20 5 24 
it=319 T=1.994 best=75: 14 19 29 6 17 23 13 2 27 9 18 25 31 1 8 15 4 22 11 28 21 7 26 12 3 16 30 10 20 5 24 
it=332 T=1.994 best=32: 13 19 29 6 17 23 14 2 27 8 18 25 31 1 9 15 4 22 11 28 21 7 26 12 3 16 30 10 20 5 24 
it=333 T=1.994 best=31: 13 19 6 29 17 23 14 2 27 8 18 25 31 1 9 15 4 22 11 28 21 7 26 12 3 16 30 10 20 5 24 
it=337 T=1.994 best=29: 14 19 6 29 17 23 13 2 27 8 18 25 31 1 9 15 4 22 11 28 21 7 26 12 3 16 30 10 20 5 24 
it=351 T=1.994 best=28: 14 19 6 29 23 17 12 2 27 8 18 25 31 1 9 15 4 22 11 28 7 21 26 13 3 16 30 10 20 5 24 
it=352 T=1.994 best=27: 14 19 6 29 23 17 12 2 27 8 18 25 31 9 1 15 4 22 11 28 7 21 26 13 3 16 30 10 20 5 24 
it=359 T=1.994 best=24: 14 20 6 29 23 17 12 2 27 8 18 25 31 9 1 3 15 22 11 28 7 21 26 13 4 16 30 10 19 5 24 
it=363 T=1.994 best=22: 14 19 6 29 23 17 12 2 27 8 18 25 31 1 9 3 15 22 11 28 7 21 26 13 4 16 30 10 20 5 24 
it=371 T=1.994 best=21: 14 19 6 29 23 17 12 3 27 8 18 25 31 1 9 2 15 22 11 28 7 21 26 13 4 16 30 10 20 5 24 
it=375 T=1.994 best=19: 14 19 6 29 23 17 12 4 27 8 18 25 31 1 9 2 15 22 11 28 7 21 26 13 3 16 30 10 20 5 24 
it=380 T=1.994 best=16: 14 6 19 29 23 17 12 4 27 8 18 25 31 1 9 2 15 22 11 28 7 21 13 26 3 16 30 10 20 5 24 
it=381 T=1.994 best=15: 14 6 19 29 23 17 12 4 27 8 18 25 31 1 9 2 15 22 11 28 7 21 13 3 26 16 30 10 20 5 24 
it=384 T=1.994 best=10: 14 6 19 29 23 17 12 4 27 8 18 25 31 1 9 2 15 22 11 28 7 13 21 3 26 16 30 10 20 5 24 
it=394 T=1.994 best=8: 14 6 19 29 23 17 12 4 27 8 18 24 1 9 31 2 15 22 11 28 7 13 21 26 3 16 30 10 20 5 25 
it=398 T=1.994 best=5: 14 6 19 29 23 17 12 4 28 8 18 24 1 9 31 2 15 22 11 27 7 13 21 26 3 16 30 10 20 25 5 
it=563 T=1.994 best=4: 6 13 19 29 15 23 4 11 28 18 8 24 1 9 31 2 17 12 22 27 7 14 21 26 3 30 16 10 20 5 25 
it=1172 T=1.988 best=3: 7 18 29 10 17 2 24 26 13 21 5 30 9 23 6 15 27 1 12 22 8 14 31 3 19 16 25 11 20 4 28 
it=1485 T=1.988 best=2: 19 5 16 29 12 23 2 26 13 4 20 31 24 9 17 8 27 11 1 22 7 14 30 18 3 15 25 21 10 28 6 
it=3086 T=1.976 best=0: 25 21 11 4 27 8 17 19 1 13 31 5 23 16 26 10 6 29 15 20 28 3 9 14 24 2 12 30 18 7 22 
