start n=32 k=8 sym=0 missing=2826 seed=322
it=0 T=2.000 best=2444: 15 25 24 12 27 32 29 4 11 2 9 16 8 7 21 26 18 6 5 28 17 13 22 19 31 20 1 10 30 14 3 23 
it=1 T=1.994 best=2162: 15 25 24 12 27 32 29 4 11 2 9 16 8 7 21 26 18 5 6 28 17 13 22 19 31 20 1 10 30 14 3 23 
it=4 T=1.994 best=2109: 14 25 24 12 27 32 29 4 11 2 9 16 8 7 21 26 18 5 6 28 17 13 22 19 31 20 1 10 30 15 3 23 
it=6 T=1.994 best=2081: 14 25 24 12 27 32 29 4 11 2 9 16 8 7 21 26 18 5 6 28 17 22 13 19 31 20 1 10 30 15 3 23 
it=7 T=1.994 best=1889: 14 25 24 12 27 32 29 4 11 2 9 16 8 7 21 26 5 18 6 28 17 22 13 19 31 20 1 10 30 15 3 23 
it=11 T=1.994 best=1748: 14 25 24 12 27 32 29 4 11 2 9 17 8 7 21 26 5 18 6 28 16 22 13 19 31 20 1 10 30 15 3 23 
it=15 T=1.994 best=1519: 14 25 24 12 27 32 29 4 11 2 9 17 8 21 7 26 5 18 6 28 16 22 13 19 31 20 1 10 30 15 3 23 
it=16 T=1.994 best=1218: 14 25 24 12 27 32 29 4 11 2 9 17 8 21 7 26 5 19 6 28 16 22 13 18 31 20 1 10 30 15 3 23 
it=19 T=1.994 best=939: 14 25 24 12 27 32 29 4 11 2 9 17 7 21 8 26 5 19 6 28 16 22 13 18 31 20 1 10 30 15 3 23 
it=23 T=1.994 best=878: 14 25 24 12 27 32 29 4 11 2 9 17 7 21 8 26 5 19 6 28 16 22 13 31 18 20 1 10 30 15 3 23 
it=24 T=1.994 best=845: 14 25 24 12 32 27 29 4 11 2 9 17 7 21 8 26 5 19 6 28 16 22 13 31 18 20 1 10 30 15 3 23 
it=28 T=1.994 best=838: 14 25 24 12 32 27 29 4 11 2 9 17 7 21 8 26 5 19 6 28 16 22 13 31 18 20 1 10 30 3 15 23 
it=31 T=1.994 best=789: 14 25 24 12 32 27 29 4 11 2 9 17 7 21 8 26 5 19 6 28 15 22 13 31 18 20 1 10 30 3 16 23 
it=35 T=1.994 best=748: 14 25 24 12 32 26 29 4 11 9 2 17 7 21 8 27 5 19 6 28 15 22 13 31 18 20 1 10 30 3 16 23 
it=36 T=1.994 best=583: 14 25 24 12 32 26 4 29 11 9 2 17 7 21 8 27 5 19 6 28 15 22 13 31 18 20 1 10 30 3 16 23 
it=37 T=1.994 best=486: 14 25 23 12 32 26 4 29 11 9 2 17 7 21 8 27 5 19 6 28 15 22 13 31 18 20 1 10 30 3 16 24 
it=42 T=1.994 best=473: 14 25 23 12 32 26 4 29 11 9 2 17 6 21 8 27 5 19 7 28 15 22 13 31 18 20 1 10 30 3 16 24 
it=43 T=1.994 best=461: 14 25 23 12 32 26 4 29 11 9 1 17 6 21 8 27 5 19 7 28 15 22 13 31 18 20 2 10 30 3 16 24 
it=49 T=1.994 best=440: 14 25 23 12 32 26 4 29 11 9 1 17 6 21 8 27 5 19 7 28 15 22 13 31 18 20 2 10 30 16 3 24 
it=50 T=1.994 best=399: 14 25 23 12 32 26 4 29 11 9 17 1 6 21 8 27 5 19 7 28 15 22 13 31 18 20 2 10 30 16 3 24 
it=52 T=1.994 best=381: 14 25 23 12 32 26 4 29 11 9 17 1 6 20 8 27 5 19 7 28 15 22 13 31 18 21 2 10 30 16 3 24 
it=64 T=1.994 best=380: 14 25 23 13 32 26 4 29 11 9 17 1 6 20 8 27 5 19 7 28 15 22 12 31 18 21 2 10 30 16 3 24 
it=66 T=1.994 best=343: 14 25 13 23 32 26 4 29 11 9 17 1 6 20 8 27 5 19 7 28 15 22 12 31 18 21 2 10 30 16 3 24 
it=72 T=1.994 best=327: 14 25 13 23 32 26 4 29 11 9 17 6 1 20 8 27 5 19 7 28 15 22 12 31 18 21 2 10 30 16 3 24 
it=74 T=1.994 best=262: 14 25 13 23 32 26 4 11 29 9 17 6 1 20 8 27 5 19 7 28 15 22 12 31 18 21 2 10 30 16 3 24 
it=75 T=1.994 best=211: 13 25 14 23 32 26 4 11 29 9 17 6 1 20 8 27 5 19 7 28 15 22 12 31 18 21 2 10 30 16 3 24 
it=84 T=1.994 best=195: 13 25 14 23 32 26 4 11 28 9 17 6 1 20 8 27 5 19 7 29 15 22 12 31 18 21 2 10 30 16 3 24 
it=85 T=1.994 best=190: 13 25 14 23 32 26 4 11 28 9 17 6 1 20 8 27 5 19 7 29 15 22 12 31 18 21 2 30 10 16 3 24 
it=89 T=1.994 best=186: 13 25 14 32 26 23 4 11 28 9 17 6 1 20 8 27 5 19 7 29 15 22 12 31 18 21 2 30 10 16 3 24 
it=91 T=1.994 best=157: 13 25 15 32 26 23 4 11 28 9 17 6 1 20 8 27 5 19 7 29 14 22 12 31 18 21 2 30 10 16 3 24 
it=97 T=1.994 best=149: 13 25 15 32 27 23 4 11 28 9 17 6 1 20 8 26 5 19 7 29 14 22 12 31 18 21 2 30 10 16 3 24 
it=99 T=1.994 best=136: 13 25 15 27 32 23 4 11 28 9 17 6 1 20 8 26 5 19 7 29 14 22 12 31 18 21 2 30 10 16 3 24 
it=119 T=1.994 best=132: 13 25 15 27 32 23 4 11 28 9 17 6 1 21 8 26 5 19 7 29 14 22 12 31 18 20 2 10 30 16 3 24 
it=121 T=1.994 best=120: 13 25 15 27 32 4 23 11 28 9 17 6 1 21 8 26 5 19 7 29 14 22 12 31 18 20 2 10 30 16 3 24 
it=126 T=1.994 best=110: 13 25 15 27 32 4 23 11 28 9 17 6 1 21 8 26 5 19 7 14 29 22 12 31 18 20 2 10 30 16 3 24 
it=129 T=1.994 best=70: 13 25 15 27 32 3 23 11 28 9 17 6 1 21 8 26 5 19 7 14 29 22 12 31 18 20 2 10 30 16 4 24 
it=134 T=1.994 best=59: 13 25 15 32 27 3 23 11 28 9 17 6 1 21 8 26 5 19 7 14 30 22 12 31 18 20 2 10 29 16 4 24 
it=136 T=1.994 best=52: 13 25 15 32 27 3 23 11 28 9 17 6 1 21 8 26 19 5 7 14 30 22 12 31 18 20 2 10 29 16 4 24 
it=137 T=1.994 best=51: 13 25 15 32 27 3 23 11 28 9 17 6 1 21 8 26 19 5 7 14 30 22 12 31 18 20 2 29 10 16 4 24 
it=140 T=1.994 best=45: 13 25 15 32 27 3 23 12 28 9 17 6 1 21 8 26 19 5 7 14 30 22 11 31 18 20 2 29 10 16 4 24 
it=141 T=1.994 best=42: 13 25 15 32 3 27 23 12 28 9 17 6 1 21 8 26 19 5 7 14 30 22 11 31 18 20 2 29 10 16 4 24 
it=142 T=1.994 best=33: 13 25 15 32 3 27 23 12 28 9 17 6 1 21 8 26 19 4 7 14 30 22 11 31 18 20 2 29 10 16 5 24 
it=144 T=1.994 best=32: 13 25 15 31 3 27 23 12 28 9 17 6 1 20 8 26 19 4 7 14 30 22 11 32 18 21 2 29 10 16 5 24 
it=148 T=1.994 best=30: 13 25 15 31 3 26 23 12 28 9 17 6 1 20 8 27 19 4 7 14 30 22 11 32 18 21 2 10 29 16 5 24 
it=151 T=1.994 best=27: 13 25 15 31 3 26 12 23 28 9 17 6 1 20 8 27 19 4 7 14 30 22 11 32 18 21 2 10 29 16 5 24 
it=163 T=1.994 best=22: 12 25 15 31 3 26 13 23 28 9 17 6 1 20 7 27 19 4 8 14 30 22 11 32 18 21 2 29 10 16 5 24 
it=169 T=1.994 best=19: 12 25 15 31 3 26 13 23 29 9 17 6 1 20 7 27 19 4 8 14 30 22 11 32 18 21 2 28 10 16 5 24 
it=170 T=1.994 best=14: 12 25 15 31 3 26 13 23 29 9 17 6 1 20 7 27 19 4 8 14 30 22 11 32 18 2 21 28 10 16 5 24 
it=171 T=1.994 best=12: 12 25 15 31 3 26 13 23 30 9 17 6 1 20 7 27 19 4 8 14 29 22 11 32 18 2 21 28 10 16 5 24 
it=186 T=1.994 best=11: 12 25 15 31 2 13 23 26 30 9 6 16 1 20 7 27 19 4 8 14 29 22 11 32 18 3 21 28 10 17 5 24 
it=189 T=1.994 best=9: 12 26 15 31 2 13 23 25 30 9 6 16 1 20 7 27 19 4 8 14 29 22 11 32 18 3 21 28 10 17 5 24 
it=197 T=1.994 best=7: 12 26 15 31 2 13 23 30 25 9 6 16 1 20 7 27 18 4 8 14 29 22 11 32 19 3 21 28 10 17 5 24 
it=221 T=1.994 best=5: 12 26 15 2 31 13 23 25 30 6 9 16 1 20 7 27 19 4 8 14 29 22 11 32 18 3 21 28 10 17 5 24 
it=226 T=1.994 best=4: 11 26 15 2 31 13 23 25 29 6 9 16 1 20 7 27 19 4 8 14 30 22 12 32 18 3 21 28 10 17 5 24 
it=228 T=1.994 best=3: 11 26 15 2 31 13 22 25 29 6 9 16 1 20 7 27 19 4 8 14 30 23 12 32 18 3 21 28 10 17 5 24 
it=251 T=1.994 best=2: 11 27 15 3 31 12 22 6 25 30 9 16 1 21 7 26 18 4 8 14 29 23 13 32 19 2 28 20 10 17 5 24 
it=561 T=1.994 best=1: 14 26 2 16 31 13 20 24 9 4 11 30 18 27 7 3 21 15 5 29 8 22 32 19 1 12 23 10 28 6 17 25 
it=674 T=1.994 best=0: 13 26 3 31 11 16 23 8 20 12 30 6 18 27 7 1 21 29 15 4 9 22 32 19 2 14 24 10 28 5 17 25 
