start n=32 k=8 sym=0 missing=6889 seed=321
it=2 T=1.994 best=6870: 24 23 9 13 19 28 12 25 29 22 10 26 14 3 20 30 15 17 8 11 6 4 18 16 31 32 5 7 27 21 1 2 
it=4 T=1.994 best=6428: 24 23 9 13 19 28 12 25 29 22 10 26 14 3 20 30 15 8 17 11 6 4 18 16 31 32 5 7 27 21 1 2 
it=5 T=1.994 best=5599: 24 23 9 13 19 28 12 25 29 22 10 26 14 3 20 30 15 8 17 11 6 4 18 31 16 32 5 7 27 21 1 2 
it=6 T=1.994 best=5363: 25 23 9 13 19 28 12 24 29 22 10 26 14 3 20 30 15 8 17 11 6 4 18 31 16 32 5 7 27 21 1 2 
it=7 T=1.994 best=4780: 25 23 9 13 19 28 12 24 29 22 10 14 26 3 20 30 15 8 17 11 6 4 18 31 16 32 5 7 27 21 1 2 
it=9 T=1.994 best=4552: 25 23 9 13 19 28 12 24 29 22 10 14 3 26 20 30 15 8 17 11 6 4 18 31 16 32 5 7 27 21 1 2 
it=11 T=1.994 best=4385: 25 23 9 13 19 28 12 24 29 22 10 14 3 26 20 15 30 8 17 11 6 4 18 31 16 32 5 7 27 21 1 2 
it=13 T=1.994 best=2879: 25 23 9 13 19 28 12 24 30 22 10 14 3 26 20 15 29 8 17 11 6 4 18 31 16 32 5 7 27 21 1 2 
it=14 T=1.994 best=2607: 25 23 9 13 19 28 12 24 30 22 10 14 3 26 20 15 8 29 17 11 6 4 18 31 16 32 5 7 27 21 1 2 
it=16 T=1.994 best=2430: 25 23 9 13 19 28 12 24 30 22 10 15 3 26 20 14 8 29 17 11 6 4 18 31 16 32 5 7 27 21 1 2 
it=20 T=1.994 best=2167: 25 23 9 14 19 28 12 24 30 22 10 15 3 26 20 13 8 29 17 11 6 4 18 31 16 32 5 7 27 21 2 1 
it=23 T=1.994 best=1628: 25 23 9 14 19 28 12 24 31 22 10 15 3 26 20 13 8 29 17 11 6 4 18 30 16 32 5 7 27 21 2 1 
it=25 T=1.994 best=1511: 25 23 14 9 19 28 12 24 31 22 10 15 3 26 20 13 8 29 17 11 6 4 18 30 16 32 5 7 27 21 2 1 
it=28 T=1.994 best=1259: 25 23 14 9 19 28 12 24 31 22 10 15 2 26 20 13 8 29 17 11 6 4 18 30 16 32 5 7 27 21 3 1 
it=30 T=1.994 best=1238: 25 23 14 9 19 28 12 24 31 22 10 15 2 26 20 13 8 29 17 11 6 4 18 30 16 32 5 7 27 3 21 1 
it=33 T=1.994 best=1096: 25 23 14 9 19 28 12 24 31 22 10 15 2 26 20 13 7 29 17 11 6 4 18 30 16 32 5 8 27 3 21 1 
it=34 T=1.994 best=1044: 25 23 14 9 19 28 12 24 31 22 10 15 2 26 20 13 7 29 17 11 6 18 4 30 16 32 5 8 27 3 21 1 
it=35 T=1.994 best=982: 25 23 14 9 19 28 12 24 31 22 10 15 2 26 20 13 7 29 17 6 11 18 4 30 16 32 5 8 27 3 21 1 
it=37 T=1.994 best=935: 26 23 14 9 19 28 12 24 31 22 10 15 2 25 20 13 7 29 17 6 11 18 4 30 16 32 5 8 27 3 21 1 
it=39 T=1.994 best=931: 26 23 14 9 19 28 12 24 31 22 10 15 2 25 20 13 7 29 17 6 11 18 3 30 16 32 5 8 27 4 21 1 
it=44 T=1.994 best=872: 26 23 14 9 19 28 12 24 31 22 10 16 2 25 20 13 7 29 17 6 11 18 3 30 15 32 5 8 27 4 21 1 
it=48 T=1.994 best=853: 26 23 14 9 19 28 12 24 31 22 10 16 2 25 20 13 7 17 29 6 11 18 3 30 15 32 5 8 27 4 21 1 
it=50 T=1.994 best=775: 26 23 14 9 19 28 12 24 31 22 10 16 1 25 20 13 7 17 29 6 11 18 3 30 15 32 5 8 27 4 21 2 
it=51 T=1.994 best=743: 26 23 14 9 19 28 12 24 31 22 10 16 1 25 13 20 7 17 29 6 11 18 3 30 15 32 5 8 27 4 21 2 
it=56 T=1.994 best=704: 26 23 14 9 19 28 12 24 31 10 22 1 16 25 13 20 7 17 29 6 11 18 3 30 15 32 5 8 27 4 21 2 
it=59 T=1.994 best=667: 26 23 14 9 19 28 12 24 31 10 22 1 16 25 13 7 20 17 29 6 11 18 3 30 15 32 5 8 27 4 21 2 
it=62 T=1.994 best=661: 26 23 14 9 19 28 12 24 31 10 22 1 16 25 13 7 20 17 29 6 11 18 3 30 15 5 32 8 27 4 21 2 
it=64 T=1.994 best=649: 26 23 14 9 19 28 12 24 31 10 22 1 16 25 13 7 20 17 6 29 11 18 3 30 15 5 32 8 27 4 21 2 
it=81 T=1.994 best=640: 26 23 14 9 19 28 12 24 10 31 22 16 1 25 13 7 20 17 6 29 11 18 3 30 15 5 32 8 27 4 21 2 
it=83 T=1.994 best=587: 26 23 14 9 18 28 12 24 10 31 22 16 1 25 13 7 20 17 6 29 11 19 3 30 15 5 32 8 27 4 21 2 
it=90 T=1.994 best=525: 26 14 23 9 18 28 12 24 10 31 22 16 1 25 13 7 20 17 6 29 11 19 3 30 15 5 32 8 27 4 21 2 
it=91 T=1.994 best=471: 26 14 23 9 18 28 12 24 10 31 22 16 1 25 13 7 21 17 6 29 11 19 3 30 15 5 32 8 27 4 20 2 
it=96 T=1.994 best=445: 26 14 23 9 18 28 12 24 10 31 22 16 1 25 13 7 21 17 6 29 11 19 3 30 15 5 32 27 8 4 20 2 
it=97 T=1.994 best=441: 26 14 23 9 18 28 12 24 10 31 22 16 1 25 13 7 21 17 5 29 11 19 3 30 15 6 32 27 8 4 20 2 
it=99 T=1.994 best=437: 26 14 23 9 18 28 12 24 10 31 22 16 1 25 13 7 21 17 29 5 11 19 3 30 15 6 32 27 8 4 20 2 
it=101 T=1.994 best=431: 26 14 23 9 18 28 12 24 10 31 22 16 1 25 13 7 21 17 29 5 11 19 3 30 6 15 32 27 8 4 20 2 
it=106 T=1.994 best=421: 26 14 23 9 18 28 12 24 10 31 22 16 1 25 13 7 21 17 29 5 11 19 3 30 6 15 27 32 8 4 20 2 
it=107 T=1.994 best=416: 26 14 23 9 18 28 12 24 10 31 22 16 1 25 13 7 21 17 29 5 19 11 3 30 6 15 27 32 8 4 20 2 
it=111 T=1.994 best=406: 26 14 23 9 18 28 12 24 10 31 22 16 1 25 13 6 21 17 29 5 19 11 3 30 7 15 27 32 8 4 20 2 
it=113 T=1.994 best=401: 26 14 23 9 18 28 12 24 10 31 16 22 1 25 13 6 21 17 29 5 19 11 3 30 7 15 27 32 8 4 20 2 
it=115 T=1.994 best=380: 26 14 22 9 18 28 12 24 10 31 16 1 23 25 13 6 21 17 29 5 19 11 3 30 7 15 27 32 8 4 20 2 
it=122 T=1.994 best=365: 26 14 22 9 18 28 12 24 10 31 17 1 23 25 13 6 21 16 29 5 19 11 3 30 7 15 27 32 8 4 20 2 
it=123 T=1.994 best=288: 26 14 22 9 18 28 12 24 10 31 17 1 23 13 25 6 21 16 29 5 19 11 3 30 7 15 27 32 8 4 20 2 
it=124 T=1.994 best=285: 26 14 22 9 18 28 12 24 10 31 17 1 23 13 25 6 21 16 29 4 19 11 3 30 7 15 27 32 8 5 20 2 
it=125 T=1.994 best=276: 26 14 22 9 18 28 12 24 10 31 17 1 23 13 25 6 21 16 29 4 19 11 2 30 7 15 27 32 8 5 20 3 
it=126 T=1.994 best=253: 27 14 22 9 18 28 12 24 10 31 17 1 23 13 25 6 21 16 29 4 19 11 2 30 7 15 26 32 8 5 20 3 
it=138 T=1.994 best=242: 27 14 22 9 17 12 28 24 10 31 18 1 23 13 25 6 21 16 29 4 19 11 2 30 7 15 26 8 32 5 20 3 
it=145 T=1.994 best=228: 27 14 22 9 17 12 28 24 10 31 1 18 23 13 25 6 21 16 29 4 19 11 2 30 7 15 26 8 32 5 20 3 
it=146 T=1.994 best=224: 27 14 22 9 17 12 28 24 10 31 1 18 23 13 25 5 21 16 29 4 19 11 2 30 7 15 26 8 32 6 20 3 
it=151 T=1.994 best=133: 27 14 22 9 12 17 28 24 10 1 31 18 23 13 25 5 21 16 29 4 19 11 2 30 7 15 26 8 32 6 20 3 
it=178 T=1.994 best=129: 27 14 22 9 12 17 28 24 10 1 31 18 23 13 25 5 21 16 29 4 19 11 2 30 6 15 26 8 32 7 20 3 
it=188 T=1.994 best=110: 27 14 22 9 12 17 28 24 10 1 32 18 23 13 25 5 21 16 29 4 19 11 2 30 6 15 26 8 31 7 20 3 
it=190 T=1.994 best=92: 27 14 9 22 12 17 28 24 10 1 32 18 23 13 25 5 21 16 29 4 19 11 2 30 6 15 26 8 31 7 20 3 
it=196 T=1.994 best=81: 27 14 9 23 12 17 29 24 10 1 32 18 22 13 25 5 21 16 28 4 19 11 2 30 6 15 26 8 31 7 20 3 
it=203 T=1.994 best=62: 27 14 8 23 12 17 29 24 10 1 32 18 22 13 25 5 21 16 28 4 19 11 2 30 6 15 26 9 31 7 20 3 
it=210 T=1.994 best=58: 27 14 8 23 12 17 29 24 10 1 32 18 22 13 25 5 21 16 28 4 19 11 2 6 30 15 26 9 31 7 20 3 
it=211 T=1.994 best=49: 27 14 8 23 12 17 29 24 10 1 32 18 22 13 25 5 21 16 28 4 19 11 2 6 31 15 26 9 30 7 20 3 
it=212 T=1.994 best=48: 27 14 8 23 12 17 29 24 9 1 32 18 22 13 25 5 21 16 28 4 19 11 2 6 31 15 26 10 30 7 20 3 
it=217 T=1.994 best=45: 27 14 8 23 12 17 29 24 9 1 32 18 22 13 25 5 16 21 28 4 19 11 2 6 31 15 26 10 30 7 20 3 
it=225 T=1.994 best=44: 27 14 7 23 12 16 29 24 9 1 32 18 22 13 25 5 17 21 28 4 19 11 2 6 31 15 26 10 30 8 20 3 
it=233 T=1.994 best=42: 27 14 7 23 11 16 29 24 9 1 32 18 22 13 25 5 17 21 28 3 19 12 2 6 31 15 26 10 30 8 20 4 
it=242 T=1.994 best=34: 27 14 7 23 11 16 29 24 9 1 18 32 22 13 25 5 17 21 28 3 19 12 2 6 31 15 26 10 30 8 20 4 
it=246 T=1.994 best=24: 27 14 7 23 11 16 30 24 9 1 18 32 22 13 26 5 17 21 28 3 19 12 2 6 31 15 25 10 29 8 20 4 
it=260 T=1.994 best=18: 14 27 7 22 11 17 30 24 1 9 19 32 23 13 5 26 16 21 28 3 18 12 2 6 31 15 25 10 29 20 8 4 
it=263 T=1.994 best=17: 14 27 7 22 10 17 30 24 1 9 19 32 23 13 5 26 16 21 28 3 18 12 2 6 31 15 25 11 29 20 8 4 
it=265 T=1.994 best=15: 14 27 7 22 10 17 30 24 1 8 19 32 23 13 5 26 16 21 28 3 18 12 2 6 31 15 25 11 29 20 9 4 
it=277 T=1.994 best=13: 15 27 6 22 10 17 30 24 1 8 19 32 23 13 5 26 16 21 28 3 18 12 2 7 31 14 25 11 29 9 20 4 
it=285 T=1.994 best=11: 15 27 6 22 10 16 30 24 1 8 19 32 23 13 5 26 17 28 21 3 18 12 2 7 31 14 25 11 29 9 20 4 
it=290 T=1.994 best=8: 16 27 6 22 10 15 30 24 1 8 19 23 32 13 5 26 17 28 21 3 18 12 2 7 31 14 25 11 9 20 29 4 
it=340 T=1.994 best=5: 17 28 22 5 10 30 14 1 24 8 18 23 32 13 6 26 16 29 21 4 11 20 2 7 15 31 25 9 12 19 27 3 
it=431 T=1.994 best=4: 16 27 5 30 22 10 14 1 24 7 18 32 13 23 6 17 26 3 21 29 9 19 2 15 31 8 11 25 20 28 12 4 
it=435 T=1.994 best=3: 16 27 5 30 22 10 14 1 24 7 18 32 13 23 6 17 26 21 3 29 9 19 2 15 31 8 11 25 20 28 12 4 
it=441 T=1.994 best=2: 16 26 5 22 30 10 14 1 24 7 18 32 13 23 6 27 17 21 3 29 9 19 2 31 15 8 25 11 20 28 12 4 
it=442 T=1.994 best=1: 16 26 5 22 30 10 14 1 24 7 18 32 12 23 6 27 17 21 3 29 9 19 2 31 15 8 25 11 20 28 13 4 
it=1954 T=1.988 best=0: 9 30 23 16 3 19 6 26 14 31 4 21 12 29 7 11 17 25 5 20 28 1 13 22 27 18 32 10 2 15 8 24 
