start n=22 k=7 sym=0 missing=2193 seed=2201
it=1 T=1.994 best=2157: 22 1 17 20 5 4 16 18 13 21 11 6 10 2 12 14 9 15 8 3 7 19 
it=3 T=1.994 best=1856: 22 1 17 5 4 16 18 13 21 11 6 10 2 12 14 9 15 8 20 3 7 19 
it=4 T=1.994 best=1753: 22 1 17 5 3 16 18 13 21 11 6 10 2 12 14 9 15 8 20 4 7 19 
it=5 T=1.994 best=1628: 22 1 17 5 3 16 18 13 21 11 6 10 2 12 14 8 15 9 20 4 7 19 
it=6 T=1.994 best=1620: 22 1 17 5 3 16 18 13 21 6 11 10 2 12 14 8 15 9 20 4 7 19 
it=7 T=1.994 best=1546: 22 1 17 5 3 16 13 18 21 6 11 10 2 12 14 8 15 9 20 4 7 19 
it=9 T=1.994 best=1384: 22 1 17 5 3 16 13 18 21 6 11 10 2 12 14 7 15 9 20 4 8 19 
it=10 T=1.994 best=1290: 22 1 17 5 3 16 13 19 21 6 11 10 2 12 14 7 15 9 20 4 8 18 
it=11 T=1.994 best=1268: 22 1 17 5 3 16 13 19 21 6 12 10 2 11 14 7 15 9 20 4 8 18 
it=16 T=1.994 best=1171: 22 1 17 13 3 16 5 19 21 6 12 10 2 11 14 7 15 9 20 4 8 18 
it=18 T=1.994 best=1084: 22 1 17 13 3 16 5 19 21 6 12 10 2 11 14 7 15 9 20 4 18 8 
it=19 T=1.994 best=1042: 21 1 17 13 3 16 5 19 22 6 12 10 2 11 14 7 15 9 20 4 18 8 
it=20 T=1.994 best=973: 21 1 13 17 3 16 5 19 22 6 12 10 2 11 14 7 15 9 20 4 18 8 
it=21 T=1.994 best=931: 21 1 13 17 3 16 5 19 6 22 12 10 2 11 14 7 15 9 20 4 18 8 
it=32 T=1.994 best=926: 21 13 1 17 3 16 5 19 6 22 12 10 2 11 14 7 15 9 20 4 18 8 
it=34 T=1.994 best=805: 21 13 1 17 3 16 5 19 6 22 12 10 2 11 14 7 15 20 9 4 18 8 
it=36 T=1.994 best=797: 13 21 1 17 3 16 5 19 6 22 12 10 2 11 14 7 15 20 9 4 18 8 
it=38 T=1.994 best=743: 12 21 1 17 3 16 5 19 6 22 13 10 2 11 14 7 15 20 9 4 18 8 
it=39 T=1.994 best=602: 12 21 1 17 3 16 5 19 6 22 13 10 2 11 14 7 20 15 9 4 18 8 
it=42 T=1.994 best=600: 12 21 1 17 3 16 5 19 6 22 13 10 2 11 14 7 20 9 15 4 18 8 
it=43 T=1.994 best=433: 12 21 1 17 7 16 5 19 6 22 13 10 2 11 14 3 20 9 15 4 18 8 
it=44 T=1.994 best=362: 12 21 1 17 7 16 5 19 6 22 13 9 2 11 14 3 20 10 15 4 18 8 
it=47 T=1.994 best=281: 12 21 1 17 7 16 5 19 6 22 13 9 3 11 14 2 20 10 15 4 18 8 
it=52 T=1.994 best=267: 12 21 1 17 7 16 5 19 6 22 13 3 9 11 14 2 20 10 15 4 18 8 
it=53 T=1.994 best=251: 11 21 1 17 7 16 5 19 6 22 13 3 9 12 14 2 20 10 15 4 18 8 
it=64 T=1.994 best=249: 11 21 1 17 7 16 5 19 6 22 13 3 9 12 14 20 2 10 15 4 18 8 
it=66 T=1.994 best=208: 11 21 1 17 7 15 5 19 6 22 13 3 9 12 14 20 2 10 16 4 18 8 
it=69 T=1.994 best=181: 11 21 1 17 7 15 5 19 6 22 13 3 9 12 14 20 2 16 10 4 18 8 
it=75 T=1.994 best=159: 11 21 1 17 7 15 5 18 6 22 13 3 9 12 14 20 2 16 10 4 19 8 
it=78 T=1.994 best=143: 11 21 1 17 7 15 5 18 6 13 22 3 9 12 14 20 2 16 10 4 19 8 
it=82 T=1.994 best=137: 11 21 1 16 7 15 5 18 6 13 22 3 9 12 14 20 2 17 10 4 19 8 
it=92 T=1.994 best=136: 11 21 1 16 7 15 5 18 6 13 22 3 12 9 14 20 2 17 10 4 19 8 
it=109 T=1.994 best=115: 11 21 2 16 7 15 5 18 13 6 22 3 12 9 14 20 1 17 10 4 19 8 
it=118 T=1.994 best=110: 11 21 2 16 7 15 5 18 13 6 22 3 12 8 14 20 1 17 10 4 19 9 
it=128 T=1.994 best=107: 11 21 2 16 7 15 4 18 6 13 22 3 12 8 14 20 1 17 10 5 19 9 
it=134 T=1.994 best=105: 11 21 2 17 7 15 4 18 6 13 22 3 12 8 14 20 1 16 10 5 19 9 
it=147 T=1.994 best=95: 11 21 2 7 15 4 18 6 17 13 22 3 12 8 14 20 1 10 16 5 19 9 
it=151 T=1.994 best=82: 11 21 2 7 15 4 18 6 13 17 22 3 12 8 14 20 1 10 16 5 19 9 
it=158 T=1.994 best=78: 11 21 2 15 7 4 18 6 13 17 22 3 12 8 14 20 1 10 16 5 19 9 
it=159 T=1.994 best=70: 11 21 2 15 7 4 18 6 13 22 17 3 12 8 14 20 1 10 16 5 19 9 
it=185 T=1.994 best=58: 11 21 2 15 8 4 18 6 13 22 17 3 12 7 14 20 1 10 16 5 19 9 
it=190 T=1.994 best=51: 11 2 21 15 8 4 18 6 13 22 17 3 12 7 14 20 1 10 16 5 19 9 
it=213 T=1.994 best=46: 12 2 21 15 8 4 18 6 13 22 17 3 11 7 14 20 1 10 16 5 19 9 
it=216 T=1.994 best=42: 12 2 21 15 8 4 18 6 13 22 17 3 11 7 14 20 1 9 16 5 19 10 
it=230 T=1.994 best=41: 12 2 21 8 15 4 18 6 13 22 3 17 11 7 14 20 1 9 16 5 19 10 
it=260 T=1.994 best=40: 12 2 21 8 15 4 18 5 13 22 3 17 11 7 14 20 1 9 16 6 19 10 
it=336 T=1.994 best=39: 12 2 21 15 9 4 18 6 13 22 3 17 11 7 14 20 1 8 16 5 19 10 
it=980 T=1.994 best=37: 14 3 20 8 16 5 19 12 7 21 2 9 17 13 4 11 22 1 15 6 18 10 
it=1001 T=1.994 best=34: 14 3 20 8 16 5 19 12 7 21 2 9 17 13 4 11 22 15 1 6 18 10 
it=1051 T=1.988 best=29: 14 3 20 8 16 4 18 12 7 21 1 9 17 13 5 11 22 15 6 2 19 10 
it=1053 T=1.988 best=26: 14 3 20 8 15 4 18 12 7 21 1 9 17 13 5 11 22 16 6 2 19 10 
it=1120 T=1.988 best=20: 14 3 20 8 16 5 19 12 1 7 21 9 17 13 4 11 22 6 15 2 18 10 
it=1144 T=1.988 best=19: 14 3 20 8 16 5 19 12 1 7 21 9 17 13 4 11 22 15 6 2 18 10 
it=1166 T=1.988 best=18: 14 3 20 8 16 5 19 12 7 1 21 9 17 4 13 11 22 15 6 2 18 10 
it=2021 T=1.988 best=15: 13 3 20 8 15 4 18 11 7 1 21 16 5 9 14 22 17 12 6 2 19 10 
it=24765 T=1.855 best=14: 8 20 14 1 11 4 17 22 6 12 2 19 15 10 5 16 21 7 13 3 9 18 
it=24786 T=1.855 best=13: 8 20 1 14 11 4 17 22 6 12 2 19 15 10 5 16 21 7 13 3 9 18 
it=33997 T=1.806 best=11: 13 3 20 7 17 11 5 15 22 1 8 18 12 4 19 10 6 14 2 21 16 9 
it=34121 T=1.806 best=7: 13 3 20 7 17 12 5 14 22 1 8 18 11 4 19 10 6 15 2 21 16 9 
it=200000 T=1.110 cur=21 (s35) best=7
