start n=22 k=7 sym=0 missing=2106 seed=2205
it=2 T=1.994 best=2001: 17 15 22 9 7 6 21 19 4 12 18 11 1 14 10 8 16 13 3 2 20 5 
it=3 T=1.994 best=1993: 17 15 22 9 7 6 21 19 4 12 18 11 1 10 14 8 16 13 3 2 20 5 
it=4 T=1.994 best=1861: 17 15 22 9 7 6 21 19 4 13 18 11 1 10 14 8 16 12 3 2 20 5 
it=5 T=1.994 best=1806: 17 15 22 9 7 6 21 19 3 13 18 11 1 10 14 8 16 12 4 2 20 5 
it=7 T=1.994 best=1209: 17 15 22 7 6 21 9 19 3 13 18 11 1 10 14 8 16 12 4 2 20 5 
it=15 T=1.994 best=1203: 17 15 7 22 6 21 9 19 3 13 18 11 1 10 14 8 16 12 4 2 20 5 
it=23 T=1.994 best=873: 17 7 15 22 6 21 9 19 3 13 18 11 1 10 14 8 16 12 4 2 20 5 
it=25 T=1.994 best=864: 17 7 15 22 6 21 9 20 3 13 18 11 1 10 14 8 16 12 4 2 19 5 
it=26 T=1.994 best=841: 17 7 14 22 6 21 9 20 3 13 18 11 1 10 15 8 16 12 4 2 19 5 
it=32 T=1.994 best=799: 17 8 14 22 6 21 9 20 3 13 18 11 1 10 15 7 16 12 4 2 19 5 
it=36 T=1.994 best=763: 17 8 14 22 6 21 9 20 3 13 11 18 1 10 15 7 16 12 4 2 19 5 
it=38 T=1.994 best=744: 17 8 14 22 6 21 10 20 3 13 11 18 1 9 15 7 16 12 4 2 19 5 
it=39 T=1.994 best=740: 17 8 15 22 6 21 10 20 3 13 11 18 1 9 14 7 16 12 4 2 19 5 
it=47 T=1.994 best=609: 17 8 13 22 6 21 10 20 3 15 11 18 1 9 14 7 16 12 4 2 19 5 
it=51 T=1.994 best=608: 17 22 8 13 6 21 10 20 3 15 11 18 1 9 14 7 16 12 4 2 19 5 
it=66 T=1.994 best=593: 17 22 8 13 6 21 10 3 20 15 11 18 1 9 14 7 16 12 4 2 19 5 
it=92 T=1.994 best=567: 17 21 8 13 6 22 10 3 20 15 11 18 1 9 14 7 16 12 4 2 19 5 
it=110 T=1.994 best=511: 17 21 8 13 6 22 10 3 15 20 11 18 1 9 14 7 16 12 4 2 19 5 
it=112 T=1.994 best=456: 17 21 8 13 6 22 10 3 15 20 11 18 1 9 14 7 16 4 12 2 19 5 
it=166 T=1.994 best=450: 17 21 8 13 6 22 10 3 15 11 20 18 1 9 14 7 4 16 2 12 19 5 
it=167 T=1.994 best=447: 17 21 8 13 6 22 9 3 15 11 20 18 1 10 14 7 4 16 2 12 19 5 
it=171 T=1.994 best=420: 17 21 8 13 6 22 9 3 15 11 20 1 18 10 14 7 4 16 2 12 19 5 
it=173 T=1.994 best=390: 17 21 7 13 6 22 9 3 15 11 20 1 18 10 14 8 4 16 2 12 19 5 
it=177 T=1.994 best=279: 17 2 21 7 13 6 22 9 3 15 11 20 1 18 10 14 8 4 16 12 19 5 
it=192 T=1.994 best=276: 17 2 21 7 13 6 22 9 3 15 11 20 18 1 10 14 4 8 16 12 19 5 
it=194 T=1.994 best=267: 17 2 21 8 13 6 22 9 3 15 11 20 18 1 10 14 4 7 16 12 19 5 
it=199 T=1.994 best=262: 17 2 21 8 13 6 22 9 4 15 11 20 18 1 10 14 3 7 16 12 19 5 
it=201 T=1.994 best=260: 17 2 21 8 13 6 22 9 4 15 11 18 20 1 10 14 3 7 16 12 19 5 
it=209 T=1.994 best=226: 17 2 20 8 13 6 22 9 4 15 11 18 21 1 10 14 3 7 16 12 19 5 
it=211 T=1.994 best=174: 17 2 20 8 13 6 22 9 15 4 11 18 21 1 10 14 3 7 16 12 19 5 
it=216 T=1.994 best=173: 17 2 20 8 13 6 22 9 15 4 12 18 21 1 10 14 3 7 16 11 5 19 
it=222 T=1.994 best=89: 17 2 8 13 6 22 9 15 4 12 18 21 1 10 14 3 20 7 16 11 5 19 
it=230 T=1.994 best=86: 2 8 17 13 6 22 9 15 4 12 18 21 1 10 14 3 20 7 16 11 5 19 
it=243 T=1.994 best=72: 8 2 17 13 6 22 9 15 4 12 18 21 1 10 14 3 20 7 16 11 5 19 
it=249 T=1.994 best=66: 9 2 17 13 6 22 8 15 4 12 18 21 1 10 14 3 20 7 16 11 5 19 
it=287 T=1.994 best=63: 9 2 17 12 6 22 8 15 4 18 13 21 1 10 14 3 20 7 16 11 5 19 
it=330 T=1.994 best=62: 9 2 17 12 22 6 8 15 4 18 13 21 1 10 14 3 20 7 16 11 5 19 
it=347 T=1.994 best=54: 9 2 17 12 22 6 15 8 4 18 13 21 1 10 14 3 20 7 16 11 5 19 
it=370 T=1.994 best=46: 9 2 17 12 22 6 15 8 4 18 13 21 1 10 3 14 20 7 16 11 5 19 
it=381 T=1.994 best=35: 9 17 2 12 22 6 15 8 4 18 13 21 1 10 3 14 20 7 16 11 5 19 
it=406 T=1.994 best=32: 9 17 2 12 22 6 15 8 5 18 13 21 1 10 3 14 20 7 16 11 4 19 
it=433 T=1.994 best=31: 9 17 2 12 22 6 15 8 5 18 14 21 1 10 4 13 20 7 16 11 3 19 
it=440 T=1.994 best=27: 9 17 2 12 22 6 15 8 18 5 14 21 1 10 4 13 20 7 16 11 3 19 
it=529 T=1.994 best=26: 8 17 2 12 22 6 15 9 4 18 14 21 1 10 5 13 20 16 7 11 3 19 
it=537 T=1.994 best=22: 8 17 2 12 22 6 15 9 4 18 14 21 1 10 5 13 20 16 7 3 11 19 
it=545 T=1.994 best=19: 8 17 2 12 22 6 15 9 18 4 14 21 1 10 5 13 20 16 7 3 11 19 
it=1210 T=1.988 best=18: 9 17 2 12 22 5 15 8 18 4 14 10 21 1 6 13 19 16 7 3 11 20 
it=1258 T=1.988 best=15: 9 17 2 12 22 5 15 8 18 4 14 10 21 1 6 13 19 16 7 3 20 11 
it=2113 T=1.982 best=12: 7 17 2 12 22 6 15 9 18 4 14 21 10 1 5 13 19 16 8 3 20 11 
it=77626 T=1.592 best=10: 10 20 3 15 8 18 5 11 21 1 17 12 7 14 4 19 6 13 2 22 16 9 
it=78144 T=1.587 best=8: 10 20 3 15 8 18 5 11 22 1 17 12 7 14 4 19 6 13 21 2 16 9 
it=200000 T=1.110 cur=24 (s34) best=8
