start n=22 k=7 sym=0 missing=2742 seed=2203
it=2 T=1.994 best=2655: 3 7 6 13 15 22 9 12 8 5 14 18 11 17 16 10 20 21 2 4 1 19 
it=3 T=1.994 best=2493: 7 3 6 13 15 22 9 12 8 5 14 18 11 17 16 10 20 21 2 4 1 19 
it=4 T=1.994 best=2185: 7 3 13 6 15 22 9 12 8 5 14 18 11 17 16 10 20 21 2 4 1 19 
it=8 T=1.994 best=2162: 7 2 13 6 15 22 9 12 8 5 14 18 17 11 16 10 20 21 3 4 1 19 
it=9 T=1.994 best=2032: 7 13 2 6 15 22 9 12 8 5 14 18 17 11 16 10 20 21 3 4 1 19 
it=10 T=1.994 best=1691: 7 13 2 6 15 22 9 12 8 5 14 18 11 16 10 20 21 3 17 4 1 19 
it=15 T=1.994 best=1677: 8 13 2 6 15 22 9 12 7 5 14 18 11 16 10 20 21 3 17 4 1 19 
it=17 T=1.994 best=1655: 8 13 6 2 15 22 9 12 7 5 14 18 11 16 10 20 21 3 17 4 1 19 
it=19 T=1.994 best=1072: 8 13 6 2 15 22 9 12 7 5 14 18 3 16 10 20 21 11 17 4 1 19 
it=23 T=1.994 best=973: 8 13 6 2 15 22 9 11 7 5 14 18 3 16 10 20 21 12 17 4 1 19 
it=24 T=1.994 best=894: 8 13 6 2 15 22 9 11 7 5 18 14 3 16 10 20 21 12 17 4 1 19 
it=28 T=1.994 best=814: 8 13 6 2 15 21 9 11 7 5 18 14 3 16 10 20 22 12 17 4 1 19 
it=29 T=1.994 best=757: 8 13 6 2 15 21 9 11 7 5 18 14 3 17 10 20 22 12 16 4 1 19 
it=31 T=1.994 best=739: 9 13 6 2 15 21 8 11 7 5 18 14 3 17 10 20 22 12 16 4 1 19 
it=36 T=1.994 best=685: 9 13 2 6 15 21 8 11 7 5 18 14 3 17 10 20 22 12 4 16 1 19 
it=39 T=1.994 best=673: 9 14 2 6 15 21 8 11 7 5 19 13 3 17 10 20 22 12 4 16 1 18 
it=48 T=1.994 best=654: 9 15 2 6 14 21 8 7 11 5 19 13 3 17 10 20 22 12 4 16 1 18 
it=52 T=1.994 best=651: 9 15 6 2 14 21 8 7 11 5 19 13 3 17 20 10 22 12 4 16 1 18 
it=53 T=1.994 best=649: 8 15 6 2 14 21 9 7 11 5 19 13 3 17 20 10 22 12 4 16 1 18 
it=56 T=1.994 best=621: 8 15 6 2 14 21 9 7 11 5 19 13 3 17 20 10 22 4 12 16 1 18 
it=57 T=1.994 best=554: 8 15 9 2 14 21 6 7 11 5 19 13 3 17 20 10 22 4 12 16 1 18 
it=58 T=1.994 best=456: 8 15 10 2 14 21 6 7 11 5 19 13 3 17 20 9 22 4 12 16 1 18 
it=60 T=1.994 best=453: 8 15 10 2 14 6 21 7 11 5 19 13 3 17 20 9 22 4 12 16 1 18 
it=64 T=1.994 best=394: 8 16 10 2 14 6 21 7 11 5 19 13 3 17 20 9 22 4 12 15 1 18 
it=69 T=1.994 best=381: 8 16 10 2 14 5 21 7 11 6 19 13 3 17 20 9 22 4 12 15 1 18 
it=73 T=1.994 best=350: 8 16 10 2 14 5 21 7 11 6 19 13 3 20 17 9 22 4 12 15 1 18 
it=76 T=1.994 best=345: 8 16 10 2 14 5 21 7 11 6 19 3 13 20 17 9 22 4 12 15 1 18 
it=79 T=1.994 best=308: 8 16 10 2 14 5 21 7 11 6 19 3 13 20 17 9 22 4 15 12 1 18 
it=81 T=1.994 best=297: 8 16 10 2 14 5 21 7 11 6 19 3 13 20 18 9 22 4 15 12 1 17 
it=82 T=1.994 best=268: 8 16 10 2 14 5 21 7 11 6 19 13 3 20 18 9 22 4 15 12 1 17 
it=84 T=1.994 best=242: 8 16 10 2 14 5 21 7 11 6 19 13 3 20 18 9 22 15 4 12 1 17 
it=85 T=1.994 best=221: 8 16 10 2 14 21 5 7 11 6 19 13 3 20 18 9 22 15 4 12 1 17 
it=86 T=1.994 best=195: 8 17 10 2 14 21 5 7 11 6 19 13 3 20 18 9 22 15 4 12 1 16 
it=89 T=1.994 best=180: 8 17 10 2 14 21 7 5 11 6 19 13 3 20 18 9 22 15 4 12 1 16 
it=99 T=1.994 best=132: 8 17 10 2 14 21 7 4 11 6 19 13 3 20 18 9 22 15 5 12 1 16 
it=102 T=1.994 best=123: 8 17 10 1 14 21 7 4 11 6 19 13 3 20 18 9 22 15 5 12 2 16 
it=108 T=1.994 best=121: 7 17 10 1 15 21 8 4 11 6 19 13 3 20 18 9 22 14 5 12 2 16 
it=110 T=1.994 best=118: 7 17 10 1 15 21 8 4 11 6 19 13 3 20 9 18 22 14 5 12 2 16 
it=111 T=1.994 best=104: 7 17 10 1 21 15 8 4 11 6 19 13 3 20 9 18 22 14 5 12 2 16 
it=115 T=1.994 best=99: 7 17 10 1 21 15 9 4 11 6 19 13 3 20 8 18 14 22 5 12 2 16 
it=119 T=1.994 best=95: 7 18 10 1 21 15 9 4 11 6 19 13 20 3 8 17 14 22 5 12 2 16 
it=127 T=1.994 best=84: 7 18 10 1 15 21 9 4 11 6 19 13 20 3 17 8 14 22 5 12 2 16 
it=130 T=1.994 best=75: 7 18 10 1 15 21 9 4 11 19 6 13 20 3 17 8 14 22 5 12 2 16 
it=134 T=1.994 best=73: 7 18 10 1 15 21 9 4 11 19 6 13 20 3 17 14 8 5 22 12 2 16 
it=141 T=1.994 best=66: 7 18 10 1 15 21 9 4 11 19 6 13 20 3 17 8 14 5 22 12 2 16 
it=142 T=1.994 best=60: 7 18 10 1 21 15 9 4 11 19 6 13 20 3 17 8 14 5 22 12 2 16 
it=148 T=1.994 best=52: 7 18 10 1 21 15 9 4 11 19 6 13 20 2 17 8 14 5 22 12 3 16 
it=150 T=1.994 best=50: 7 18 10 1 21 15 9 4 11 19 5 13 20 2 17 8 14 6 22 12 3 16 
it=236 T=1.994 best=45: 18 7 10 1 15 21 9 4 19 11 6 14 20 2 17 8 13 5 22 12 3 16 
it=275 T=1.994 best=43: 18 7 10 1 15 21 9 4 19 11 5 14 20 2 17 8 13 6 22 12 3 16 
it=340 T=1.994 best=41: 7 18 10 1 13 21 9 4 19 11 15 6 20 17 2 8 14 5 22 12 3 16 
it=418 T=1.994 best=39: 7 18 10 2 13 22 8 4 19 12 15 6 20 17 1 9 14 5 21 11 3 16 
it=442 T=1.994 best=37: 7 18 10 2 14 22 8 4 19 12 15 6 20 17 1 9 13 5 21 11 3 16 
it=586 T=1.994 best=34: 8 18 2 11 22 15 7 3 10 19 13 6 20 17 1 5 14 9 21 12 4 16 
it=628 T=1.994 best=30: 8 18 2 12 22 15 7 3 10 19 13 6 20 17 1 5 14 9 21 11 4 16 
it=1240 T=1.988 best=26: 8 17 2 14 22 6 10 15 4 19 12 20 9 1 18 5 13 7 21 11 3 16 
it=1272 T=1.988 best=20: 9 18 2 15 22 6 10 14 4 19 12 20 7 1 17 5 13 8 21 11 3 16 
it=1297 T=1.988 best=16: 9 18 2 15 6 22 10 14 4 19 12 7 20 1 17 5 13 8 21 11 3 16 
it=22954 T=1.866 best=14: 13 3 20 8 17 5 10 14 22 1 18 12 7 4 19 9 16 2 11 21 6 15 
it=23110 T=1.866 best=10: 13 3 20 8 17 5 10 14 22 2 18 12 7 4 19 9 16 1 11 21 6 15 
it=44112 T=1.752 best=8: 13 3 20 8 15 5 18 12 1 22 6 11 16 9 19 4 17 10 2 21 7 14 
it=200000 T=1.110 cur=19 (s34) best=8
