start n=22 k=7 sym=0 missing=851 seed=2204
it=0 T=1.000 best=824: 13 20 7 16 8 14 6 3 18 10 9 17 4 12 19 1 22 2 15 21 11 5 
it=2 T=0.997 best=808: 13 20 7 16 8 14 5 3 18 10 9 17 4 12 19 1 22 2 15 21 11 6 
it=3 T=0.997 best=739: 13 20 7 16 8 14 5 3 18 10 9 17 4 12 19 1 22 2 15 11 21 6 
it=11 T=0.997 best=716: 13 20 7 16 8 14 5 3 10 18 9 17 4 12 19 22 1 2 15 11 21 6 
it=13 T=0.997 best=696: 14 20 7 16 8 13 5 3 10 18 9 17 4 12 19 22 1 2 15 11 21 6 
it=15 T=0.997 best=646: 14 20 7 16 8 13 3 5 10 18 9 17 4 12 19 22 1 2 15 11 21 6 
it=17 T=0.997 best=580: 14 20 7 16 8 13 3 5 11 18 9 17 4 12 19 22 1 2 15 10 21 6 
it=24 T=0.997 best=559: 14 20 7 16 8 13 3 11 5 18 9 17 4 12 19 22 1 2 15 10 21 6 
it=26 T=0.997 best=445: 14 7 20 16 8 13 3 11 5 18 9 17 4 12 19 22 1 2 15 10 21 6 
it=31 T=0.997 best=427: 14 6 20 16 8 13 3 11 5 18 9 17 4 12 19 22 1 2 15 10 21 7 
it=34 T=0.997 best=393: 14 5 20 16 8 13 3 11 6 18 9 17 4 12 19 22 1 2 15 10 21 7 
it=35 T=0.997 best=292: 14 5 20 16 8 13 2 11 6 18 9 17 4 12 19 22 1 3 15 10 21 7 
it=38 T=0.997 best=284: 5 14 20 16 8 13 2 11 18 9 17 4 12 6 19 22 1 3 15 10 21 7 
it=39 T=0.997 best=278: 5 14 20 17 8 13 2 11 18 9 16 4 12 6 19 22 1 3 15 10 21 7 
it=41 T=0.997 best=276: 5 14 20 17 8 13 2 11 18 9 16 4 6 12 19 22 1 3 15 10 21 7 
it=51 T=0.997 best=255: 5 14 20 8 17 13 2 11 18 9 16 4 6 12 19 22 1 3 15 10 21 7 
it=52 T=0.997 best=212: 5 14 20 8 17 13 2 11 18 9 16 3 6 12 19 22 1 4 15 10 21 7 
it=57 T=0.997 best=156: 5 14 20 8 17 2 11 18 9 16 3 6 12 19 22 1 4 13 15 10 21 7 
it=58 T=0.997 best=147: 5 14 20 8 17 2 11 18 9 15 3 6 12 19 22 1 4 13 16 10 21 7 
it=60 T=0.997 best=144: 5 14 21 8 17 2 11 18 9 15 3 6 12 19 22 1 4 13 16 10 20 7 
it=61 T=0.997 best=128: 5 14 21 8 17 2 11 18 9 15 3 6 19 12 22 1 4 13 16 10 20 7 
it=66 T=0.997 best=96: 5 14 21 9 17 2 11 18 8 15 3 6 19 12 22 1 4 13 16 10 20 7 
it=69 T=0.997 best=92: 5 14 21 9 16 2 11 18 8 15 3 6 19 12 22 1 4 13 17 10 20 7 
it=78 T=0.997 best=91: 5 14 21 9 16 2 11 18 8 15 3 19 6 12 22 1 4 13 17 10 20 7 
it=86 T=0.997 best=80: 5 14 21 9 16 2 11 18 8 15 3 19 6 12 22 1 4 17 13 10 20 7 
it=89 T=0.997 best=79: 4 14 21 9 16 2 11 18 8 15 3 19 6 12 22 1 5 17 13 10 20 7 
it=93 T=0.997 best=74: 4 14 21 9 16 2 11 19 8 15 3 18 6 12 22 1 5 17 13 10 20 7 
it=94 T=0.997 best=61: 4 14 21 9 16 2 11 19 8 15 3 18 6 12 22 1 17 5 13 10 20 7 
it=97 T=0.997 best=56: 4 14 21 9 17 2 11 19 8 15 3 18 6 12 22 1 16 5 13 10 20 7 
it=98 T=0.997 best=36: 4 14 21 9 17 2 11 20 8 15 3 18 6 12 22 1 16 5 13 10 19 7 
it=104 T=0.997 best=35: 4 14 21 9 17 2 11 20 8 15 3 18 6 12 1 22 16 5 13 10 19 7 
it=109 T=0.997 best=33: 4 14 21 9 17 2 11 20 8 3 15 18 6 12 1 22 16 5 13 10 19 7 
it=138 T=0.997 best=32: 5 14 21 9 16 2 11 20 8 3 15 18 6 12 1 22 17 4 10 13 19 7 
it=174 T=0.997 best=31: 5 14 21 9 16 2 11 20 8 3 15 18 7 12 1 22 4 17 10 13 19 6 
it=236 T=0.997 best=30: 5 14 21 9 17 2 11 20 8 15 3 18 7 12 1 22 4 16 10 13 19 6 
it=248 T=0.997 best=28: 5 14 21 9 17 2 11 20 8 15 3 18 7 1 12 22 4 16 10 13 19 6 
it=404 T=0.997 best=26: 5 15 21 9 2 16 11 20 8 3 14 18 7 12 1 22 4 17 10 13 19 6 
it=2940 T=0.991 best=25: 5 15 21 10 2 17 12 8 20 3 14 18 7 11 1 22 4 16 9 13 19 6 
it=3083 T=0.988 best=23: 6 15 21 10 2 17 12 9 20 3 14 18 8 1 11 22 4 16 7 13 19 5 
it=3165 T=0.988 best=22: 5 15 21 10 2 17 11 9 20 3 14 18 8 1 12 22 4 16 7 13 19 6 
it=10257 T=0.967 best=20: 6 15 21 10 2 18 12 9 3 20 14 17 7 1 11 22 5 16 8 13 19 4 
it=17108 T=0.950 best=19: 6 16 21 10 2 18 12 9 4 20 14 7 17 1 11 22 5 15 8 13 3 19 
it=17481 T=0.947 best=17: 6 16 21 10 2 18 12 9 4 20 14 7 17 1 11 22 5 15 8 3 13 19 
it=21429 T=0.939 best=15: 16 6 12 21 1 9 17 4 13 20 8 2 14 5 19 11 22 7 15 3 10 18 
it=24374 T=0.930 best=14: 16 6 12 1 21 17 9 4 13 20 8 2 14 19 5 11 22 7 15 3 10 18 
it=164840 T=0.616 best=13: 16 8 1 22 12 5 17 10 20 6 13 2 19 14 9 4 21 7 15 11 3 18 
it=200000 T=0.555 cur=21 (s26) best=13
