start n=21 k=7 sym=0 missing=2809 seed=2101
it=3 T=1.994 best=2633: 14 19 15 1 18 6 7 4 5 11 10 2 20 3 12 9 21 8 16 17 13 
it=4 T=1.994 best=2180: 14 19 15 1 18 6 7 4 5 11 10 2 20 3 12 9 21 16 8 17 13 
it=6 T=1.994 best=2049: 14 19 15 1 18 6 7 4 5 11 10 2 20 3 13 9 21 16 8 17 12 
it=7 T=1.994 best=1972: 14 19 15 1 18 5 7 4 6 11 10 2 20 3 13 9 21 16 8 17 12 
it=9 T=1.994 best=1837: 14 19 15 1 18 5 7 4 6 11 10 2 20 13 3 9 21 16 8 17 12 
it=10 T=1.994 best=1691: 14 20 15 1 18 5 7 4 6 11 10 2 19 13 3 9 21 16 8 17 12 
it=12 T=1.994 best=1635: 14 20 15 1 18 5 7 4 6 11 10 2 19 13 3 9 16 21 8 17 12 
it=14 T=1.994 best=1484: 14 20 15 1 18 5 7 4 6 12 10 2 19 13 3 9 16 21 8 17 11 
it=20 T=1.994 best=1297: 13 20 15 1 18 5 7 4 6 12 10 2 19 14 3 9 16 21 8 17 11 
it=30 T=1.994 best=1154: 13 20 15 1 18 5 7 4 12 6 10 2 19 14 3 9 16 21 8 17 11 
it=32 T=1.994 best=896: 13 20 1 18 5 7 4 15 12 6 10 2 19 14 3 9 16 21 8 17 11 
it=34 T=1.994 best=867: 13 20 1 18 5 7 3 15 12 6 10 2 19 14 4 9 16 21 8 17 11 
it=35 T=1.994 best=855: 13 20 1 18 5 7 3 15 12 6 9 2 19 14 4 10 16 21 8 17 11 
it=41 T=1.994 best=732: 13 20 1 18 5 8 3 15 12 6 9 2 19 14 4 10 16 21 7 17 11 
it=44 T=1.994 best=688: 13 20 1 18 5 8 15 3 12 6 9 2 19 14 4 10 21 16 7 17 11 
it=45 T=1.994 best=679: 12 20 1 18 5 8 15 3 13 6 9 2 19 14 4 10 21 16 7 17 11 
it=46 T=1.994 best=563: 12 20 1 18 5 8 15 3 13 6 19 9 2 14 4 10 21 16 7 17 11 
it=47 T=1.994 best=519: 12 20 1 5 18 8 15 3 13 6 19 9 2 14 4 10 21 16 7 17 11 
it=48 T=1.994 best=514: 12 20 1 5 18 8 15 3 13 19 6 9 2 14 4 10 21 16 7 17 11 
it=49 T=1.994 best=504: 12 20 5 1 18 8 15 3 13 19 6 9 2 14 4 10 21 16 7 17 11 
it=54 T=1.994 best=492: 12 20 5 1 17 8 15 3 13 19 6 9 14 2 4 10 21 16 7 18 11 
it=59 T=1.994 best=459: 12 20 5 2 17 8 15 3 13 19 6 9 14 1 4 10 21 16 7 18 11 
it=70 T=1.994 best=447: 12 20 5 2 17 8 15 3 13 19 6 9 14 1 4 21 10 16 7 18 11 
it=73 T=1.994 best=374: 12 20 5 2 17 8 15 3 13 19 6 9 14 4 1 21 10 16 7 18 11 
it=76 T=1.994 best=324: 12 20 5 2 17 9 15 3 13 19 6 8 14 4 1 21 10 16 7 18 11 
it=80 T=1.994 best=306: 12 20 6 2 17 9 15 3 13 19 5 8 14 4 1 21 10 16 7 18 11 
it=90 T=1.994 best=302: 12 6 20 2 5 17 9 15 3 13 19 8 14 4 1 21 10 16 7 18 11 
it=91 T=1.994 best=284: 12 7 20 2 5 17 9 15 3 13 19 8 14 4 1 21 10 16 6 18 11 
it=93 T=1.994 best=259: 7 12 20 2 5 17 9 15 3 13 19 8 14 4 1 21 10 16 6 18 11 
it=100 T=1.994 best=248: 6 12 20 2 5 17 9 15 3 13 19 8 14 4 1 21 10 16 7 18 11 
it=123 T=1.994 best=220: 6 13 20 2 5 17 9 15 3 12 19 8 14 4 1 21 10 16 7 18 11 
it=146 T=1.994 best=217: 6 13 20 2 5 17 9 15 3 12 19 8 14 4 1 11 16 21 7 18 10 
it=161 T=1.994 best=202: 7 13 20 2 5 17 9 15 3 12 19 8 14 4 1 11 16 21 6 18 10 
it=166 T=1.994 best=195: 7 13 20 2 5 17 9 15 3 12 19 8 14 4 1 11 21 16 6 18 10 
it=173 T=1.994 best=187: 7 13 20 2 17 5 9 15 3 12 19 8 14 4 1 11 21 16 6 18 10 
it=179 T=1.994 best=157: 7 13 20 2 17 5 9 15 3 12 19 8 14 4 11 1 21 16 6 18 10 
it=204 T=1.994 best=139: 7 13 20 2 17 5 9 15 3 12 19 8 14 4 11 21 1 16 6 18 10 
it=213 T=1.994 best=129: 7 13 20 2 17 5 9 15 3 12 19 8 14 4 21 11 1 16 6 18 10 
it=225 T=1.994 best=125: 7 13 20 1 17 5 9 15 3 12 19 8 14 4 21 11 2 16 6 18 10 
it=243 T=1.994 best=124: 7 13 20 1 17 5 9 15 3 12 19 8 14 4 21 11 16 2 6 18 10 
it=275 T=1.994 best=116: 7 13 21 1 17 5 9 16 3 12 19 8 14 4 20 11 2 15 6 18 10 
it=349 T=1.994 best=112: 7 13 1 17 5 21 9 16 3 12 18 8 14 4 20 11 2 15 6 19 10 
it=350 T=1.994 best=107: 7 13 1 17 5 21 16 9 3 12 18 8 14 4 20 11 2 15 6 19 10 
it=352 T=1.994 best=102: 7 13 2 17 5 21 16 9 3 12 18 8 14 4 20 11 1 15 6 19 10 
it=372 T=1.994 best=101: 8 13 2 17 5 21 16 9 3 12 18 7 14 4 20 11 1 15 6 19 10 
it=415 T=1.994 best=100: 13 8 2 17 5 21 16 9 3 12 18 7 14 4 20 11 1 15 6 19 10 
it=417 T=1.994 best=96: 13 2 8 17 5 21 16 9 3 12 18 7 14 4 20 11 1 15 6 19 10 
it=424 T=1.994 best=91: 13 3 8 17 5 21 16 9 2 12 18 7 14 4 20 11 1 15 6 19 10 
it=472 T=1.994 best=83: 13 3 8 17 5 21 16 9 2 12 18 7 14 4 20 11 1 6 15 19 10 
it=524 T=1.994 best=82: 13 3 8 17 5 21 16 10 2 12 7 18 14 4 20 11 1 6 15 19 9 
it=689 T=1.994 best=81: 12 3 17 8 21 5 16 9 2 13 18 7 15 4 20 11 1 6 14 19 10 
it=1485 T=1.988 best=78: 12 3 17 8 21 5 16 10 13 2 18 7 14 4 20 11 1 6 15 19 9 
it=1889 T=1.988 best=73: 12 3 17 8 21 5 16 10 1 13 7 18 15 4 20 11 6 14 2 19 9 
it=1939 T=1.988 best=67: 12 3 17 8 21 16 5 10 1 13 7 18 15 4 20 11 6 14 2 19 9 
it=3888 T=1.976 best=63: 12 3 17 8 21 5 16 10 1 13 19 7 15 4 11 20 6 14 2 18 9 
it=3943 T=1.976 best=61: 12 3 17 8 21 5 16 10 13 1 19 7 15 4 11 20 6 14 2 18 9 
it=5963 T=1.964 best=58: 12 3 17 8 21 5 16 9 13 1 19 7 15 4 10 20 14 6 2 11 18 
it=26634 T=1.844 best=57: 6 18 13 3 9 15 21 5 17 11 1 8 14 20 4 10 16 2 12 7 19 
it=26723 T=1.844 best=55: 6 18 13 3 9 15 21 5 17 11 2 8 14 20 4 10 16 1 12 7 19 
it=32019 T=1.817 best=54: 6 18 13 2 8 15 21 11 5 17 1 9 14 20 4 10 16 3 12 19 7 
it=37719 T=1.790 best=52: 6 18 12 2 8 15 21 11 5 16 1 9 14 20 4 10 17 3 13 19 7 
it=200000 T=1.110 cur=83 (s68) best=52
it=282121 T=0.873 best=51: 17 4 10 14 7 21 1 11 18 5 13 19 9 3 16 6 12 20 2 15 8 
it=400000 T=0.618 cur=78 (s67) best=51
