start n=22 k=7 sym=0 missing=878 seed=2202
it=0 T=1.000 best=801: 13 3 20 7 18 12 22 11 1 8 21 19 10 4 15 9 5 16 6 17 2 14 
it=4 T=0.997 best=774: 13 3 20 7 18 12 22 1 11 8 21 19 10 4 15 9 5 16 6 17 2 14 
it=6 T=0.997 best=643: 13 3 20 7 18 12 22 1 10 8 21 19 11 4 15 9 5 16 6 17 2 14 
it=17 T=0.997 best=632: 13 3 20 7 18 12 22 1 10 8 21 19 11 4 15 5 9 16 6 17 2 14 
it=20 T=0.997 best=603: 13 3 20 7 18 15 22 1 10 8 21 19 11 4 12 5 9 16 6 17 2 14 
it=21 T=0.997 best=583: 13 3 20 7 18 15 22 10 1 8 21 19 11 4 12 5 9 16 6 17 2 14 
it=22 T=0.997 best=507: 13 3 20 7 18 15 22 10 1 8 21 19 11 4 12 5 16 9 6 17 2 14 
it=24 T=0.997 best=417: 13 3 20 7 17 15 22 10 1 8 21 19 11 4 12 5 16 9 6 18 2 14 
it=25 T=0.997 best=379: 13 3 20 7 17 15 22 10 1 8 21 11 19 4 12 5 16 9 6 18 2 14 
it=27 T=0.997 best=376: 13 3 20 7 17 22 15 10 1 8 21 12 19 4 11 5 16 9 6 18 2 14 
it=33 T=0.997 best=361: 13 4 20 7 17 22 15 10 1 8 21 12 19 3 11 5 16 9 6 18 2 14 
it=41 T=0.997 best=353: 13 4 20 7 17 22 15 10 1 21 8 12 19 3 11 5 16 9 6 18 2 14 
it=44 T=0.997 best=258: 13 4 20 7 17 22 15 10 1 21 8 12 18 3 11 5 16 9 6 19 2 14 
it=53 T=0.997 best=253: 13 4 19 7 17 22 15 10 1 21 8 12 18 3 11 5 16 9 6 20 2 14 
it=59 T=0.997 best=207: 13 4 19 8 17 22 15 10 1 21 7 12 18 3 11 5 16 9 6 20 2 14 
it=64 T=0.997 best=204: 13 4 19 8 17 22 15 10 1 21 7 12 3 18 11 5 16 9 6 20 2 14 
it=66 T=0.997 best=171: 12 4 19 8 17 22 15 10 1 21 7 13 3 18 11 5 16 9 6 20 2 14 
it=74 T=0.997 best=164: 12 4 19 8 17 22 15 10 1 21 7 13 3 18 11 5 16 6 9 20 2 14 
it=76 T=0.997 best=161: 12 4 19 8 17 22 15 10 1 21 7 14 3 18 11 5 16 6 9 20 2 13 
it=81 T=0.997 best=104: 12 4 19 8 17 22 14 10 1 21 7 15 3 18 11 5 16 6 9 20 2 13 
it=84 T=0.997 best=102: 12 4 19 8 22 17 14 10 1 21 7 15 3 18 11 5 16 6 9 20 2 13 
it=98 T=0.997 best=92: 12 3 19 8 17 22 14 10 1 21 7 15 4 18 11 6 16 5 9 20 2 13 
it=99 T=0.997 best=88: 12 3 19 8 17 22 14 1 10 21 7 15 4 18 11 6 16 5 9 20 2 13 
it=102 T=0.997 best=80: 12 3 19 8 17 7 22 14 1 10 21 15 4 18 11 6 16 5 9 20 2 13 
it=130 T=0.997 best=77: 12 3 19 8 17 6 22 14 1 10 20 15 5 18 11 7 16 4 9 21 2 13 
it=147 T=0.997 best=73: 12 3 19 8 17 6 22 14 1 9 20 15 5 18 11 7 16 4 10 21 2 13 
it=150 T=0.997 best=61: 12 3 19 8 17 22 6 14 1 9 20 15 5 18 11 7 16 4 10 21 2 13 
it=157 T=0.997 best=55: 12 19 3 8 17 22 6 14 9 1 20 15 5 18 11 7 16 4 10 21 2 13 
it=182 T=0.997 best=54: 12 3 19 8 17 22 6 14 9 1 21 15 5 18 11 7 16 4 10 20 2 13 
it=209 T=0.997 best=51: 12 3 19 8 17 21 6 14 9 1 22 15 5 18 11 7 16 4 10 20 2 13 
it=223 T=0.997 best=46: 12 3 19 8 17 21 6 14 9 1 15 22 5 18 11 7 16 4 10 20 2 13 
it=396 T=0.997 best=42: 11 19 3 17 8 13 6 20 1 9 15 22 4 18 12 7 16 5 21 10 2 14 
it=400 T=0.997 best=35: 11 20 3 17 8 13 6 19 1 9 15 22 4 18 12 7 16 5 21 10 2 14 
it=412 T=0.997 best=30: 12 20 3 8 17 13 6 19 1 9 15 22 4 18 11 7 16 5 21 10 2 14 
it=539 T=0.997 best=29: 12 20 3 8 17 13 6 19 1 9 15 22 4 18 11 7 16 5 21 2 10 14 
it=959 T=0.997 best=27: 11 20 3 17 8 13 6 18 1 22 9 14 4 19 12 7 16 5 21 10 2 15 
it=2345 T=0.991 best=26: 10 20 3 7 15 18 12 5 22 1 8 14 19 13 4 17 9 21 6 11 2 16 
it=2357 T=0.991 best=25: 10 20 3 7 15 18 12 5 1 22 8 14 19 13 4 17 9 21 6 11 2 16 
it=2386 T=0.991 best=23: 10 20 3 7 15 18 12 5 1 22 8 14 19 13 4 17 9 21 6 2 11 16 
it=2534 T=0.991 best=22: 10 20 3 14 7 18 12 5 1 22 8 15 19 13 4 17 9 21 6 2 11 16 
it=2843 T=0.991 best=21: 10 20 3 14 7 18 13 5 22 1 8 15 19 12 4 9 17 6 21 2 11 16 
it=2889 T=0.991 best=20: 10 20 3 14 7 18 13 5 22 1 8 15 19 12 4 9 17 21 6 2 11 16 
it=2910 T=0.991 best=19: 10 20 3 14 7 18 13 5 1 22 8 15 19 12 4 9 17 21 6 2 11 16 
it=3519 T=0.988 best=18: 11 20 3 16 7 12 18 5 1 22 14 8 19 13 4 10 17 6 21 2 9 15 
it=7727 T=0.976 best=16: 11 20 3 15 7 13 5 18 1 22 8 12 19 14 4 10 17 6 21 2 9 16 
it=8000 T=0.976 best=15: 11 3 21 15 7 13 5 17 1 22 8 12 19 14 4 10 18 6 20 2 9 16 
it=8120 T=0.976 best=13: 11 3 21 15 7 13 18 5 1 22 8 12 19 14 4 10 17 6 20 2 9 16 
it=17104 T=0.950 best=12: 11 3 21 15 7 13 19 5 1 22 8 12 18 14 4 10 17 6 20 2 9 16 
it=32900 T=0.906 best=11: 12 3 20 15 8 13 5 17 22 1 7 11 19 14 4 10 18 6 21 2 9 16 
it=200000 T=0.555 cur=12 (s42) best=11
it=339040 T=0.369 best=10: 19 9 2 14 17 5 12 22 8 3 13 20 6 15 11 1 18 7 21 4 10 16 
