start n=22 k=7 sym=0 missing=1061 seed=2206
it=1 T=0.997 best=797: 17 5 8 12 21 14 20 7 3 19 1 2 11 22 13 6 15 9 16 10 18 4 
it=3 T=0.997 best=776: 17 5 8 12 21 14 20 7 3 1 19 2 11 22 13 6 15 9 16 10 18 4 
it=4 T=0.997 best=588: 17 5 12 8 21 14 20 7 3 1 19 2 11 22 13 6 15 9 16 10 18 4 
it=6 T=0.997 best=493: 17 5 12 21 8 14 20 7 3 1 19 2 11 22 13 6 15 9 16 10 18 4 
it=7 T=0.997 best=379: 17 5 12 21 8 14 20 7 3 1 19 2 10 22 13 6 15 9 16 11 18 4 
it=10 T=0.997 best=373: 17 5 12 21 8 14 20 7 3 1 19 2 10 22 13 15 6 9 16 11 18 4 
it=18 T=0.997 best=293: 17 5 12 21 8 14 20 7 3 1 19 2 10 22 13 16 6 9 15 11 18 4 
it=19 T=0.997 best=291: 17 5 12 21 8 14 20 7 3 1 19 2 10 22 13 6 16 9 15 11 18 4 
it=20 T=0.997 best=281: 16 5 12 21 8 14 20 7 3 1 19 2 10 22 13 6 17 9 15 11 18 4 
it=26 T=0.997 best=198: 16 5 12 21 8 14 20 7 3 1 18 2 10 22 13 6 17 9 15 11 19 4 
it=30 T=0.997 best=177: 16 5 12 21 8 14 20 7 3 1 17 2 10 22 13 6 18 9 15 11 19 4 
it=32 T=0.997 best=153: 16 5 12 21 9 14 20 7 3 1 17 2 10 22 13 6 18 8 15 11 19 4 
it=34 T=0.997 best=143: 17 5 12 21 9 14 20 8 3 1 16 2 10 22 13 6 18 7 15 11 19 4 
it=51 T=0.997 best=116: 17 5 12 21 9 14 20 8 3 1 16 10 2 22 13 6 18 7 15 11 19 4 
it=59 T=0.997 best=111: 17 5 12 21 9 14 20 7 3 1 16 10 2 22 13 6 18 8 15 11 19 4 
it=66 T=0.997 best=102: 17 5 12 21 9 14 20 1 8 3 16 10 2 22 13 6 18 7 15 11 19 4 
it=88 T=0.997 best=82: 17 5 12 21 9 14 19 1 8 3 16 10 2 22 13 6 18 7 15 11 20 4 
it=98 T=0.997 best=76: 17 5 12 21 9 14 19 1 8 3 16 10 2 22 6 13 18 7 15 11 20 4 
it=125 T=0.997 best=74: 17 5 12 21 9 14 19 1 8 3 16 11 2 22 6 13 18 7 15 10 20 4 
it=150 T=0.997 best=59: 17 5 12 21 9 14 1 19 8 3 16 10 2 22 6 13 18 7 15 11 20 4 
it=153 T=0.997 best=56: 17 5 12 21 9 14 2 19 8 3 16 10 1 22 6 13 18 7 15 11 20 4 
it=203 T=0.997 best=55: 17 5 12 21 9 14 2 19 8 3 16 10 22 1 6 13 18 7 15 11 20 4 
it=209 T=0.997 best=39: 17 5 12 21 9 14 2 19 8 3 16 10 22 6 1 13 18 7 15 11 20 4 
it=248 T=0.997 best=37: 17 5 12 21 9 14 1 19 8 3 16 10 22 6 2 13 18 7 15 11 20 4 
it=253 T=0.997 best=30: 17 5 12 21 9 14 1 19 8 3 16 11 22 6 2 13 18 7 15 10 20 4 
it=292 T=0.997 best=28: 17 5 12 21 9 14 1 19 8 3 16 11 6 22 2 13 18 7 15 10 20 4 
it=302 T=0.997 best=22: 17 5 12 21 9 1 14 19 8 3 16 11 6 22 2 13 18 7 15 10 20 4 
it=303 T=0.997 best=21: 17 5 12 21 9 1 14 19 8 3 16 11 6 22 13 2 18 7 15 10 20 4 
it=311 T=0.997 best=19: 17 5 12 21 9 1 14 19 8 3 16 11 6 22 13 18 2 7 15 20 10 4 
it=329 T=0.997 best=18: 17 5 12 21 9 1 14 19 8 3 16 10 6 22 13 18 2 7 15 20 11 4 
it=405 T=0.997 best=17: 17 6 12 21 9 1 14 19 7 3 16 10 5 22 13 18 2 8 15 20 11 4 
it=11422 T=0.965 best=16: 5 17 13 21 8 1 14 6 19 16 10 3 7 22 12 18 2 9 15 20 11 4 
it=200000 T=0.555 cur=21 (s31) best=16
it=291992 T=0.423 best=14: 8 15 2 22 10 18 7 14 3 20 6 11 17 4 13 21 1 9 16 12 5 19 
