start n=29 k=8 sym=0 missing=12086 seed=2901
it=2 T=1.994 best=11878: 26 6 23 18 15 21 20 29 3 17 11 16 13 22 9 8 7 14 24 5 19 2 28 25 27 10 12 1 4 
it=5 T=1.994 best=11519: 26 6 23 18 15 21 19 29 3 17 11 16 13 22 9 8 7 14 24 5 20 2 28 25 27 10 12 1 4 
it=7 T=1.994 best=10288: 26 6 23 18 15 21 19 29 3 17 11 16 13 22 9 7 8 14 24 5 20 2 28 25 27 10 12 1 4 
it=8 T=1.994 best=9703: 26 6 23 18 15 21 19 28 3 17 11 16 13 22 9 7 8 14 24 5 20 2 29 25 27 10 12 1 4 
it=9 T=1.994 best=9564: 26 6 23 18 15 21 19 28 3 17 11 16 13 22 10 7 8 14 24 5 20 2 29 25 27 9 12 1 4 
it=10 T=1.994 best=9287: 26 6 23 18 15 21 19 28 3 17 11 16 13 22 10 7 8 14 24 5 20 2 29 25 27 9 1 12 4 
it=12 T=1.994 best=7878: 26 6 23 18 15 21 19 28 3 17 11 16 13 22 10 7 8 14 24 5 20 2 29 25 9 27 1 12 4 
it=13 T=1.994 best=7787: 26 6 23 18 15 21 19 28 3 17 11 16 13 22 10 7 8 14 24 5 20 2 29 25 9 27 1 4 12 
it=15 T=1.994 best=7527: 26 6 23 18 15 21 19 28 3 17 11 16 13 22 10 7 8 14 24 4 20 2 29 25 9 27 1 5 12 
it=19 T=1.994 best=6650: 26 7 23 18 15 21 19 28 3 17 11 16 13 22 10 6 8 14 24 4 20 2 29 25 9 27 1 5 12 
it=23 T=1.994 best=6238: 19 7 23 18 15 21 26 28 3 17 11 16 13 22 10 6 8 14 24 4 20 2 29 25 9 27 1 5 12 
it=27 T=1.994 best=6048: 19 23 7 18 15 21 26 28 3 17 11 16 13 22 10 6 8 14 24 4 20 2 29 25 9 27 1 5 12 
it=30 T=1.994 best=5527: 19 23 7 18 15 21 28 26 3 17 11 16 13 22 10 6 8 14 24 4 20 2 29 25 9 27 1 5 12 
it=31 T=1.994 best=5489: 19 23 7 18 15 21 28 26 3 17 11 16 13 22 9 6 8 14 24 4 20 2 29 25 10 27 1 5 12 
it=32 T=1.994 best=4938: 19 23 7 18 14 21 28 26 3 17 11 16 13 22 9 6 8 15 24 4 20 2 29 25 10 27 1 5 12 
it=36 T=1.994 best=4048: 19 23 7 18 14 21 28 26 3 17 11 16 13 22 9 6 8 15 25 4 20 2 29 24 10 27 1 5 12 
it=39 T=1.994 best=3926: 19 23 7 18 14 21 28 26 3 17 11 16 13 22 9 6 8 15 25 4 20 2 29 10 24 27 1 5 12 
it=42 T=1.994 best=3868: 18 23 7 19 14 21 28 26 3 17 11 16 13 22 9 6 8 15 25 4 20 2 29 10 24 27 1 5 12 
it=43 T=1.994 best=3776: 18 23 7 19 14 21 29 26 3 17 11 16 13 22 9 6 8 15 25 4 20 2 28 10 24 27 1 5 12 
it=44 T=1.994 best=3529: 18 23 7 19 14 21 29 26 3 17 11 16 22 13 9 6 8 15 25 4 20 2 28 10 24 27 1 5 12 
it=47 T=1.994 best=3269: 18 24 7 19 14 21 29 26 3 17 11 16 22 13 9 6 8 15 25 4 20 2 28 10 23 27 1 5 12 
it=48 T=1.994 best=3241: 18 24 7 19 14 21 29 26 3 17 10 16 22 13 9 6 8 15 25 4 20 2 28 11 23 27 1 5 12 
it=54 T=1.994 best=3213: 18 24 7 20 14 21 29 26 3 17 10 16 22 13 9 6 8 15 25 4 19 2 28 11 23 27 1 5 12 
it=57 T=1.994 best=2967: 18 24 7 20 14 21 29 26 3 17 10 16 22 13 9 6 8 25 15 4 19 2 28 11 23 27 1 5 12 
it=59 T=1.994 best=2959: 18 24 7 20 14 21 29 26 3 17 10 16 22 13 9 6 8 25 4 15 19 2 28 11 23 27 1 5 12 
it=62 T=1.994 best=2893: 18 24 7 20 14 21 29 26 3 17 10 16 22 13 9 6 8 25 4 15 2 19 28 11 23 27 1 5 12 
it=66 T=1.994 best=2330: 18 24 7 20 14 21 29 3 26 17 10 16 22 13 9 6 8 25 4 15 2 19 28 11 23 27 1 5 12 
it=68 T=1.994 best=2198: 17 24 7 20 14 21 29 3 26 18 10 16 22 13 9 6 8 25 4 15 2 19 28 11 23 27 1 5 12 
it=70 T=1.994 best=1922: 17 24 7 20 14 21 29 3 18 26 10 16 22 13 9 6 8 25 4 15 2 19 28 11 23 27 1 5 12 
it=72 T=1.994 best=1911: 17 24 7 20 14 21 29 3 18 26 10 16 23 13 9 6 8 25 4 15 2 19 28 11 22 27 1 5 12 
it=74 T=1.994 best=1875: 17 24 7 20 14 21 29 3 18 26 10 16 23 9 13 6 8 25 4 15 2 19 28 11 22 27 1 5 12 
it=79 T=1.994 best=1809: 17 24 7 20 14 21 29 3 18 26 10 16 23 8 13 6 9 25 4 15 2 19 28 11 22 27 1 5 12 
it=80 T=1.994 best=1740: 17 24 7 20 14 21 29 3 18 26 10 16 23 8 13 6 9 25 4 15 2 19 28 11 27 22 1 5 12 
it=81 T=1.994 best=1576: 17 24 7 20 14 21 29 3 18 26 10 16 23 8 13 5 9 25 4 15 2 19 28 11 27 22 1 6 12 
it=85 T=1.994 best=1487: 17 24 7 20 14 21 29 3 18 26 10 16 23 8 5 13 9 25 4 15 2 19 28 11 27 22 1 6 12 
it=92 T=1.994 best=1332: 17 24 7 20 14 21 29 3 18 10 26 16 23 8 5 13 9 25 4 15 2 19 28 11 27 22 1 6 12 
it=95 T=1.994 best=1256: 17 24 7 20 14 21 29 3 18 10 26 16 23 8 5 12 9 25 4 15 2 19 28 11 27 22 1 6 13 
it=96 T=1.994 best=1237: 17 24 7 20 14 21 28 3 18 10 26 16 23 8 5 12 9 25 4 15 2 19 29 11 27 22 1 6 13 
it=98 T=1.994 best=1213: 17 24 7 20 14 21 28 3 18 10 26 16 23 5 8 12 9 25 4 15 2 19 29 11 27 22 1 6 13 
it=99 T=1.994 best=1093: 17 24 7 20 14 21 28 3 18 10 27 16 23 5 8 12 9 25 4 15 2 19 29 11 26 22 1 6 13 
it=106 T=1.994 best=1050: 17 24 7 20 14 21 28 3 18 10 27 16 23 5 8 12 9 26 4 15 2 19 29 11 25 22 1 6 13 
it=110 T=1.994 best=1014: 17 24 7 20 14 21 28 3 18 10 27 16 23 5 8 12 9 26 4 15 2 19 29 11 25 1 22 6 13 
it=112 T=1.994 best=999: 17 24 7 20 14 28 21 3 18 10 27 16 23 5 8 12 9 26 4 15 2 19 29 11 25 1 22 6 13 
it=118 T=1.994 best=968: 17 25 7 20 14 28 21 3 18 10 27 16 23 5 8 12 9 26 4 2 15 19 29 11 24 1 22 6 13 
it=122 T=1.994 best=903: 17 25 7 20 14 28 21 3 18 9 27 16 23 5 8 12 10 26 4 2 15 19 29 11 24 1 22 6 13 
it=123 T=1.994 best=857: 17 25 7 20 14 28 21 3 9 18 27 16 23 5 8 12 10 26 4 2 15 19 29 11 24 1 22 6 13 
it=127 T=1.994 best=837: 17 25 5 20 14 28 21 3 9 18 27 16 23 7 8 12 10 4 26 2 15 19 29 11 24 1 22 6 13 
it=130 T=1.994 best=748: 17 25 5 20 14 28 21 3 9 18 27 16 23 7 8 12 4 10 26 2 15 19 29 11 24 1 22 6 13 
it=131 T=1.994 best=688: 17 25 5 20 13 28 21 3 9 18 27 16 23 7 8 12 4 10 26 2 15 19 29 11 24 1 22 6 14 
it=138 T=1.994 best=645: 17 25 5 20 13 28 21 3 9 18 27 16 23 7 8 12 4 10 26 2 14 19 29 11 24 1 22 6 15 
it=142 T=1.994 best=575: 17 25 5 20 13 28 21 3 9 18 27 16 23 7 8 12 4 26 10 2 14 19 29 11 24 1 22 6 15 
it=150 T=1.994 best=561: 17 25 5 20 13 28 21 3 9 18 27 16 23 7 8 12 4 26 10 2 14 19 29 11 24 1 6 22 15 
it=152 T=1.994 best=522: 17 25 5 7 13 28 21 3 9 18 27 16 23 20 8 12 4 26 10 2 14 19 29 11 24 1 6 22 15 
it=154 T=1.994 best=493: 17 25 5 7 13 28 21 2 9 18 27 16 23 20 8 12 4 26 10 3 14 19 29 11 24 1 6 22 15 
it=155 T=1.994 best=473: 17 25 5 7 13 28 22 2 9 18 27 16 23 20 8 12 4 26 10 3 14 19 29 11 24 1 6 21 15 
it=156 T=1.994 best=435: 17 25 5 7 13 28 22 2 18 9 27 16 23 20 8 12 4 26 10 3 14 19 29 11 24 1 6 21 15 
it=157 T=1.994 best=313: 17 25 5 13 7 28 22 2 18 9 27 16 23 20 8 12 4 26 10 3 14 19 29 11 24 1 6 21 15 
it=158 T=1.994 best=302: 17 25 5 13 7 28 22 2 18 9 27 16 23 20 8 12 4 26 10 3 15 19 29 11 24 1 6 21 14 
it=170 T=1.994 best=283: 17 25 5 13 7 28 22 2 18 9 27 15 23 20 8 12 4 26 10 3 16 19 29 11 24 1 6 21 14 
it=171 T=1.994 best=195: 17 25 5 13 7 28 22 2 18 9 27 15 23 19 8 12 4 26 10 3 16 20 29 11 24 1 6 21 14 
it=183 T=1.994 best=154: 17 25 5 13 7 28 22 2 18 10 27 15 23 8 19 12 4 26 9 3 16 20 29 11 24 1 6 21 14 
it=192 T=1.994 best=150: 17 25 5 13 7 22 28 2 10 18 27 15 23 8 19 12 4 26 9 3 16 20 29 11 24 1 6 21 14 
it=210 T=1.994 best=129: 17 25 5 13 8 22 28 2 10 18 27 15 23 7 19 12 4 26 9 3 16 20 29 11 24 1 6 21 14 
it=224 T=1.994 best=116: 17 25 5 13 8 22 28 2 18 10 27 15 23 7 19 12 4 26 9 3 16 20 29 11 24 1 6 21 14 
it=229 T=1.994 best=105: 17 25 5 13 8 22 28 2 18 10 27 15 23 6 19 12 4 26 9 3 16 20 29 11 24 1 7 21 14 
it=235 T=1.994 best=83: 17 25 5 13 8 22 28 2 18 10 27 15 23 6 19 12 3 26 9 4 16 20 29 11 24 1 7 21 14 
it=275 T=1.994 best=82: 17 5 25 13 8 22 28 2 18 10 27 15 23 6 19 12 3 26 9 4 16 20 29 11 24 1 7 21 14 
it=316 T=1.994 best=80: 17 6 25 13 8 22 28 2 18 10 27 15 5 23 19 11 3 26 9 16 4 20 29 24 12 1 7 21 14 
it=332 T=1.994 best=77: 17 6 25 13 8 22 28 2 18 10 26 14 5 23 19 11 3 27 9 16 4 20 29 24 12 1 7 21 15 
it=334 T=1.994 best=72: 18 6 25 13 8 22 28 2 17 10 26 14 5 23 19 11 3 27 9 16 4 20 29 24 12 1 7 21 15 
it=336 T=1.994 best=69: 18 6 25 13 8 22 28 2 17 10 26 14 5 23 19 12 3 27 9 16 4 20 29 24 11 1 7 21 15 
it=348 T=1.994 best=68: 6 19 25 13 8 22 28 2 17 10 26 14 5 23 18 12 3 27 9 16 4 20 24 29 11 1 7 21 15 
it=352 T=1.994 best=66: 6 18 25 13 8 22 28 2 17 10 26 14 5 23 19 12 3 27 9 16 4 20 24 29 11 1 7 21 15 
it=373 T=1.994 best=60: 6 25 18 13 8 22 28 2 17 10 26 14 5 23 12 3 19 27 9 16 4 20 24 11 29 1 7 21 15 
it=374 T=1.994 best=49: 6 25 18 13 8 22 28 2 17 10 26 14 5 23 11 3 19 27 9 16 4 20 24 12 29 1 7 21 15 
it=379 T=1.994 best=48: 6 25 18 13 8 21 28 2 17 10 26 14 5 23 11 3 19 27 9 16 4 20 24 12 29 1 7 22 15 
it=449 T=1.994 best=45: 6 26 18 13 8 21 29 2 17 10 25 5 14 23 11 19 3 27 9 16 4 20 24 12 1 28 7 22 15 
it=455 T=1.994 best=43: 6 26 18 13 8 21 29 2 17 10 25 5 14 23 19 11 3 27 9 16 4 20 24 12 1 28 7 22 15 
it=462 T=1.994 best=42: 6 26 18 13 8 21 29 2 17 10 25 5 14 23 19 11 3 27 9 16 20 4 24 12 1 28 7 22 15 
it=625 T=1.994 best=40: 6 26 19 13 8 22 29 2 17 10 25 5 14 23 11 3 18 27 9 16 20 4 24 12 28 1 21 7 15 
it=634 T=1.994 best=38: 6 26 19 13 8 23 29 1 17 10 25 5 14 22 11 3 18 27 9 16 20 4 24 12 28 2 21 7 15 
it=639 T=1.994 best=37: 6 26 19 13 8 23 29 1 17 10 25 5 14 22 11 3 18 27 9 15 20 4 24 12 28 2 21 7 16 
it=651 T=1.994 best=34: 6 26 19 13 8 23 29 1 17 10 25 5 15 22 11 3 18 27 9 14 20 4 24 12 28 2 21 7 16 
it=1035 T=1.988 best=33: 17 6 26 13 8 23 29 1 18 10 25 5 15 22 19 11 3 27 9 14 20 4 24 12 28 2 21 7 16 
it=1881 T=1.988 best=31: 17 6 26 14 8 23 29 2 18 10 25 5 13 22 19 3 11 27 9 16 20 4 24 12 28 1 7 21 15 
it=2546 T=1.982 best=30: 17 6 26 14 9 23 29 2 18 10 25 5 13 22 19 3 11 27 8 16 20 4 24 12 28 1 7 21 15 
it=3487 T=1.976 best=28: 6 25 17 13 21 8 29 2 18 10 26 5 16 23 3 19 11 27 7 15 20 4 24 12 28 1 22 9 14 
it=5000 T=1.970 cur=34 (s26) best=28
it=5418 T=1.964 best=27: 6 25 17 11 23 9 29 2 18 5 10 26 16 22 3 19 12 27 8 15 20 4 24 13 1 7 28 21 14 
it=7227 T=1.953 best=21: 6 25 18 13 22 8 29 2 11 19 27 5 14 23 10 17 3 26 9 16 20 4 24 12 28 1 21 7 15 
it=10000 T=1.941 cur=24 (s25) best=21
it=15000 T=1.912 cur=56 (s32) best=21
it=15219 T=1.912 best=20: 6 18 25 12 9 22 29 2 13 19 5 27 16 23 10 3 17 26 7 14 4 20 24 11 28 1 21 8 15 
it=15317 T=1.912 best=19: 6 25 18 12 9 22 29 2 13 19 5 27 16 23 10 3 17 26 7 15 20 4 11 24 1 28 21 8 14 
it=15344 T=1.912 best=17: 6 25 18 12 22 9 29 2 13 19 5 27 16 23 10 3 17 26 7 15 20 11 4 24 1 28 8 21 14 
it=15375 T=1.906 best=16: 6 18 25 12 22 9 29 2 13 19 5 27 16 23 10 3 17 26 7 15 20 11 4 24 1 28 8 21 14 
it=16717 T=1.900 best=15: 6 25 18 12 9 22 29 2 13 19 5 27 16 10 23 3 17 26 7 15 20 4 24 11 1 28 21 8 14 
it=17222 T=1.900 best=13: 6 18 12 25 8 29 22 2 13 19 5 27 16 10 23 3 17 26 7 15 20 11 4 24 28 1 9 21 14 
it=18381 T=1.895 best=12: 6 25 18 12 9 22 29 2 13 19 5 27 16 10 23 3 17 26 7 14 20 4 24 11 1 28 21 15 8 
it=20000 T=1.883 cur=18 (s31) best=12
it=25000 T=1.855 cur=27 (s40) best=12
it=30000 T=1.828 cur=35 (s23) best=12
it=35000 T=1.800 cur=28 (s48) best=12
