start n=30 k=8 sym=0 missing=5850 seed=3001
it=0 T=2.000 best=5483: 7 22 27 10 28 3 8 16 1 15 5 25 13 4 11 6 19 24 20 30 2 9 23 12 14 26 18 29 21 17 
it=1 T=1.994 best=5474: 7 22 27 10 28 3 8 16 1 15 5 25 13 4 11 6 19 23 20 30 2 9 24 12 14 26 18 29 21 17 
it=3 T=1.994 best=5417: 7 22 27 10 29 3 8 16 1 15 5 25 13 4 11 6 19 23 20 30 2 9 24 12 14 26 18 28 21 17 
it=5 T=1.994 best=5239: 7 22 27 10 29 3 8 16 1 15 5 25 13 4 11 6 19 23 20 30 2 9 24 12 26 14 18 28 21 17 
it=6 T=1.994 best=3974: 7 22 27 10 29 3 8 16 1 15 5 25 13 4 11 6 19 23 20 30 9 2 24 12 26 14 18 28 21 17 
it=7 T=1.994 best=3559: 7 22 27 10 29 3 8 16 1 15 5 25 13 4 11 6 19 23 30 20 9 2 24 12 26 14 18 28 21 17 
it=9 T=1.994 best=2857: 7 22 27 15 29 3 8 16 1 10 5 25 13 4 11 6 19 23 30 20 9 2 24 12 26 14 18 28 21 17 
it=13 T=1.994 best=2783: 7 22 26 15 29 3 8 16 1 10 5 25 13 4 11 6 19 23 30 20 9 2 24 12 27 14 18 28 21 17 
it=25 T=1.994 best=2602: 7 22 26 15 29 3 8 16 1 10 5 25 13 4 11 6 20 23 30 19 9 2 24 12 27 14 18 28 21 17 
it=29 T=1.994 best=2277: 7 22 26 15 29 3 8 16 1 10 5 25 13 4 11 6 20 23 30 19 9 24 2 12 27 14 21 28 18 17 
it=30 T=1.994 best=2252: 7 22 26 15 29 3 8 16 1 10 5 25 14 4 11 6 20 23 30 19 9 24 2 12 27 13 21 28 18 17 
it=31 T=1.994 best=2242: 7 22 26 15 29 3 8 16 10 1 5 25 14 4 11 6 20 23 30 19 9 24 2 12 27 13 21 28 18 17 
it=38 T=1.994 best=1839: 7 22 26 15 29 3 8 16 10 1 5 25 14 4 11 20 6 23 30 19 9 24 2 12 27 13 21 28 18 17 
it=42 T=1.994 best=1803: 7 22 26 15 29 3 8 16 10 1 5 25 14 4 11 20 6 23 30 19 9 24 2 12 28 13 21 27 18 17 
it=45 T=1.994 best=1790: 7 22 26 15 29 3 8 16 10 1 5 25 14 4 11 20 6 23 30 18 9 24 2 12 28 13 21 27 19 17 
it=51 T=1.994 best=1620: 7 22 26 15 29 3 8 17 10 1 5 25 14 4 11 20 6 23 30 18 9 24 2 12 28 13 21 27 19 16 
it=57 T=1.994 best=1561: 7 22 5 26 15 29 3 8 17 10 1 25 14 4 11 20 6 23 30 18 9 24 2 12 28 13 21 27 19 16 
it=59 T=1.994 best=1480: 7 22 5 26 15 29 3 8 17 10 1 25 14 4 11 20 23 6 30 18 9 24 2 12 28 13 21 27 19 16 
it=66 T=1.994 best=1265: 7 22 5 26 15 29 3 8 17 10 1 25 14 4 11 20 23 6 30 18 9 24 2 13 28 12 21 27 19 16 
it=68 T=1.994 best=1210: 7 22 5 26 15 29 3 8 17 11 1 25 14 4 10 20 23 6 30 18 9 24 2 13 28 12 21 27 19 16 
it=79 T=1.994 best=1143: 7 22 5 26 15 29 3 8 17 1 25 14 4 10 20 23 6 30 11 18 9 24 2 28 13 12 21 27 19 16 
it=83 T=1.994 best=1122: 7 22 5 26 15 29 3 8 17 1 25 14 4 10 20 23 6 30 11 18 9 24 2 28 13 12 21 27 16 19 
it=85 T=1.994 best=1049: 7 22 5 26 15 29 3 8 17 1 25 14 4 10 20 23 6 30 11 18 9 24 28 2 13 12 21 27 16 19 
it=88 T=1.994 best=1035: 7 22 5 26 15 29 3 8 17 1 25 14 10 4 20 23 6 30 11 19 9 24 28 2 13 12 21 27 16 18 
it=90 T=1.994 best=1026: 7 22 5 26 15 29 3 8 17 1 25 13 10 4 20 23 6 30 11 19 9 24 28 2 14 12 21 27 16 18 
it=92 T=1.994 best=1022: 7 22 5 26 15 3 29 8 17 1 25 13 10 4 20 23 6 30 11 19 9 24 28 2 14 12 21 27 16 18 
it=95 T=1.994 best=747: 7 22 5 26 15 3 29 8 17 1 25 13 10 4 20 23 6 30 11 19 9 24 28 14 2 12 21 27 16 18 
it=97 T=1.994 best=735: 7 22 5 26 15 3 29 8 18 1 25 13 10 4 20 23 6 30 11 19 9 24 28 14 2 12 21 27 16 17 
it=104 T=1.994 best=714: 7 22 5 26 15 3 8 29 18 1 25 13 10 4 20 23 6 30 11 19 9 24 28 14 2 12 21 27 16 17 
it=105 T=1.994 best=642: 7 22 5 26 15 3 9 29 18 1 25 13 10 4 20 23 6 30 11 19 8 24 28 14 2 12 21 27 16 17 
it=107 T=1.994 best=627: 7 22 5 26 15 3 9 29 18 1 25 13 10 4 20 23 30 6 11 19 8 24 28 14 2 12 21 27 16 17 
it=108 T=1.994 best=493: 7 17 22 5 26 15 3 9 29 18 1 25 13 10 4 20 23 30 6 11 19 8 24 28 14 2 12 21 27 16 
it=109 T=1.994 best=463: 7 17 22 5 26 15 3 9 29 18 1 25 13 10 4 20 30 23 6 11 19 8 24 28 14 2 12 21 27 16 
it=110 T=1.994 best=452: 7 17 22 6 26 15 3 9 29 18 1 25 13 10 4 20 30 23 5 11 19 8 24 28 14 2 12 21 27 16 
it=113 T=1.994 best=419: 7 17 22 6 26 15 3 9 29 18 1 25 13 10 4 20 30 24 5 11 19 8 23 28 14 2 12 21 27 16 
it=115 T=1.994 best=402: 7 17 22 6 26 15 3 9 29 18 1 25 13 10 5 20 30 24 4 11 19 8 23 28 14 2 12 21 27 16 
it=121 T=1.994 best=399: 7 17 22 6 26 16 3 9 29 18 1 25 13 10 5 20 30 24 4 11 19 8 23 28 14 2 12 21 27 15 
it=122 T=1.994 best=392: 7 17 22 6 26 16 4 9 29 18 1 25 13 10 5 20 30 24 3 11 19 8 23 28 14 2 12 21 27 15 
it=124 T=1.994 best=371: 7 17 22 6 26 16 4 9 29 18 1 25 13 10 5 20 30 24 3 11 19 23 8 28 14 2 12 21 27 15 
it=126 T=1.994 best=276: 7 17 22 6 26 16 4 9 29 19 1 25 13 10 5 20 30 24 3 11 18 23 8 28 14 2 12 21 27 15 
it=129 T=1.994 best=273: 7 17 22 6 26 16 4 9 29 19 1 25 13 10 5 20 30 24 3 11 18 23 8 27 14 2 12 21 28 15 
it=136 T=1.994 best=232: 7 17 22 6 26 15 4 9 29 19 1 25 13 10 5 20 30 24 3 12 18 23 8 27 14 2 11 21 28 16 
it=143 T=1.994 best=207: 7 17 22 6 26 15 4 9 29 19 1 25 13 11 5 20 30 24 3 12 18 23 8 27 14 2 10 21 28 16 
it=146 T=1.994 best=178: 7 17 22 6 26 15 4 9 29 19 1 25 13 11 5 20 30 24 3 12 18 23 8 27 14 2 21 10 28 16 
it=148 T=1.994 best=116: 7 17 22 6 26 15 4 9 30 19 1 25 13 11 5 20 29 24 3 12 18 23 8 27 14 2 21 10 28 16 
it=149 T=1.994 best=114: 7 17 6 22 26 15 4 9 30 19 1 25 13 11 5 20 29 24 3 12 18 23 8 27 14 2 21 10 28 16 
it=152 T=1.994 best=107: 17 6 22 26 15 4 7 9 30 19 1 25 13 11 5 20 29 24 3 12 18 23 8 27 14 2 21 10 28 16 
it=159 T=1.994 best=99: 17 6 22 26 15 4 7 9 30 19 1 25 13 11 20 5 29 24 3 12 18 23 8 27 14 2 21 10 28 16 
it=168 T=1.994 best=98: 17 6 22 26 16 4 7 9 30 19 1 25 14 11 20 5 29 24 3 12 18 23 8 27 13 2 21 10 28 15 
it=192 T=1.994 best=85: 17 6 22 27 16 7 4 10 30 19 1 25 14 11 20 5 29 24 3 12 18 23 8 26 13 2 21 9 28 15 
it=196 T=1.994 best=84: 17 6 22 26 16 7 4 10 30 19 1 25 14 11 20 5 29 24 3 12 18 23 8 27 13 2 21 9 28 15 
it=202 T=1.994 best=79: 17 6 22 26 16 7 4 10 30 19 1 25 14 11 20 29 5 24 3 12 18 23 8 27 13 21 2 9 28 15 
it=204 T=1.994 best=77: 17 6 22 26 16 7 4 10 30 19 1 25 14 11 20 29 5 24 3 12 18 23 8 27 13 2 21 9 28 15 
it=229 T=1.994 best=74: 17 7 22 26 16 4 6 10 30 19 1 25 14 11 20 29 5 24 3 12 18 23 8 27 13 2 21 9 28 15 
it=248 T=1.994 best=68: 17 7 22 26 4 16 6 10 30 19 25 1 14 11 20 29 5 24 3 12 18 23 8 27 13 2 21 9 28 15 
it=249 T=1.994 best=66: 17 7 22 26 4 16 6 10 30 19 25 1 14 11 20 29 5 24 3 18 12 23 8 27 13 2 21 9 28 15 
it=282 T=1.994 best=59: 17 8 23 4 26 16 5 10 30 19 25 1 14 11 20 29 6 24 3 18 12 22 7 27 13 2 21 9 28 15 
it=326 T=1.994 best=57: 17 8 23 3 26 15 5 30 10 19 25 1 14 11 20 29 6 24 4 18 12 22 7 27 13 2 21 9 28 16 
it=340 T=1.994 best=52: 17 8 23 26 3 15 5 30 10 19 25 1 14 11 20 29 6 24 18 4 12 22 7 27 13 2 21 9 28 16 
it=358 T=1.994 best=51: 17 8 23 26 3 15 5 30 10 19 25 14 1 20 11 29 6 24 18 4 12 22 7 27 13 21 2 9 28 16 
it=359 T=1.994 best=50: 17 8 23 26 3 15 5 30 9 19 25 14 1 20 11 29 6 24 18 4 12 22 7 27 13 21 2 10 28 16 
it=374 T=1.994 best=47: 17 8 23 3 26 15 5 30 9 19 25 13 1 20 11 29 6 24 18 4 12 22 7 27 14 21 2 10 28 16 
it=376 T=1.994 best=42: 17 8 23 3 26 15 5 30 9 19 25 13 1 20 11 29 7 24 18 4 12 22 6 27 14 21 2 10 28 16 
it=382 T=1.994 best=34: 17 8 23 2 26 15 5 30 9 19 25 13 1 20 11 29 7 24 18 4 12 22 6 27 14 21 3 10 28 16 
it=385 T=1.994 best=31: 17 8 22 1 26 15 5 30 9 19 25 13 2 20 11 29 7 24 18 4 12 23 6 27 14 21 3 10 28 16 
it=522 T=1.994 best=30: 22 17 8 2 25 15 5 10 30 19 26 1 13 11 20 24 7 29 18 4 12 23 6 27 14 21 3 9 28 16 
it=523 T=1.994 best=28: 22 17 2 8 25 15 5 10 30 19 26 1 13 11 20 24 7 29 18 4 12 23 6 27 14 21 3 9 28 16 
it=571 T=1.994 best=27: 22 18 8 2 25 15 5 10 30 19 1 26 13 20 11 24 7 29 4 17 12 23 6 14 27 21 3 9 28 16 
it=574 T=1.994 best=22: 22 18 8 2 25 15 5 30 10 19 1 26 13 20 11 24 7 29 4 17 12 23 6 14 27 21 3 9 28 16 
it=685 T=1.994 best=19: 23 17 8 3 15 25 5 30 19 10 27 1 14 20 11 7 24 29 4 16 12 22 6 26 21 13 2 9 28 18 
it=703 T=1.994 best=17: 23 18 8 3 15 24 29 5 19 10 27 1 14 20 11 7 25 4 30 16 12 22 6 26 21 13 2 9 28 17 
it=719 T=1.994 best=12: 23 18 8 3 15 24 29 5 19 10 27 1 14 20 11 7 25 4 30 16 12 22 6 26 21 13 2 28 9 17 
it=730 T=1.994 best=10: 23 18 8 3 15 24 29 5 19 10 27 1 14 20 11 25 7 4 30 16 12 22 6 26 21 13 2 28 9 17 
it=908 T=1.994 best=9: 22 17 3 8 24 15 30 6 19 27 10 14 1 20 25 12 7 4 29 18 11 23 26 5 21 13 2 28 9 16 
it=1288 T=1.988 best=8: 23 16 3 8 30 24 13 5 19 27 22 10 1 18 25 7 11 4 17 29 21 12 6 26 20 2 14 28 9 15 
it=1292 T=1.988 best=6: 23 16 3 8 30 24 13 5 18 27 22 10 1 19 25 7 11 4 17 29 21 12 6 26 20 2 14 28 9 15 
it=1300 T=1.988 best=4: 23 16 3 8 30 24 13 5 18 27 22 10 1 19 25 7 11 4 29 17 21 12 6 26 20 2 14 28 9 15 
it=1458 T=1.988 best=2: 22 15 3 29 9 24 13 5 18 28 21 1 10 19 7 25 11 4 30 17 23 12 6 26 20 2 14 8 27 16 
it=5000 T=1.970 cur=10 (s15) best=2
it=5693 T=1.964 best=1: 25 18 3 11 21 6 29 13 19 1 26 9 23 8 17 28 4 12 15 22 5 30 24 14 10 2 20 27 7 16 
it=10000 T=1.941 cur=10 (s10) best=1
it=15000 T=1.912 cur=14 (s18) best=1
it=20000 T=1.883 cur=26 (s11) best=1
it=25000 T=1.855 cur=15 (s12) best=1
it=30000 T=1.828 cur=9 (s18) best=1
it=31345 T=1.822 best=0: 13 4 25 18 8 30 12 22 1 28 19 10 6 14 24 27 3 16 21 11 5 20 29 15 7 23 2 17 26 9 
