start n=29 k=8 sym=0 missing=9090 seed=2902
it=1 T=1.994 best=9070: 3 19 22 9 25 4 5 27 2 16 21 20 17 6 12 15 29 10 11 8 26 13 14 1 18 23 28 24 7 
it=2 T=1.994 best=8397: 3 19 22 9 25 4 5 27 2 16 21 20 17 12 6 15 29 10 11 8 26 13 14 1 18 23 28 24 7 
it=3 T=1.994 best=8389: 3 19 22 9 25 4 5 27 2 16 20 21 17 12 6 15 29 10 11 8 26 13 14 1 18 23 28 24 7 
it=5 T=1.994 best=7983: 3 19 21 9 25 4 5 27 2 16 20 22 17 12 6 15 29 10 11 8 26 13 14 1 18 23 28 24 7 
it=6 T=1.994 best=7303: 3 18 21 9 25 4 5 27 2 16 20 22 17 12 6 15 29 10 11 8 26 13 14 1 19 23 28 24 7 
it=7 T=1.994 best=6111: 3 18 21 9 25 4 5 27 16 2 20 22 17 12 6 15 29 10 11 8 26 13 14 1 19 23 28 24 7 
it=9 T=1.994 best=5619: 3 18 21 9 25 4 5 16 27 2 20 22 17 12 6 15 29 10 11 8 26 13 14 1 19 23 28 24 7 
it=11 T=1.994 best=5393: 3 18 21 9 25 4 5 16 27 2 20 23 17 12 6 15 29 10 11 8 26 13 14 1 19 22 28 24 7 
it=12 T=1.994 best=4671: 3 18 21 9 25 4 5 15 27 2 20 23 17 12 6 16 29 10 11 8 26 13 14 1 19 22 28 24 7 
it=19 T=1.994 best=4454: 3 17 21 9 25 4 5 15 27 2 20 23 18 12 6 16 29 10 11 8 26 13 14 1 19 22 28 24 7 
it=20 T=1.994 best=4238: 17 3 21 9 25 4 5 15 27 2 20 23 18 12 6 16 29 10 11 8 26 13 14 1 19 22 28 24 7 
it=22 T=1.994 best=4043: 17 3 21 9 25 4 5 15 27 2 20 23 18 13 6 16 29 10 11 8 26 12 14 1 19 22 28 24 7 
it=23 T=1.994 best=4018: 17 3 21 9 25 4 5 15 27 2 20 23 18 13 6 16 29 10 11 8 26 12 14 1 19 28 22 24 7 
it=24 T=1.994 best=3853: 17 3 21 10 25 4 5 15 27 2 20 23 18 13 6 16 29 9 11 8 26 12 14 1 19 28 22 24 7 
it=25 T=1.994 best=3567: 17 3 21 10 25 4 5 15 27 2 20 18 23 13 6 16 29 9 11 8 26 12 14 1 19 28 22 24 7 
it=27 T=1.994 best=3197: 17 3 21 10 25 4 5 15 27 2 20 18 23 13 6 16 29 9 11 8 26 12 14 1 19 28 22 7 24 
it=28 T=1.994 best=2568: 17 3 21 10 25 4 6 15 27 2 20 18 23 13 5 16 29 9 11 8 26 12 14 1 19 28 22 7 24 
it=29 T=1.994 best=2508: 17 3 21 10 25 4 6 15 27 2 20 18 23 13 5 16 29 9 11 26 8 12 14 1 19 28 22 7 24 
it=30 T=1.994 best=2430: 17 3 21 10 25 4 6 15 27 2 20 18 23 13 5 16 29 8 11 26 9 12 14 1 19 28 22 7 24 
it=32 T=1.994 best=2276: 17 3 21 10 25 4 6 15 27 2 20 18 23 13 5 16 29 7 11 26 9 12 14 1 19 28 22 8 24 
it=36 T=1.994 best=2123: 17 3 21 10 25 4 6 15 27 2 20 18 13 23 5 16 29 7 11 26 9 12 1 14 19 28 22 8 24 
it=38 T=1.994 best=1866: 17 3 21 10 25 4 6 15 27 20 2 18 13 23 5 16 29 7 11 26 9 12 1 14 19 28 22 8 24 
it=40 T=1.994 best=1708: 17 3 21 10 26 4 6 15 27 20 2 18 13 23 5 16 29 7 11 25 9 12 1 14 19 28 22 8 24 
it=45 T=1.994 best=1650: 17 3 21 10 26 4 6 15 28 20 2 18 13 23 5 16 29 7 11 25 9 12 1 14 19 27 22 8 24 
it=46 T=1.994 best=1644: 17 3 21 10 26 4 6 15 28 20 2 18 13 24 5 16 29 7 11 25 9 12 1 14 19 27 22 8 23 
it=48 T=1.994 best=1626: 17 3 21 10 26 4 6 14 28 20 2 18 13 24 5 16 29 7 11 25 9 12 1 15 19 27 22 8 23 
it=49 T=1.994 best=1622: 17 3 21 10 26 4 6 14 28 20 1 18 13 24 5 16 29 7 11 25 9 12 2 15 19 27 22 8 23 
it=57 T=1.994 best=1614: 17 3 21 10 26 4 6 14 28 20 1 24 13 18 5 16 29 7 11 25 9 12 2 15 19 27 22 8 23 
it=60 T=1.994 best=1600: 17 3 21 10 26 5 6 14 28 20 1 24 13 18 4 16 29 7 11 25 9 12 2 15 19 27 22 8 23 
it=70 T=1.994 best=1497: 17 3 21 10 26 5 6 14 28 20 1 24 13 18 4 29 16 7 11 25 9 12 2 15 19 27 22 8 23 
it=72 T=1.994 best=1494: 17 3 22 10 26 5 6 14 28 20 1 24 13 18 4 29 16 7 11 25 9 12 2 15 19 27 21 8 23 
it=73 T=1.994 best=1481: 17 3 22 11 26 5 6 14 28 20 1 24 13 18 4 29 16 7 10 25 9 12 2 15 19 27 21 8 23 
it=90 T=1.994 best=1460: 17 3 22 11 26 5 6 14 28 20 1 13 24 18 4 29 16 7 10 25 9 12 2 15 19 27 21 8 23 
it=96 T=1.994 best=1354: 17 3 22 11 26 5 7 14 28 20 1 13 24 18 4 29 16 6 10 25 9 12 2 15 19 27 21 8 23 
it=100 T=1.994 best=973: 17 3 22 11 26 5 7 14 28 20 1 13 24 18 4 29 16 6 10 25 9 12 2 19 15 27 21 8 23 
it=106 T=1.994 best=952: 17 3 22 11 26 5 7 15 28 20 1 13 24 18 4 29 16 6 10 25 9 12 2 19 14 27 21 8 23 
it=119 T=1.994 best=916: 23 3 22 11 26 5 7 15 28 20 1 13 24 18 4 29 16 6 10 25 9 12 2 19 14 27 21 8 17 
it=121 T=1.994 best=839: 23 3 22 11 26 5 8 15 28 20 1 13 24 18 4 29 16 6 10 25 9 12 2 19 14 27 21 7 17 
it=129 T=1.994 best=823: 23 3 22 11 26 5 8 15 29 20 1 13 24 18 4 28 16 6 10 25 9 12 2 19 14 27 21 7 17 
it=131 T=1.994 best=749: 23 3 22 11 26 5 8 15 29 20 1 12 24 18 4 28 16 6 10 25 9 13 2 19 14 27 21 7 17 
it=134 T=1.994 best=720: 23 3 22 11 26 5 8 15 29 20 1 12 24 18 4 28 16 6 10 25 13 9 2 19 14 27 21 7 17 
it=137 T=1.994 best=621: 23 3 22 12 26 5 8 15 29 20 1 11 24 18 4 28 16 6 10 25 13 9 2 19 14 27 21 7 17 
it=138 T=1.994 best=606: 23 4 22 12 26 5 8 15 29 20 1 11 24 18 3 28 16 6 10 25 13 9 2 19 14 27 21 7 17 
it=139 T=1.994 best=571: 23 4 22 12 26 5 8 15 29 20 1 11 24 18 3 28 16 6 10 25 13 2 9 19 14 27 21 7 17 
it=140 T=1.994 best=540: 23 4 22 12 26 5 8 15 29 1 20 11 24 18 3 28 16 6 10 25 13 2 9 19 14 27 21 7 17 
it=145 T=1.994 best=433: 23 4 22 12 26 8 5 15 29 1 20 11 24 18 3 28 16 6 10 25 13 2 9 19 14 27 21 7 17 
it=146 T=1.994 best=400: 23 4 22 12 26 8 5 16 29 1 20 11 24 18 3 28 15 6 10 25 13 2 9 19 14 27 21 7 17 
it=152 T=1.994 best=373: 23 4 22 12 26 9 5 16 29 2 20 11 24 18 3 28 15 6 10 25 13 1 8 19 14 27 21 7 17 
it=157 T=1.994 best=343: 23 4 22 12 26 9 5 16 29 2 20 11 24 18 3 28 15 6 10 25 13 1 19 8 14 27 21 7 17 
it=162 T=1.994 best=335: 23 4 22 12 26 9 5 16 29 2 20 11 24 18 3 28 15 6 10 25 13 1 19 8 27 14 21 7 17 
it=164 T=1.994 best=240: 23 4 12 22 26 9 5 16 29 2 20 11 24 18 3 28 15 6 10 25 13 1 19 8 27 14 21 7 17 
it=168 T=1.994 best=230: 23 4 12 22 26 9 5 16 29 20 2 11 24 18 3 28 6 15 10 25 13 1 19 8 27 14 21 7 17 
it=178 T=1.994 best=211: 23 4 12 21 26 9 5 16 29 20 2 11 24 18 3 28 6 15 10 25 13 1 19 8 27 14 22 7 17 
it=182 T=1.994 best=205: 23 4 12 21 26 9 5 17 29 20 2 11 24 18 3 28 6 15 10 25 13 1 19 8 27 14 22 7 16 
it=190 T=1.994 best=194: 23 4 12 21 26 9 5 17 29 20 2 11 24 18 28 3 7 15 10 25 13 1 19 8 27 14 22 6 16 
it=192 T=1.994 best=191: 23 4 12 21 26 9 5 17 29 20 2 11 24 18 3 28 7 15 10 25 13 1 19 8 27 14 22 6 16 
it=193 T=1.994 best=140: 23 4 12 21 26 9 5 17 29 20 2 11 24 18 3 27 7 15 10 25 13 1 19 8 28 14 22 6 16 
it=194 T=1.994 best=131: 23 4 13 21 26 9 5 17 29 20 2 11 24 18 3 27 7 15 10 25 12 1 19 8 28 14 22 6 16 
it=198 T=1.994 best=126: 23 4 13 26 21 9 5 17 29 20 2 11 24 18 3 27 7 15 10 25 12 1 19 8 28 14 22 6 16 
it=209 T=1.994 best=121: 22 4 13 26 21 9 5 17 29 20 2 11 24 3 18 27 7 15 10 12 25 1 19 8 28 14 23 6 16 
it=216 T=1.994 best=119: 22 4 13 26 21 9 5 17 29 2 20 11 24 3 18 27 7 15 10 12 25 1 19 8 28 14 23 6 16 
it=218 T=1.994 best=118: 22 4 13 26 21 9 5 17 2 29 20 11 24 3 18 27 7 15 10 12 25 1 19 8 28 14 23 6 16 
it=223 T=1.994 best=111: 22 4 13 26 21 9 6 17 2 29 20 11 24 3 18 27 7 15 10 12 25 1 19 8 28 14 23 5 16 
it=225 T=1.994 best=100: 21 4 13 26 22 9 6 17 2 29 20 11 24 3 18 27 7 15 10 12 25 1 19 8 28 14 23 5 16 
it=234 T=1.994 best=99: 21 4 13 26 22 9 6 17 29 2 20 11 24 3 18 27 7 15 10 12 25 1 19 8 28 14 23 5 16 
it=242 T=1.994 best=93: 20 4 26 13 22 9 6 17 29 2 21 11 24 3 18 27 7 15 10 12 25 1 19 8 28 14 23 5 16 
it=253 T=1.994 best=91: 20 4 26 13 22 9 6 17 29 2 21 11 3 24 18 27 7 15 10 12 25 1 19 8 28 14 23 5 16 
it=255 T=1.994 best=82: 20 4 26 13 22 9 6 17 29 2 21 11 3 24 18 27 7 15 10 25 12 1 19 8 28 14 23 5 16 
it=335 T=1.994 best=75: 19 4 26 13 9 22 16 1 6 29 20 11 24 3 18 27 7 15 10 25 12 2 21 8 28 14 23 5 17 
it=355 T=1.994 best=74: 19 5 26 13 9 22 16 1 6 29 20 11 24 3 27 18 7 15 10 25 12 2 21 8 28 14 23 4 17 
it=369 T=1.994 best=73: 19 5 26 13 9 23 16 1 6 29 20 11 24 3 18 27 7 15 10 25 2 12 21 8 28 14 22 4 17 
it=378 T=1.994 best=71: 19 5 26 13 9 23 16 1 6 29 20 11 24 3 27 18 7 15 10 25 2 12 21 8 28 14 22 4 17 
it=384 T=1.994 best=64: 19 5 26 13 9 23 16 1 6 29 20 11 24 3 27 18 8 15 10 25 2 12 21 7 28 14 22 4 17 
it=424 T=1.994 best=61: 19 5 26 13 9 23 16 1 29 6 20 11 24 3 27 18 8 15 10 25 2 12 21 7 28 14 22 4 17 
it=474 T=1.994 best=52: 19 5 26 13 23 9 1 16 29 6 20 11 24 3 27 18 8 15 10 25 2 12 21 7 28 14 22 4 17 
it=487 T=1.994 best=50: 19 5 26 13 23 9 1 16 28 6 20 11 24 3 27 18 8 15 10 25 2 12 21 7 29 14 22 4 17 
it=736 T=1.994 best=46: 18 5 26 13 22 9 1 16 29 6 20 12 23 4 27 19 7 15 10 25 2 11 21 28 8 14 3 24 17 
it=755 T=1.994 best=43: 18 5 26 13 22 9 1 16 29 6 20 11 23 4 27 19 7 15 10 25 2 12 21 28 8 14 3 24 17 
it=759 T=1.994 best=42: 17 5 26 13 22 9 1 16 29 6 20 11 23 4 27 19 7 15 10 25 2 12 21 28 8 14 3 24 18 
it=849 T=1.994 best=41: 17 5 26 13 22 9 1 16 29 6 20 11 3 23 27 19 7 15 10 25 12 2 21 28 8 14 4 24 18 
it=923 T=1.994 best=38: 17 6 26 13 22 1 9 16 29 5 20 11 3 23 27 19 7 15 10 25 2 12 21 28 8 14 4 18 24 
it=943 T=1.994 best=37: 17 6 26 13 22 1 10 16 29 5 20 11 3 23 27 19 7 15 9 25 2 12 21 28 8 14 4 18 24 
it=1041 T=1.988 best=36: 17 7 26 13 1 22 9 16 29 5 20 11 23 3 27 19 6 15 10 25 2 12 21 28 8 14 18 4 24 
it=1182 T=1.988 best=34: 19 7 26 14 1 22 10 29 16 5 20 11 2 23 28 18 6 13 8 25 3 12 21 27 15 9 17 4 24 
it=1185 T=1.988 best=27: 19 7 26 14 1 22 10 29 16 6 20 11 2 23 28 18 5 13 8 25 3 12 21 27 15 9 17 4 24 
it=1306 T=1.988 best=26: 19 7 26 14 1 22 10 29 16 6 20 11 2 23 17 28 5 13 8 25 3 12 21 27 15 9 18 4 24 
it=1467 T=1.988 best=25: 19 7 26 13 1 22 10 29 16 21 6 11 23 2 18 5 28 15 8 24 12 3 20 27 14 9 17 4 25 
it=1658 T=1.988 best=23: 26 7 19 13 1 22 10 29 16 6 20 11 23 2 18 5 28 15 8 24 12 3 21 27 14 9 17 4 25 
it=3391 T=1.976 best=21: 7 26 19 14 2 22 10 29 16 6 20 3 11 23 18 28 4 15 8 25 12 1 21 27 13 9 17 5 24 
it=3393 T=1.976 best=18: 7 26 19 13 2 22 10 29 16 6 20 3 11 23 18 28 4 15 8 25 12 1 21 27 14 9 17 5 24 
it=5000 T=1.970 cur=29 (s46) best=18
it=5774 T=1.964 best=17: 18 8 26 15 1 22 10 29 6 16 21 2 11 24 5 19 28 14 7 12 25 3 20 13 27 9 17 4 23 
it=10000 T=1.941 cur=32 (s33) best=17
it=11139 T=1.935 best=15: 20 7 26 13 1 22 9 16 28 6 19 11 2 23 27 17 4 14 8 25 12 21 3 29 15 10 18 24 5 
it=15000 T=1.912 cur=17 (s27) best=15
it=15609 T=1.906 best=14: 16 26 7 13 1 22 17 29 10 20 6 2 12 23 28 18 4 14 8 25 11 21 3 27 15 9 19 5 24 
it=15623 T=1.906 best=13: 16 26 7 13 1 22 17 29 10 6 20 2 12 23 28 18 4 14 8 25 11 21 3 27 15 9 19 5 24 
it=20000 T=1.883 cur=21 (s37) best=13
