start n=28 k=8 sym=0 missing=3739 seed=2801
it=2 T=1.994 best=3344: 25 4 17 3 27 18 6 21 24 12 15 2 28 19 9 16 8 1 13 22 14 5 23 10 20 11 26 7 
it=4 T=1.994 best=3156: 25 4 17 3 27 18 6 21 24 12 15 2 28 19 10 16 8 1 13 22 14 5 23 9 20 11 26 7 
it=6 T=1.994 best=2543: 25 4 16 3 27 18 6 21 24 12 15 2 28 19 10 17 8 1 13 22 14 5 23 9 20 11 26 7 
it=11 T=1.994 best=2251: 25 4 16 3 27 18 6 21 24 12 15 2 19 28 10 17 8 1 13 22 14 5 23 9 20 11 26 7 
it=12 T=1.994 best=2202: 25 4 16 3 18 27 6 21 24 12 15 2 19 28 10 17 8 1 13 22 14 5 23 9 20 11 26 7 
it=18 T=1.994 best=2044: 25 4 16 3 18 27 6 21 24 12 15 2 20 28 10 17 8 1 13 22 14 5 23 9 19 11 26 7 
it=22 T=1.994 best=1903: 25 4 16 3 18 27 6 21 24 15 12 2 20 28 10 17 8 1 13 22 14 5 23 9 19 11 26 7 
it=23 T=1.994 best=1563: 25 5 16 3 18 27 6 21 24 15 12 2 20 28 10 17 8 1 13 22 14 4 23 9 19 11 26 7 
it=27 T=1.994 best=1442: 24 5 16 3 18 27 6 21 25 15 12 2 20 28 10 17 8 1 13 22 14 4 23 9 19 11 26 7 
it=31 T=1.994 best=1283: 23 5 16 3 18 27 6 21 25 15 12 2 20 28 10 17 8 1 13 22 14 4 24 9 19 11 26 7 
it=34 T=1.994 best=1095: 23 5 16 3 18 27 6 21 15 25 12 2 20 28 10 17 8 1 13 22 14 4 24 9 19 11 26 7 
it=35 T=1.994 best=990: 23 5 16 3 18 27 6 21 14 25 12 2 20 28 10 17 8 1 13 22 15 4 24 9 19 11 26 7 
it=39 T=1.994 best=869: 23 5 15 3 18 27 6 21 14 25 12 2 20 28 10 17 8 1 13 22 16 4 24 9 19 11 26 7 
it=45 T=1.994 best=862: 23 5 15 3 18 27 6 21 14 25 12 2 20 28 10 17 1 8 13 22 16 4 24 9 19 11 26 7 
it=60 T=1.994 best=839: 23 5 15 3 18 27 6 14 21 25 12 2 20 28 10 17 8 1 13 22 16 4 24 9 19 11 26 7 
it=66 T=1.994 best=742: 23 5 15 2 18 27 6 14 21 25 12 3 20 28 10 17 8 1 13 22 16 4 24 9 19 11 26 7 
it=69 T=1.994 best=676: 23 5 15 2 18 27 6 14 21 12 25 3 20 28 10 17 8 1 13 22 16 4 24 9 19 11 26 7 
it=92 T=1.994 best=577: 23 5 14 2 18 27 6 15 21 12 25 3 20 28 10 17 8 1 13 22 16 4 24 9 19 11 26 7 
it=94 T=1.994 best=542: 23 5 14 2 18 27 7 15 21 12 25 3 20 28 10 17 8 1 13 22 16 4 24 9 19 11 26 6 
it=96 T=1.994 best=497: 23 14 5 2 18 27 7 15 21 12 25 3 20 28 10 17 8 1 13 22 16 4 24 9 19 11 26 6 
it=97 T=1.994 best=461: 23 14 5 2 18 27 7 15 21 11 25 3 20 28 10 17 8 1 13 22 16 4 24 9 19 12 26 6 
it=99 T=1.994 best=450: 23 14 5 2 18 27 7 15 21 10 25 3 20 28 11 17 8 1 13 22 16 4 24 9 19 12 26 6 
it=113 T=1.994 best=397: 23 13 5 2 18 26 7 15 21 10 24 3 20 28 11 17 8 1 14 22 16 4 25 9 19 12 27 6 
it=123 T=1.994 best=392: 23 13 5 2 18 26 8 15 21 10 24 3 20 28 11 17 7 1 14 22 16 4 25 9 19 12 27 6 
it=133 T=1.994 best=364: 23 13 5 18 2 26 8 15 21 10 24 3 20 28 11 17 7 1 14 22 16 4 25 9 19 12 27 6 
it=140 T=1.994 best=354: 23 13 5 18 2 26 8 15 21 11 24 3 20 28 10 17 7 1 14 22 16 4 25 9 19 12 27 6 
it=143 T=1.994 best=349: 23 13 5 18 2 26 8 15 21 11 24 3 20 28 10 17 7 1 14 22 4 16 25 9 19 12 27 6 
it=176 T=1.994 best=338: 23 13 5 18 2 26 9 15 21 11 24 3 19 28 10 17 7 1 14 22 4 16 25 8 20 12 27 6 
it=184 T=1.994 best=337: 23 12 5 18 2 26 9 15 21 11 24 3 19 28 10 17 7 1 14 22 4 16 25 8 20 13 27 6 
it=185 T=1.994 best=328: 23 12 5 18 2 26 9 15 21 10 24 3 19 28 11 17 7 1 14 22 4 16 25 8 20 13 27 6 
it=187 T=1.994 best=311: 23 12 5 18 2 26 9 15 21 10 24 3 19 28 11 17 7 1 13 22 4 16 25 8 20 14 27 6 
it=190 T=1.994 best=284: 23 12 5 18 2 9 26 15 21 10 24 3 19 28 11 17 7 1 13 22 4 16 25 8 20 14 27 6 
it=193 T=1.994 best=275: 23 12 5 19 2 9 26 15 21 10 24 3 18 28 11 17 7 1 13 22 4 16 25 8 20 14 27 6 
it=222 T=1.994 best=270: 23 12 6 19 2 9 26 15 21 10 24 3 18 28 11 17 7 1 13 22 4 16 25 8 20 14 27 5 
it=268 T=1.994 best=230: 23 12 6 19 2 8 26 15 21 10 24 3 18 28 11 17 7 1 13 22 4 16 25 9 20 14 27 5 
it=270 T=1.994 best=228: 23 13 6 19 2 8 26 15 21 10 24 3 18 28 11 17 7 1 12 22 4 16 25 9 20 14 27 5 
it=274 T=1.994 best=219: 23 12 6 19 2 8 26 15 21 10 24 3 18 28 11 17 7 1 13 22 5 16 25 9 20 14 27 4 
it=284 T=1.994 best=217: 23 13 6 19 2 8 26 15 21 10 24 3 18 28 11 17 7 1 12 22 5 16 25 9 20 14 27 4 
it=301 T=1.994 best=207: 23 13 6 19 2 8 26 15 21 10 24 4 18 28 11 17 7 1 12 22 5 16 25 9 20 14 27 3 
it=315 T=1.994 best=176: 23 13 6 19 2 8 26 15 21 10 24 4 18 11 28 17 7 1 12 22 5 16 25 9 20 27 14 3 
it=331 T=1.994 best=164: 23 13 6 19 2 8 26 15 21 10 24 4 18 11 28 17 7 1 22 12 5 16 25 9 20 27 14 3 
it=366 T=1.994 best=142: 23 12 6 19 2 8 26 15 21 10 24 4 18 11 28 17 7 1 22 13 5 16 25 9 20 27 3 14 
it=371 T=1.994 best=140: 23 12 6 19 2 8 26 15 21 10 24 4 18 11 28 17 7 1 22 13 5 16 25 9 20 3 27 14 
it=375 T=1.994 best=138: 23 12 6 19 2 8 26 15 10 21 24 4 18 11 28 17 7 1 22 13 5 16 25 9 20 3 27 14 
it=406 T=1.994 best=133: 23 12 5 19 2 8 27 15 10 20 24 4 18 11 28 7 17 1 22 6 13 16 25 9 21 3 26 14 
it=428 T=1.994 best=129: 23 12 5 19 2 8 27 15 10 20 4 24 18 11 28 7 17 1 22 6 13 25 16 9 21 3 26 14 
it=431 T=1.994 best=123: 23 12 5 19 2 8 27 15 10 20 4 24 18 11 28 7 17 1 22 6 13 26 16 9 21 3 25 14 
it=435 T=1.994 best=118: 23 13 5 19 2 8 27 15 10 20 4 24 18 11 28 7 17 1 22 6 12 26 16 9 21 3 14 25 
it=444 T=1.994 best=110: 23 13 5 19 2 8 27 15 10 21 4 24 18 11 28 7 17 1 22 6 12 26 16 9 20 3 14 25 
it=475 T=1.994 best=108: 23 13 5 19 2 8 27 15 10 21 4 24 18 11 28 7 17 1 22 6 12 26 16 20 9 3 14 25 
it=484 T=1.994 best=104: 23 13 5 19 2 7 27 15 10 21 4 24 18 11 28 8 17 1 22 6 12 26 16 20 9 3 14 25 
it=509 T=1.994 best=96: 23 13 6 19 2 7 27 15 10 21 4 24 18 11 28 8 17 1 22 5 12 26 16 20 9 3 14 25 
it=541 T=1.994 best=95: 23 13 6 19 2 8 27 15 10 21 4 24 18 11 28 7 17 1 22 5 12 26 16 20 9 3 14 25 
it=578 T=1.994 best=92: 23 14 6 19 2 8 27 15 10 21 4 24 18 11 28 7 1 17 22 5 12 26 16 20 9 3 13 25 
it=615 T=1.994 best=91: 23 14 6 19 2 8 27 15 10 21 4 24 18 11 28 7 1 17 22 5 12 26 16 9 20 3 13 25 
it=733 T=1.994 best=90: 23 14 6 19 2 8 27 15 10 21 4 25 18 11 7 28 1 17 22 5 12 16 26 20 9 3 13 24 
it=767 T=1.994 best=89: 23 14 6 19 2 8 27 16 10 21 4 25 18 11 7 28 1 17 22 5 12 26 15 20 9 3 13 24 
it=780 T=1.994 best=88: 23 14 6 19 2 8 27 16 10 21 4 25 18 11 7 28 1 17 22 5 12 15 26 20 9 3 13 24 
it=834 T=1.994 best=83: 23 14 6 19 2 8 27 16 10 21 4 25 18 12 7 28 1 17 22 5 11 15 26 9 20 3 13 24 
it=866 T=1.994 best=78: 23 14 6 19 2 8 27 16 10 21 4 25 18 12 7 28 1 17 22 5 11 15 26 20 9 3 13 24 
it=5000 T=1.970 cur=78 (s102) best=78
it=6632 T=1.958 best=76: 23 14 6 19 10 1 28 16 21 4 9 24 18 11 7 26 2 17 22 5 12 27 15 8 20 3 25 13 
it=6799 T=1.958 best=75: 24 6 14 19 10 1 28 16 21 4 9 23 18 11 7 26 2 17 22 5 12 27 15 8 20 3 25 13 
it=6826 T=1.958 best=74: 23 6 14 19 10 1 27 16 4 21 9 24 18 11 7 26 2 17 22 5 12 28 15 8 20 3 25 13 
it=6829 T=1.958 best=73: 23 6 14 19 10 1 27 16 4 21 9 24 18 11 7 26 2 17 22 12 5 28 15 8 20 3 25 13 
it=6943 T=1.958 best=69: 23 6 14 19 10 1 27 15 21 4 9 24 18 11 7 26 17 2 22 12 5 28 16 8 20 3 25 13 
it=6957 T=1.958 best=67: 23 14 6 19 10 1 28 15 21 4 9 24 18 11 7 26 17 2 22 12 5 27 16 8 20 3 25 13 
it=7049 T=1.958 best=66: 23 14 6 19 10 1 27 15 21 4 9 24 18 11 7 26 17 2 22 12 5 28 16 8 20 3 25 13 
it=7055 T=1.958 best=64: 23 14 6 19 10 1 27 15 4 21 9 24 18 11 7 26 17 2 22 12 5 28 16 8 20 3 25 13 
it=8456 T=1.947 best=61: 24 6 13 19 10 1 27 15 4 21 9 18 25 11 7 26 17 2 22 12 5 16 28 8 20 3 23 14 
it=10000 T=1.941 cur=64 (s69) best=61
it=15000 T=1.912 cur=75 (s77) best=61
it=20000 T=1.883 cur=71 (s73) best=61
it=25000 T=1.855 cur=78 (s53) best=61
