start n=28 k=8 sym=0 missing=6202 seed=2802
it=0 T=2.000 best=6159: 26 5 16 8 20 15 22 13 1 28 18 2 17 7 4 6 12 21 23 11 9 25 3 24 19 10 14 27 
it=2 T=1.994 best=6139: 26 5 15 8 20 16 22 13 1 28 18 2 17 7 4 6 12 21 23 11 9 25 3 24 19 10 14 27 
it=5 T=1.994 best=5678: 26 5 15 8 20 16 22 13 1 28 18 2 17 7 4 6 12 21 23 11 9 25 3 24 19 10 27 14 
it=9 T=1.994 best=4851: 26 5 15 8 20 16 22 13 1 28 18 2 17 7 4 12 6 21 23 11 9 25 3 24 19 10 27 14 
it=11 T=1.994 best=3964: 26 5 15 8 20 16 22 13 1 28 18 2 17 7 4 12 21 6 23 11 9 25 3 24 19 10 27 14 
it=12 T=1.994 best=3837: 26 5 15 8 20 16 23 13 1 28 18 2 17 7 4 12 21 6 22 11 9 25 3 24 19 10 27 14 
it=13 T=1.994 best=3289: 26 5 15 20 8 16 23 13 1 28 18 2 17 7 4 12 21 6 22 11 9 25 3 24 19 10 27 14 
it=15 T=1.994 best=2913: 26 5 15 20 8 16 23 13 1 28 18 3 17 7 4 12 21 6 22 11 9 25 2 24 19 10 27 14 
it=16 T=1.994 best=2775: 26 5 15 20 8 16 23 13 1 28 18 4 17 7 3 12 21 6 22 11 9 25 2 24 19 10 27 14 
it=17 T=1.994 best=2615: 26 5 15 20 9 16 23 13 1 28 18 4 17 7 3 12 21 6 22 11 8 25 2 24 19 10 27 14 
it=19 T=1.994 best=2504: 26 5 15 20 9 16 23 13 1 28 18 4 17 7 3 12 21 6 22 11 25 8 2 24 19 10 27 14 
it=20 T=1.994 best=2174: 26 5 15 20 9 16 23 12 1 28 18 4 17 7 3 13 21 6 22 11 25 8 2 24 19 10 27 14 
it=22 T=1.994 best=1973: 26 5 15 20 9 16 23 12 1 28 18 4 17 7 3 13 21 6 22 11 25 8 24 2 19 10 27 14 
it=23 T=1.994 best=1758: 26 5 15 20 9 16 23 12 1 28 18 4 17 7 3 13 21 6 22 11 25 8 24 19 2 10 27 14 
it=24 T=1.994 best=1652: 26 5 15 20 9 16 23 12 1 28 18 4 7 17 3 13 21 6 22 11 25 8 24 19 2 10 27 14 
it=29 T=1.994 best=1511: 26 5 15 20 9 17 23 12 1 28 18 4 7 16 3 13 21 6 22 11 25 8 24 19 2 10 27 14 
it=31 T=1.994 best=1395: 26 15 5 20 9 17 23 12 1 28 18 4 7 16 3 13 21 6 22 11 25 8 24 19 2 10 27 14 
it=32 T=1.994 best=1327: 25 15 5 20 9 17 23 12 1 28 18 4 7 16 3 13 21 6 22 11 26 8 24 19 2 10 27 14 
it=35 T=1.994 best=1182: 15 25 5 20 9 17 23 12 1 28 18 4 7 16 3 13 21 6 22 11 26 8 24 19 2 10 27 14 
it=37 T=1.994 best=1171: 15 25 5 20 9 17 23 12 1 28 18 4 7 16 3 13 21 6 22 11 26 24 8 19 2 10 27 14 
it=54 T=1.994 best=1032: 15 25 5 20 9 17 23 12 1 28 18 4 7 16 3 13 21 6 22 26 11 24 8 19 2 10 27 14 
it=59 T=1.994 best=970: 15 25 5 20 9 17 23 12 1 28 18 4 7 16 24 13 21 6 22 26 11 3 8 19 2 10 27 14 
it=64 T=1.994 best=814: 14 25 5 20 9 17 23 12 1 28 18 4 7 16 24 13 21 6 22 26 11 3 8 19 2 10 27 15 
it=65 T=1.994 best=780: 14 25 5 20 9 17 23 1 12 28 18 4 7 16 24 13 21 6 22 26 11 3 8 19 2 10 27 15 
it=72 T=1.994 best=683: 14 25 5 20 17 9 23 1 12 28 18 4 7 16 24 13 21 6 22 26 11 3 8 19 2 10 27 15 
it=73 T=1.994 best=632: 14 25 5 20 17 9 23 1 12 28 18 4 7 16 24 13 21 6 22 11 26 3 8 19 2 10 27 15 
it=93 T=1.994 best=629: 13 25 5 20 17 9 23 1 12 28 18 4 7 16 24 14 21 6 22 11 26 3 8 19 2 10 27 15 
it=98 T=1.994 best=610: 13 26 5 20 17 9 23 1 12 28 18 4 7 16 24 14 21 6 22 11 25 3 8 19 2 10 27 15 
it=100 T=1.994 best=594: 13 26 5 20 17 9 23 1 12 18 28 4 7 16 24 14 21 6 22 11 25 3 8 19 2 10 27 15 
it=101 T=1.994 best=591: 13 26 5 20 17 9 23 1 11 18 28 4 7 16 24 14 21 6 22 12 25 3 8 19 2 10 27 15 
it=111 T=1.994 best=527: 13 26 5 20 17 9 23 1 11 18 28 4 7 16 24 14 21 6 22 12 3 25 8 19 2 10 27 15 
it=118 T=1.994 best=516: 13 26 5 20 17 9 23 1 11 19 4 28 7 16 24 14 21 6 22 12 3 25 8 18 2 10 27 15 
it=121 T=1.994 best=501: 13 26 5 20 17 9 23 1 11 19 4 28 7 16 24 14 21 6 22 3 12 25 8 18 2 10 27 15 
it=124 T=1.994 best=479: 13 26 5 20 17 9 23 1 11 19 4 28 16 7 24 14 21 6 22 3 12 25 8 18 2 10 27 15 
it=141 T=1.994 best=434: 13 26 5 21 17 9 23 1 11 19 4 28 16 7 24 14 20 6 22 3 12 25 8 18 2 10 27 15 
it=144 T=1.994 best=384: 13 26 5 21 17 9 23 1 11 19 4 28 16 8 24 14 20 6 22 3 12 25 7 18 2 10 27 15 
it=152 T=1.994 best=382: 13 27 5 21 17 9 23 1 11 19 4 28 16 8 24 14 20 6 22 3 12 25 7 18 2 10 26 15 
it=181 T=1.994 best=367: 13 27 5 21 9 17 24 1 11 19 4 28 16 8 23 14 20 6 22 3 12 25 7 18 2 10 26 15 
it=186 T=1.994 best=354: 13 27 5 21 9 17 1 24 11 19 4 28 16 8 23 14 20 6 22 3 12 25 7 18 2 10 26 15 
it=200 T=1.994 best=348: 13 27 5 21 9 17 1 24 11 19 4 28 8 15 23 14 20 6 22 2 12 25 7 18 3 10 26 16 
it=201 T=1.994 best=293: 13 27 5 21 9 17 1 24 11 19 4 28 8 15 23 14 20 6 22 2 12 26 7 18 3 10 25 16 
it=209 T=1.994 best=287: 13 27 5 21 9 17 1 24 19 11 4 28 7 16 23 14 20 6 22 2 12 26 8 18 10 3 25 15 
it=233 T=1.994 best=270: 13 27 5 21 9 17 1 24 19 11 4 28 8 16 23 14 20 6 22 2 12 26 7 18 10 3 25 15 
it=240 T=1.994 best=268: 13 27 5 21 9 17 1 24 19 11 4 28 8 16 23 14 20 6 22 2 12 26 7 18 10 25 3 15 
it=246 T=1.994 best=262: 13 27 5 21 9 17 1 25 19 11 4 28 8 16 23 14 20 6 22 2 12 26 7 18 10 24 3 15 
it=275 T=1.994 best=250: 13 27 5 21 9 17 1 25 19 11 4 28 8 16 22 14 20 6 23 2 12 26 7 18 10 24 3 15 
it=276 T=1.994 best=235: 13 27 5 21 9 17 1 25 20 11 4 28 8 16 22 14 19 6 23 2 12 26 7 18 10 24 3 15 
it=279 T=1.994 best=213: 13 26 5 21 9 17 1 25 20 11 4 28 8 16 22 14 19 6 23 2 12 27 7 18 10 24 3 15 
it=300 T=1.994 best=194: 13 26 5 21 9 1 16 25 19 11 4 28 8 17 22 14 20 6 23 2 12 27 7 18 10 24 3 15 
it=302 T=1.994 best=187: 13 26 5 21 9 1 16 25 20 11 4 28 8 17 22 14 19 6 23 2 12 27 7 18 10 24 3 15 
it=303 T=1.994 best=184: 13 26 5 21 9 1 16 25 20 11 4 28 8 17 22 14 19 6 2 23 12 27 7 18 10 24 3 15 
it=304 T=1.994 best=176: 13 26 5 21 9 1 16 25 20 11 4 28 8 17 22 14 19 6 2 12 23 27 7 18 10 24 3 15 
it=393 T=1.994 best=152: 13 26 5 21 9 2 16 25 20 11 4 28 8 17 22 14 6 19 1 12 23 7 27 18 10 24 3 15 
it=452 T=1.994 best=144: 13 26 5 21 9 1 16 25 20 11 4 28 8 17 22 14 6 19 2 23 12 7 27 18 10 24 3 15 
it=454 T=1.994 best=123: 13 26 5 21 9 1 16 25 20 11 4 28 8 17 22 14 6 19 2 23 7 12 27 18 10 24 3 15 
it=492 T=1.994 best=116: 13 26 5 21 9 1 16 25 19 11 4 28 8 17 22 14 6 20 2 23 7 12 27 18 10 3 24 15 
it=843 T=1.994 best=114: 13 26 21 5 9 1 16 25 19 11 4 28 8 17 22 14 6 20 2 23 7 12 27 18 10 3 15 24 
it=1285 T=1.988 best=112: 13 26 5 21 9 1 17 25 19 11 4 28 8 16 22 6 14 20 2 23 7 12 27 18 10 3 24 15 
it=1537 T=1.988 best=109: 13 26 5 21 9 1 16 25 19 11 4 28 8 17 23 6 14 20 2 22 7 12 27 18 10 3 15 24 
it=1708 T=1.988 best=100: 13 26 5 21 9 1 16 25 19 11 4 28 8 17 24 6 14 20 2 22 7 12 27 18 10 3 15 23 
it=1763 T=1.988 best=99: 13 26 5 21 9 1 16 25 19 11 4 28 8 17 24 6 20 14 2 22 7 12 27 18 10 3 15 23 
it=1908 T=1.988 best=91: 13 26 5 21 9 1 16 23 19 11 28 4 8 17 25 6 20 14 2 22 7 12 27 18 10 3 15 24 
it=1931 T=1.988 best=89: 13 26 21 5 9 1 16 23 19 11 28 4 8 17 25 6 20 14 2 22 7 12 27 18 10 3 15 24 
it=3728 T=1.976 best=88: 13 26 20 5 9 1 16 23 28 19 11 4 8 17 25 6 21 14 2 22 7 12 27 18 10 3 24 15 
it=5000 T=1.970 cur=92 (s70) best=88
it=10000 T=1.941 cur=95 (s89) best=88
it=11861 T=1.929 best=86: 14 26 5 19 9 1 16 23 11 27 4 20 8 15 25 6 21 13 2 24 7 12 17 28 22 10 3 18 
it=11866 T=1.929 best=81: 14 26 5 19 9 1 16 23 12 27 4 20 8 15 25 6 21 13 2 24 7 11 17 28 22 10 3 18 
it=15000 T=1.912 cur=81 (s67) best=81
it=17227 T=1.900 best=78: 14 26 5 19 9 1 17 23 12 27 4 20 8 15 25 6 21 13 2 24 7 11 18 28 22 10 3 16 
it=20000 T=1.883 cur=79 (s77) best=78
it=22798 T=1.866 best=76: 13 26 6 19 1 9 23 17 11 27 4 14 20 8 25 5 21 16 2 24 12 7 18 28 10 22 3 15 
it=25000 T=1.855 cur=84 (s74) best=76
