identity, level 1 (check vs W12 0.268059 at s=t=1.5):
  s=1.50 rho=0.269991 kappa=2.29119
identity, level 2 (strips + no increasing pair in cells (r,r+2)):
  s=1.20 best over t so far: kappa=2.26255 (s=1.20,t=1.30,rho=0.331229)
  s=1.30 best over t so far: kappa=2.25436 (s=1.30,t=1.40,rho=0.301894)
  s=1.40 best over t so far: kappa=2.25077 (s=1.40,t=1.40,rho=0.288224)
  s=1.50 best over t so far: kappa=2.25077 (s=1.40,t=1.40,rho=0.288224)
  s=1.60 best over t so far: kappa=2.25077 (s=1.40,t=1.40,rho=0.288224)
  s=1.70 best over t so far: kappa=2.25077 (s=1.40,t=1.40,rho=0.288224)
  s=1.80 best over t so far: kappa=2.25077 (s=1.40,t=1.40,rho=0.288224)
  s=1.90 best over t so far: kappa=2.25077 (s=1.40,t=1.40,rho=0.288224)
  s=2.00 best over t so far: kappa=2.25077 (s=1.40,t=1.40,rho=0.288224)
  s=2.10 best over t so far: kappa=2.25077 (s=1.40,t=1.40,rho=0.288224)
  s=2.20 best over t so far: kappa=2.25077 (s=1.40,t=1.40,rho=0.288224)
  s=2.30 best over t so far: kappa=2.25077 (s=1.40,t=1.40,rho=0.288224)
  s=2.40 best over t so far: kappa=2.25077 (s=1.40,t=1.40,rho=0.288224)
  s=2.50 best over t so far: kappa=2.25077 (s=1.40,t=1.40,rho=0.288224)
  s=2.60 best over t so far: kappa=2.25077 (s=1.40,t=1.40,rho=0.288224)
BEST identity level 2: (np.float64(2.25077453411269), (np.float64(1.4000000000000001), np.float64(1.4000000000000001), np.float64(0.2882243216064503)))
decreasing, level 2 (n=20):
  s=1.30 best so far: kappa=2.30619 (s=1.30,t=1.40,rho=0.310131)
  s=1.40 best so far: kappa=2.30028 (s=1.40,t=1.50,rho=0.283451)
  s=1.50 best so far: kappa=2.30028 (s=1.40,t=1.50,rho=0.283451)
  s=1.60 best so far: kappa=2.30028 (s=1.40,t=1.50,rho=0.283451)
  s=1.70 best so far: kappa=2.30028 (s=1.40,t=1.50,rho=0.283451)
  s=1.80 best so far: kappa=2.30028 (s=1.40,t=1.50,rho=0.283451)
  s=1.90 best so far: kappa=2.30028 (s=1.40,t=1.50,rho=0.283451)
  s=2.00 best so far: kappa=2.30028 (s=1.40,t=1.50,rho=0.283451)
  s=2.10 best so far: kappa=2.30028 (s=1.40,t=1.50,rho=0.283451)
  s=2.20 best so far: kappa=2.30028 (s=1.40,t=1.50,rho=0.283451)
BEST decreasing level 2: (np.float64(2.300281311107128), (np.float64(1.4000000000000001), np.float64(1.5000000000000002), np.float64(0.28345118200414576)))
