k=8 n: [16, 19, 23, 26, 30, 33, 37, 40, 45]
  id     0.049 0.163 0.342 0.506 0.754 0.892 0.965 0.983 0.995  n_half=25.9  12345678
  rand0  0.054 0.164 0.392 0.596 0.833 0.931 0.977 0.995 0.998  n_half=24.6  57284163
  rand1  0.051 0.156 0.398 0.583 0.817 0.903 0.965 0.985 0.999  n_half=24.7  14756832
  rand2  0.055 0.172 0.391 0.589 0.832 0.901 0.970 0.987 1.000  n_half=24.7  36587214
  rand3  0.049 0.174 0.389 0.638 0.840 0.943 0.988 0.996 1.000  n_half=24.3  48315627
k=10 n: [22, 27, 32, 37, 42, 47, 52, 57, 65]
  id     0.014 0.089 0.242 0.489 0.681 0.862 0.937 0.985 1.000  n_half=37.3  [1, 2, 3, 4, 5, 6, 7, 8, 9, 10]
  rand0  0.024 0.108 0.296 0.561 0.759 0.907 0.976 0.998 0.999  n_half=35.8  [8, 2, 5, 1, 3, 6, 9, 10, 4, 7]
  rand1  0.020 0.098 0.297 0.573 0.773 0.918 0.977 0.998 1.000  n_half=35.7  [3, 10, 4, 2, 7, 5, 8, 1, 6, 9]
  rand2  0.013 0.115 0.253 0.510 0.757 0.894 0.972 0.998 1.000  n_half=36.8  [2, 1, 8, 5, 6, 10, 3, 4, 7, 9]
  rand3  0.020 0.103 0.285 0.528 0.736 0.889 0.968 0.995 0.999  n_half=36.4  [1, 10, 4, 5, 2, 6, 3, 8, 9, 7]
k=12 n: [30, 37, 43, 50, 57, 64, 70, 77, 87]
  id     0.005 0.068 0.191 0.443 0.663 0.853 0.943 0.992 0.995  n_half=51.8  [1, 2, 3, 4, 5, 6, 7, 8, 9, 10, 11, 12]
  rand0  0.013 0.079 0.235 0.498 0.757 0.928 0.978 0.995 1.000  n_half=50.1  [7, 9, 1, 3, 2, 6, 4, 12, 5, 10, 11, 8]
  rand1  0.006 0.069 0.213 0.483 0.798 0.926 0.980 1.000 1.000  n_half=50.4  [11, 5, 12, 2, 6, 3, 9, 8, 4, 10, 7, 1]
  rand2  0.012 0.077 0.206 0.486 0.735 0.888 0.964 0.999 1.000  n_half=50.4  [2, 11, 10, 1, 3, 4, 5, 7, 6, 9, 8, 12]
  rand3  0.005 0.078 0.226 0.514 0.805 0.943 0.983 0.999 1.000  n_half=49.7  [9, 3, 12, 8, 6, 1, 10, 2, 7, 5, 4, 11]
k=14 n: [39, 48, 56, 65, 73, 82, 91, 99, 112]
  id     0.005 0.048 0.163 0.438 0.630 0.820 0.955 0.990 1.000  n_half=67.6  [1, 2, 3, 4, 5, 6, 7, 8, 9, 10, 11, 12, 13, 14]
  rand0  0.000 0.060 0.188 0.453 0.725 0.948 0.998 1.000 1.000  n_half=66.4  [12, 9, 13, 8, 11, 7, 5, 3, 1, 14, 6, 2, 10, 4]
  rand1  0.003 0.050 0.228 0.482 0.760 0.938 0.985 1.000 1.000  n_half=65.5  [11, 7, 14, 3, 5, 1, 4, 8, 10, 2, 12, 6, 13, 9]
  rand2  0.003 0.062 0.163 0.485 0.770 0.932 0.993 1.000 1.000  n_half=65.4  [11, 14, 3, 2, 7, 1, 9, 5, 6, 12, 13, 4, 8, 10]
  rand3  0.005 0.037 0.230 0.525 0.775 0.935 0.985 1.000 1.000  n_half=64.2  [11, 7, 12, 13, 1, 10, 5, 2, 14, 8, 4, 9, 3, 6]
k=16 n: [49, 59, 70, 81, 92, 103, 114, 124, 141]
  id     0.003 0.028 0.130 0.315 0.640 0.828 0.948 0.988 1.000  n_half=87.3  [1, 2, 3, 4, 5, 6, 7, 8, 9, 10, 11, 12, 13, 14, 15, 16]
  rand0  0.000 0.025 0.147 0.458 0.743 0.950 0.993 0.998 1.000  n_half=82.6  [12, 15, 7, 6, 5, 9, 14, 4, 16, 8, 3, 2, 11, 13, 1, 10]
  rand1  0.003 0.018 0.188 0.480 0.820 0.927 1.000 1.000 1.000  n_half=81.6  [12, 5, 3, 10, 11, 4, 7, 16, 1, 8, 14, 9, 13, 6, 2, 15]
  rand2  0.013 0.043 0.155 0.487 0.762 0.958 0.998 1.000 1.000  n_half=81.5  [11, 13, 1, 12, 6, 3, 16, 7, 4, 10, 15, 14, 2, 9, 8, 5]
  rand3  0.000 0.033 0.145 0.435 0.785 0.927 0.995 1.000 1.000  n_half=83.0  [15, 9, 8, 5, 3, 12, 10, 16, 2, 6, 4, 14, 13, 11, 7, 1]
