2 21 1 0.5000000000
2 123 0 0.0000000000
2 132 0 0.0000000000
2 1234 0 0.0000000000
2 1243 0 0.0000000000
2 1342 0 0.0000000000
2 1324 0 0.0000000000
2 12345 0 0.0000000000
2 21345 0 0.0000000000
2 25314 0 0.0000000000
2 13254 0 0.0000000000
3 21 5 0.8333333333
3 123 1 0.1666666667
3 132 1 0.1666666667
3 1234 0 0.0000000000
3 1243 0 0.0000000000
3 1342 0 0.0000000000
3 1324 0 0.0000000000
3 12345 0 0.0000000000
3 21345 0 0.0000000000
3 25314 0 0.0000000000
3 13254 0 0.0000000000
4 21 23 0.9583333333
4 123 10 0.4166666667
4 132 10 0.4166666667
4 1234 1 0.0416666667
4 1243 1 0.0416666667
4 1342 1 0.0416666667
4 1324 1 0.0416666667
4 12345 0 0.0000000000
4 21345 0 0.0000000000
4 25314 0 0.0000000000
4 13254 0 0.0000000000
5 21 119 0.9916666667
5 123 78 0.6500000000
5 132 78 0.6500000000
5 1234 17 0.1416666667
5 1243 17 0.1416666667
5 1342 17 0.1416666667
5 1324 17 0.1416666667
5 12345 1 0.0083333333
5 21345 1 0.0083333333
5 25314 1 0.0083333333
5 13254 1 0.0083333333
6 21 719 0.9986111111
6 123 588 0.8166666667
6 132 588 0.8166666667
6 1234 207 0.2875000000
6 1243 207 0.2875000000
6 1342 208 0.2888888889
6 1324 207 0.2875000000
6 12345 26 0.0361111111
6 21345 26 0.0361111111
6 25314 26 0.0361111111
6 13254 26 0.0361111111
7 21 5039 0.9998015873
7 123 4611 0.9148809524
7 132 4611 0.9148809524
7 1234 2279 0.4521825397
7 1243 2279 0.4521825397
7 1342 2300 0.4563492063
7 1324 2278 0.4519841270
7 12345 458 0.0908730159
7 21345 458 0.0908730159
7 25314 462 0.0916666667
7 13254 458 0.0908730159
8 21 40319 0.9999751984
8 123 38890 0.9645337302
8 132 38890 0.9645337302
8 1234 24553 0.6089533730
8 1243 24553 0.6089533730
8 1342 24835 0.6159474206
8 1324 24527 0.6083085317
8 12345 6996 0.1735119048
8 21345 6996 0.1735119048
8 25314 7136 0.1769841270
8 13254 6995 0.1734871032
9 21 362879 0.9999972443
9 123 358018 0.9866016314
9 132 358018 0.9866016314
9 1234 268521 0.7399718915
9 1243 268521 0.7399718915
9 1342 271635 0.7485532407
9 1324 268104 0.7388227513
9 12345 101072 0.2785273369
9 21345 101072 0.2785273369
9 25314 104123 0.2869350750
9 13254 101027 0.2784033289
10 21 3628799 0.9999997244
10 123 3612004 0.9953714727
10 132 3612004 0.9953714727
10 1234 3042210 0.8383515212
10 1243 3042210 0.8383515212
10 1342 3073138 0.8468744489
10 1324 3036850 0.8368744489
10 12345 1438112 0.3963051146
10 21345 1438112 0.3963051146
10 25314 1491822 0.4111061508
10 13254 1436898 0.3959705688
10 2143 3042210 0.8383515212
10 214365 337144 0.0929078483
2 2143 0 0.0000000000
2 214365 0 0.0000000000
3 2143 0 0.0000000000
3 214365 0 0.0000000000
4 2143 1 0.0416666667
4 214365 0 0.0000000000
5 2143 17 0.1416666667
5 214365 0 0.0000000000
6 2143 207 0.2875000000
6 214365 1 0.0013888889
7 2143 2279 0.4521825397
7 214365 37 0.0073412698
8 2143 24553 0.6089533730
8 214365 891 0.0220982143
9 2143 268521 0.7399718915
9 214365 18042 0.0497189153
