## per-(k, pattern) thresholds (logistic fit, 95% parametric bootstrap CI; 'cross' = linear interpolation)
k=12
  id       n_half=  52.24 [  52.12,  52.39]  w= 6.46  cross=51.87  n/k2=0.3628
  r12_0    n_half=  50.30 [  50.19,  50.42]  w= 5.84  cross=50.13  n/k2=0.3493
  r12_1    n_half=  50.03 [  49.93,  50.15]  w= 5.67  cross=50.07  n/k2=0.3475
  r12_2    n_half=  50.95 [  50.84,  51.08]  w= 5.92  cross=51.10  n/k2=0.3539
  r12_3    n_half=  49.49 [  49.38,  49.61]  w= 5.56  cross=49.40  n/k2=0.3436
  r12_4    n_half=  49.86 [  49.75,  49.98]  w= 5.68  cross=49.51  n/k2=0.3462
  r12_5    n_half=  49.37 [  49.27,  49.49]  w= 5.55  cross=49.44  n/k2=0.3428
  r12_6    n_half=  50.10 [  49.99,  50.23]  w= 5.69  cross=50.00  n/k2=0.3479
  r12_7    n_half=  49.91 [  49.80,  50.03]  w= 5.61  cross=49.90  n/k2=0.3466
  random mean=50.00 sd=0.49 (sem 0.17) n/k2=0.3472 ; id(solver)=52.24 ; id(LIS 1e5)=52.16 ; ratio rand/id(LIS)=0.9586
k=16
  id       n_half=  88.24 [  88.07,  88.46]  w= 9.29  cross=87.64  n/k2=0.3447
  r16_0    n_half=  82.84 [  82.69,  83.02]  w= 7.77  cross=82.87  n/k2=0.3236
  r16_1    n_half=  82.22 [  82.06,  82.40]  w= 7.60  cross=82.13  n/k2=0.3212
  r16_2    n_half=  82.24 [  82.08,  82.41]  w= 7.64  cross=82.15  n/k2=0.3213
  r16_3    n_half=  82.70 [  82.54,  82.87]  w= 7.69  cross=82.35  n/k2=0.3231
  r16_4    n_half=  82.51 [  82.35,  82.69]  w= 7.84  cross=82.54  n/k2=0.3223
  r16_5    n_half=  82.28 [  82.12,  82.45]  w= 7.60  cross=82.62  n/k2=0.3214
  r16_6    n_half=  83.68 [  83.53,  83.85]  w= 7.87  cross=83.43  n/k2=0.3269
  r16_7    n_half=  82.36 [  82.20,  82.53]  w= 7.74  cross=81.86  n/k2=0.3217
  random mean=82.61 sd=0.49 (sem 0.17) n/k2=0.3227 ; id(solver)=88.24 ; id(LIS 1e5)=88.21 ; ratio rand/id(LIS)=0.9364
k=20
  id       n_half= 132.68 [ 132.30, 133.08]  w=12.73  cross=133.05  n/k2=0.3317
  r20_0    n_half= 121.54 [ 121.20, 121.86]  w= 9.41  cross=121.43  n/k2=0.3038
  r20_1    n_half= 122.83 [ 122.45, 123.18]  w=10.00  cross=122.74  n/k2=0.3071
  r20_2    n_half= 123.18 [ 122.80, 123.54]  w=10.00  cross=123.36  n/k2=0.3080
  r20_3    n_half= 125.77 [ 125.44, 126.07]  w=10.72  cross=126.09  n/k2=0.3144
  r20_4    n_half= 122.34 [ 121.99, 122.68]  w= 9.44  cross=122.47  n/k2=0.3059
  r20_5    n_half= 122.97 [ 122.59, 123.33]  w=10.05  cross=123.07  n/k2=0.3074
  r20_6    n_half= 121.92 [ 121.57, 122.26]  w= 9.68  cross=121.95  n/k2=0.3048
  r20_7    n_half= 121.75 [ 121.40, 122.08]  w= 9.64  cross=121.35  n/k2=0.3044
  random mean=122.79 sd=1.34 (sem 0.48) n/k2=0.3070 ; id(solver)=132.68 ; id(LIS 1e5)=132.89 ; ratio rand/id(LIS)=0.9240
k=24
  id       n_half= 186.35 [ 185.93, 186.86]  w=15.98  cross=185.76  n/k2=0.3235
  r24_0    n_half= 169.24 [ 168.89, 169.59]  w=11.59  cross=169.80  n/k2=0.2938
  r24_1    n_half= 169.84 [ 169.47, 170.18]  w=12.07  cross=169.94  n/k2=0.2949
  r24_2    n_half= 169.26 [ 168.91, 169.61]  w=11.54  cross=170.16  n/k2=0.2938
  r24_3    n_half= 170.96 [ 170.63, 171.34]  w=12.12  cross=171.00  n/k2=0.2968
  r24_4    n_half= 169.38 [ 169.02, 169.74]  w=11.72  cross=169.49  n/k2=0.2941
  r24_5    n_half= 169.62 [ 169.27, 169.97]  w=11.46  cross=170.29  n/k2=0.2945
  r24_6    n_half= 170.17 [ 169.85, 170.55]  w=11.56  cross=170.40  n/k2=0.2954
  r24_7    n_half= 169.37 [ 169.02, 169.71]  w=11.57  cross=169.69  n/k2=0.2941
  random mean=169.73 sd=0.59 (sem 0.21) n/k2=0.2947 ; id(solver)=186.35 ; id(LIS 1e5)=186.22 ; ratio rand/id(LIS)=0.9114
k=28
  id       n_half= 248.10 [ 247.42, 248.76]  w=19.66  cross=248.40  n/k2=0.3165
  r28_0    n_half= 223.89 [ 223.51, 224.26]  w=13.73  cross=224.27  n/k2=0.2856
  r28_1    n_half= 224.43 [ 224.03, 224.81]  w=14.03  cross=224.64  n/k2=0.2863
  r28_2    n_half= 223.31 [ 222.94, 223.68]  w=13.71  cross=223.37  n/k2=0.2848
  r28_3    n_half= 222.47 [ 222.12, 222.84]  w=13.35  cross=222.86  n/k2=0.2838
  r28_4    n_half= 226.50 [ 226.11, 226.92]  w=14.69  cross=226.90  n/k2=0.2889
  r28_5    n_half= 223.36 [ 222.99, 223.80]  w=14.04  cross=222.46  n/k2=0.2849
  r28_6    n_half= 226.00 [ 225.62, 226.42]  w=14.57  cross=226.07  n/k2=0.2883
  r28_7    n_half= 223.80 [ 223.41, 224.18]  w=13.94  cross=224.20  n/k2=0.2855
  random mean=224.22 sd=1.38 (sem 0.49) n/k2=0.2860 ; id(solver)=248.10 ; id(LIS 1e5)=248.03 ; ratio rand/id(LIS)=0.9040
k=32
  id       n_half= 318.46 [ 317.86, 319.16]  w=23.11  cross=318.43  n/k2=0.3110
  r32_0    n_half= 287.11 [ 286.66, 287.59]  w=16.72  cross=288.00  n/k2=0.2804
  r32_1    n_half= 284.49 [ 284.05, 284.92]  w=15.55  cross=285.49  n/k2=0.2778
  r32_2    n_half= 284.62 [ 284.20, 285.12]  w=15.97  cross=286.14  n/k2=0.2780
  r32_3    n_half= 285.40 [ 284.99, 285.90]  w=15.75  cross=286.36  n/k2=0.2787
  r32_4    n_half= 284.38 [ 283.96, 284.89]  w=15.93  cross=284.96  n/k2=0.2777
  r32_5    n_half= 284.55 [ 284.10, 284.98]  w=15.71  cross=283.93  n/k2=0.2779
  r32_6    n_half= 284.51 [ 284.09, 285.02]  w=16.14  cross=284.94  n/k2=0.2778
  r32_7    n_half= 284.50 [ 284.03, 284.98]  w=15.94  cross=286.12  n/k2=0.2778
  random mean=284.95 sd=0.93 (sem 0.33) n/k2=0.2783 ; id(solver)=318.46 ; id(LIS 1e5)=318.70 ; ratio rand/id(LIS)=0.8941
k=36
  id       n_half= 401.04 [ 394.61, 410.78]  w=29.54  cross=-  n/k2=0.3094
  r36_0    n_half= 352.52 [ 351.62, 353.44]  w=17.47  cross=352.00  n/k2=0.2720
  r36_1    n_half= 355.09 [ 354.11, 356.09]  w=18.67  cross=355.92  n/k2=0.2740
  r36_2    n_half= 351.39 [ 350.42, 352.31]  w=18.04  cross=351.33  n/k2=0.2711
  r36_3    n_half= 352.66 [ 351.70, 353.62]  w=18.28  cross=351.94  n/k2=0.2721
  random mean=352.92 sd=1.56 (sem 0.78) n/k2=0.2723 ; id(solver)=401.04 ; id(LIS 1e5)=397.86 ; ratio rand/id(LIS)=0.8870
k=40
  id       n_half= 485.60 [ 477.16, 496.62]  w=31.35  cross=-  n/k2=0.3035
  r40_0    n_half= 428.19 [ 426.84, 429.71]  w=20.45  cross=428.20  n/k2=0.2676
  r40_1    n_half= 428.18 [ 426.81, 429.66]  w=20.15  cross=429.05  n/k2=0.2676
  r40_2    n_half= 426.08 [ 424.76, 427.51]  w=19.70  cross=426.93  n/k2=0.2663
  r40_3    n_half= 429.23 [ 427.92, 430.60]  w=18.60  cross=429.56  n/k2=0.2683
  random mean=427.92 sd=1.32 (sem 0.66) n/k2=0.2675 ; id(solver)=485.60 ; id(LIS 1e5)=485.72 ; ratio rand/id(LIS)=0.8810

## identity from LIS (1e5 samples)
  k= 8 n_half=   24.99 [24.97,25.02] n/k2=0.3905
  k=10 n_half=   37.48 [37.44,37.51] n/k2=0.3748
  k=12 n_half=   52.16 [52.13,52.19] n/k2=0.3622
  k=14 n_half=   69.11 [69.07,69.14] n/k2=0.3526
  k=16 n_half=   88.21 [88.17,88.25] n/k2=0.3446
  k=20 n_half=  132.89 [132.83,132.94] n/k2=0.3322
  k=24 n_half=  186.22 [186.15,186.30] n/k2=0.3233
  k=28 n_half=  248.03 [247.92,248.14] n/k2=0.3164
  k=32 n_half=  318.70 [318.56,318.85] n/k2=0.3112
  k=36 n_half=  397.86 [397.68,398.05] n/k2=0.3070
  k=40 n_half=  485.72 [485.49,485.93] n/k2=0.3036
  k=48 n_half=  686.73 [686.42,687.06] n/k2=0.2981

## fits of the k-dependence
  identity (LIS, k>=12)  k=[12, 14, 16, 20, 24, 28, 32, 36, 40, 48]
    A: sqrt(n)=a k+b k^(1/3):   a=0.5084 [0.5074,0.5095]  b=0.497 [0.485,0.509]   a^2=0.2585  rms=0.19
    B: n=c k^2+d k:             c=0.2744 [0.2737,0.2749]  d=1.158 [1.137,1.181]   rms=0.71
    C: n=c k^2+d k^(4/3):       c=0.2553 [0.2543,0.2562]  d=0.564 [0.554,0.575]   rms=0.09
    D: n=c k^2+d k^(4/3)+e k^(2/3): c=0.2558 [0.2523,0.2595] d=0.555 e=0.044  rms=0.09
    per-k b with a=1/2 fixed: 0.534 0.545 0.553 0.563 0.571 0.576 0.583 0.590 0.596 0.607
    per-k (n-k^2/4)/k^(4/3): 0.588 0.596 0.601 0.606 0.610 0.612 0.617 0.621 0.627 0.635
  random pi (mean over patterns)  k=[12, 16, 20, 24, 28, 32, 36, 40]
    A: sqrt(n)=a k+b k^(1/3):   a=0.4573 [0.4553,0.4598]  b=0.706 [0.684,0.726]   a^2=0.2092  rms=0.50
    B: n=c k^2+d k:             c=0.2295 [0.2278,0.2312]  d=1.540 [1.491,1.586]   rms=0.86
    C: n=c k^2+d k^(4/3):       c=0.2008 [0.1982,0.2035]  d=0.780 [0.755,0.804]   rms=0.23
    D: n=c k^2+d k^(4/3)+e k^(2/3): c=0.1947 [0.1848,0.2056] d=0.892 e=-0.488  rms=0.12
    per-k b with a=1/2 fixed: 0.468 0.432 0.398 0.356 0.321 0.277 0.238 0.201
    per-k (n-k^2/4)/k^(4/3): 0.510 0.461 0.420 0.372 0.332 0.285 0.243 0.204

## forced c = 1/4: n - k^2/4 = d k + e k^(4/3)  (random pi means)
  all: d=2.585 e=-0.539 ; with e=0: d=0.890 rms=4.39 ; per-k (n-k^2/4): 14.0 18.6 22.8 25.7 28.2 28.9 28.9 27.9
  k>=24: d=2.784 e=-0.601 ; with e=0: d=0.884 rms=4.51 ; per-k (n-k^2/4): 18.6 22.8 25.7 28.2 28.9 28.9 27.9

## robustness: free fits on k>=24 only
  random pi (k>=24)  k=[16, 20, 24, 28, 32, 36, 40]
    A: sqrt(n)=a k+b k^(1/3):   a=0.4557 [0.4532,0.4584]  b=0.723 [0.700,0.748]   a^2=0.2077  rms=0.36
    B: n=c k^2+d k:             c=0.2283 [0.2263,0.2303]  d=1.584 [1.529,1.646]   rms=0.66
    C: n=c k^2+d k^(4/3):       c=0.2004 [0.1974,0.2034]  d=0.785 [0.757,0.816]   rms=0.20
    D: n=c k^2+d k^(4/3)+e k^(2/3): c=0.1943 [0.1800,0.2084] d=0.900 e=-0.526  rms=0.13
    per-k b with a=1/2 fixed: 0.432 0.398 0.356 0.321 0.277 0.238 0.201
    per-k (n-k^2/4)/k^(4/3): 0.461 0.420 0.372 0.332 0.285 0.243 0.204

## ratio n_rand(mean)/n_id(LIS) vs k: 12:0.9586 16:0.9364 20:0.9240 24:0.9114 28:0.9040 32:0.8941 36:0.8870 40:0.8810

## log-log analysis: log(n_half/k^2 - c) vs log k  (slope s; TW-type finite-size correction has s = -2/3)
  identity (LIS, k=12..48)     c=1/4: slope=-0.617 rms=0.003   | c with slope=-2/3: c=0.2200 (rms 0.008)
     slope vs c: c=0.180:-0.32  c=0.200:-0.37  c=0.220:-0.44  c=0.230:-0.48  c=0.240:-0.54  c=0.250:-0.62
  identity (LIS, k=20..40)     c=1/4: slope=-0.619 rms=0.002   | c with slope=-2/3: c=0.2200 (rms 0.003)
     slope vs c: c=0.180:-0.30  c=0.200:-0.35  c=0.220:-0.43  c=0.230:-0.48  c=0.240:-0.54  c=0.250:-0.62
  random pi mean (k=12..40)    c=1/4: slope=-1.406 rms=0.082   | c with slope=-2/3: c=0.2025 (rms 0.005)
     slope vs c: c=0.180:-0.54  c=0.200:-0.65  c=0.220:-0.82  c=0.230:-0.95  c=0.240:-1.13  c=0.250:-1.41
  random pi mean (k=20..40)    c=1/4: slope=-1.692 rms=0.045   | c with slope=-2/3: c=0.2000 (rms 0.002)
     slope vs c: c=0.180:-0.54  c=0.200:-0.67  c=0.220:-0.87  c=0.230:-1.04  c=0.240:-1.28  c=0.250:-1.69
  per-pattern (c=1/4, k=20..40) slopes:
    r*_0: slope=-1.595 rms=0.067
    r*_1: slope=-1.648 rms=0.050
    r*_2: slope=-1.798 rms=0.049
    r*_3: slope=-1.808 rms=0.024
