n=38 done 0s
n=40 done 0s
n=42 done 1s
n=44 done 1s
n=46 done 1s
n=48 done 1s
n=50 done 1s
n=52 done 1s
n=54 done 2s
n=56 done 2s
n=58 done 2s
n=60 done 2s
n=62 done 2s
n=64 done 2s
id       0.085 0.115 0.175 0.214 0.288 0.345 0.404 0.506 0.573 0.652 0.687 0.770 0.827 0.851  sec=1
r12_0    0.100 0.148 0.196 0.248 0.335 0.392 0.494 0.582 0.636 0.722 0.788 0.843 0.887 0.925  sec=2
r12_1    0.093 0.133 0.194 0.268 0.338 0.416 0.497 0.584 0.656 0.744 0.802 0.855 0.892 0.921  sec=2
r12_2    0.091 0.125 0.183 0.232 0.312 0.392 0.447 0.544 0.631 0.708 0.768 0.814 0.868 0.895  sec=3
r12_3    0.097 0.147 0.203 0.281 0.354 0.434 0.528 0.607 0.679 0.769 0.821 0.873 0.910 0.946  sec=2
r12_4    0.097 0.144 0.190 0.270 0.334 0.431 0.522 0.583 0.678 0.745 0.808 0.849 0.904 0.931  sec=2
r12_5    0.100 0.154 0.209 0.272 0.356 0.456 0.517 0.616 0.697 0.760 0.828 0.875 0.915 0.950  sec=2
r12_6    0.101 0.139 0.191 0.269 0.344 0.400 0.500 0.592 0.647 0.731 0.802 0.853 0.892 0.926  sec=2
r12_7    0.102 0.137 0.195 0.271 0.336 0.426 0.504 0.592 0.661 0.743 0.814 0.858 0.903 0.935  sec=2
