n=66 done 2s
n=69 done 2s
n=72 done 3s
n=75 done 3s
n=78 done 4s
n=81 done 4s
n=84 done 5s
n=87 done 5s
n=90 done 6s
n=93 done 6s
n=96 done 6s
n=99 done 6s
n=102 done 6s
n=105 done 6s
id       0.072 0.105 0.151 0.185 0.251 0.318 0.385 0.486 0.553 0.626 0.692 0.764 0.803 0.858  sec=2
r16_0    0.098 0.131 0.209 0.273 0.355 0.455 0.527 0.619 0.702 0.788 0.848 0.898 0.936 0.962  sec=7
r16_1    0.092 0.146 0.205 0.285 0.365 0.465 0.557 0.641 0.733 0.814 0.858 0.911 0.948 0.965  sec=7
r16_2    0.100 0.137 0.212 0.287 0.373 0.468 0.551 0.644 0.720 0.801 0.870 0.903 0.944 0.970  sec=7
r16_3    0.093 0.138 0.190 0.270 0.362 0.468 0.539 0.626 0.715 0.796 0.847 0.904 0.926 0.959  sec=8
r16_4    0.087 0.146 0.217 0.281 0.354 0.460 0.537 0.623 0.726 0.801 0.850 0.908 0.935 0.965  sec=7
r16_5    0.095 0.142 0.217 0.273 0.381 0.445 0.547 0.646 0.729 0.811 0.865 0.906 0.938 0.967  sec=6
r16_6    0.086 0.124 0.184 0.263 0.326 0.418 0.519 0.591 0.696 0.757 0.820 0.885 0.918 0.950  sec=10
r16_7    0.094 0.143 0.204 0.282 0.364 0.477 0.557 0.637 0.709 0.805 0.856 0.901 0.944 0.963  sec=8
