n=100 done 4s
n=105 done 6s
n=110 done 8s
n=115 done 10s
n=120 done 12s
n=125 done 14s
n=130 done 17s
n=135 done 18s
n=140 done 20s
n=145 done 20s
n=150 done 21s
n=155 done 22s
n=160 done 22s
n=165 done 22s
id       0.060 0.075 0.123 0.199 0.300 0.373 0.427 0.546 0.631 0.725 0.783 0.865 0.900 0.927  sec=3
r20_0    0.072 0.149 0.234 0.321 0.459 0.604 0.695 0.805 0.884 0.929 0.967 0.988 0.994 0.999  sec=16
r20_1    0.079 0.134 0.217 0.329 0.448 0.543 0.645 0.781 0.853 0.920 0.952 0.979 0.990 0.998  sec=20
r20_2    0.096 0.131 0.232 0.298 0.423 0.537 0.662 0.764 0.849 0.919 0.948 0.969 0.985 0.998  sec=50
r20_3    0.074 0.111 0.185 0.279 0.395 0.476 0.587 0.697 0.796 0.855 0.914 0.936 0.972 0.987  sec=44
r20_4    0.091 0.139 0.222 0.311 0.438 0.564 0.680 0.794 0.876 0.924 0.953 0.981 0.987 0.994  sec=21
r20_5    0.081 0.136 0.214 0.327 0.427 0.545 0.672 0.760 0.847 0.926 0.954 0.975 0.990 0.996  sec=21
r20_6    0.094 0.140 0.233 0.336 0.434 0.603 0.692 0.778 0.875 0.923 0.962 0.977 0.991 0.996  sec=28
r20_7    0.087 0.154 0.217 0.331 0.472 0.576 0.699 0.801 0.868 0.923 0.972 0.988 0.994 0.998  sec=14
