n=145 done 18s
n=150 done 22s
n=155 done 29s
n=160 done 35s
n=165 done 40s
n=170 done 46s
n=175 done 50s
n=180 done 54s
n=185 done 56s
n=190 done 57s
n=195 done 58s
n=200 done 55s
n=205 done 51s
n=210 done 48s
n=215 done 46s
id       0.051 0.088 0.113 0.154 0.201 0.270 0.340 0.413 0.493 0.539 0.650 0.705 0.760 0.802 0.852  sec=4
r24_0    0.114 0.156 0.220 0.323 0.427 0.503 0.611 0.699 0.802 0.871 0.903 0.957 0.972 0.986 0.994  sec=82
r24_1    0.097 0.168 0.218 0.307 0.415 0.501 0.586 0.701 0.779 0.848 0.912 0.939 0.965 0.987 0.993  sec=104
r24_2    0.108 0.151 0.235 0.317 0.414 0.496 0.623 0.715 0.806 0.856 0.911 0.943 0.973 0.986 0.991  sec=90
r24_3    0.103 0.144 0.221 0.297 0.374 0.479 0.584 0.664 0.770 0.825 0.882 0.930 0.955 0.974 0.990  sec=87
r24_4    0.112 0.164 0.224 0.316 0.403 0.511 0.617 0.711 0.784 0.864 0.911 0.942 0.972 0.980 0.990  sec=73
r24_5    0.103 0.155 0.219 0.308 0.408 0.493 0.604 0.708 0.799 0.863 0.909 0.946 0.967 0.981 0.992  sec=88
r24_6    0.102 0.141 0.209 0.307 0.403 0.491 0.598 0.680 0.786 0.854 0.899 0.945 0.965 0.982 0.990  sec=59
r24_7    0.096 0.162 0.216 0.303 0.424 0.505 0.620 0.710 0.804 0.851 0.903 0.949 0.974 0.987 0.992  sec=77
