n=195 done 73s
n=200 done 89s
n=205 done 108s
n=210 done 127s
n=215 done 155s
n=220 done 181s
n=225 done 212s
n=230 done 267s
n=235 done 298s
n=240 done 333s
n=245 done 380s
n=250 done 381s
n=255 done 397s
n=260 done 331s
n=265 done 315s
id       0.060 0.070 0.079 0.120 0.153 0.188 0.236 0.287 0.345 0.409 0.468 0.515 0.596 0.653 0.683  sec=5
r28_0    0.112 0.152 0.206 0.260 0.345 0.439 0.510 0.602 0.683 0.758 0.835 0.878 0.903 0.948 0.963  sec=485
r28_1    0.104 0.156 0.213 0.257 0.342 0.428 0.505 0.574 0.676 0.743 0.823 0.875 0.904 0.940 0.965  sec=259
r28_2    0.105 0.164 0.205 0.286 0.351 0.431 0.533 0.616 0.709 0.762 0.820 0.888 0.926 0.951 0.961  sec=492
r28_3    0.117 0.164 0.204 0.304 0.352 0.450 0.537 0.614 0.723 0.799 0.844 0.896 0.929 0.950 0.974  sec=289
r28_4    0.087 0.143 0.190 0.248 0.324 0.387 0.470 0.549 0.630 0.722 0.764 0.845 0.882 0.920 0.942  sec=490
r28_5    0.090 0.148 0.211 0.285 0.355 0.450 0.551 0.614 0.670 0.765 0.825 0.873 0.917 0.953 0.973  sec=294
r28_6    0.100 0.145 0.188 0.255 0.327 0.391 0.485 0.553 0.665 0.712 0.783 0.848 0.879 0.923 0.952  sec=1023
r28_7    0.119 0.152 0.214 0.266 0.338 0.440 0.511 0.599 0.685 0.778 0.824 0.868 0.910 0.952 0.968  sec=310
