n=250 done 307s
n=256 done 404s
n=262 done 506s
n=268 done 706s
n=274 done 772s
n=280 done 905s
n=286 done 904s
n=292 done 1015s
n=298 done 1162s
n=304 done 1299s
n=310 done 1441s
n=316 done 1451s
n=322 done 1437s
n=328 done 1364s
n=334 done 1273s
n=340 done 1190s
id       0.035 0.040 0.067 0.101 0.108 0.149 0.213 0.248 0.296 0.354 0.417 0.491 0.512 0.607 0.663 0.707  sec=7
r32_0    0.099 0.128 0.190 0.259 0.326 0.387 0.465 0.570 0.635 0.735 0.812 0.850 0.895 0.941 0.960 0.972  sec=2616
r32_1    0.102 0.136 0.200 0.259 0.337 0.430 0.506 0.609 0.704 0.780 0.845 0.889 0.930 0.958 0.976 0.989  sec=1639
r32_2    0.092 0.145 0.202 0.263 0.344 0.439 0.497 0.605 0.680 0.774 0.839 0.890 0.918 0.958 0.973 0.991  sec=1935
r32_3    0.093 0.141 0.183 0.260 0.333 0.400 0.493 0.603 0.682 0.763 0.837 0.882 0.922 0.957 0.977 0.987  sec=1522
r32_4    0.095 0.141 0.203 0.278 0.342 0.430 0.514 0.603 0.706 0.759 0.837 0.896 0.918 0.959 0.983 0.987  sec=1720
r32_5    0.102 0.130 0.204 0.268 0.329 0.444 0.529 0.591 0.678 0.767 0.859 0.888 0.930 0.971 0.976 0.986  sec=1096
r32_6    0.091 0.131 0.217 0.269 0.352 0.423 0.516 0.610 0.686 0.775 0.829 0.883 0.922 0.954 0.977 0.989  sec=4496
r32_7    0.097 0.140 0.185 0.264 0.366 0.448 0.498 0.594 0.710 0.785 0.827 0.906 0.927 0.964 0.979 0.988  sec=1105
