n=135 done 20s
n=140 done 31s
n=145 done 51s
n=150 done 79s
n=155 done 116s
n=160 done 175s
n=165 done 265s
n=170 done 397s
n=175 done 614s
n=180 done 772s
n=185 done 920s
n=190 done 1012s
n=195 done 1237s
n=200 done 1587s
n=205 done 1954s
n=210 done 2371s
id       0.018 0.034 0.051 0.088 0.113 0.154 0.201 0.270 0.340 0.413 0.493 0.539 0.650 0.705 0.760 0.802  sec=3
dec      0.022 0.038 0.048 0.078 0.124 0.172 0.205 0.276 0.344 0.422 0.459 0.567 0.645 0.695 0.768 0.817  sec=3
lay      0.025 0.041 0.061 0.087 0.115 0.161 0.208 0.268 0.332 0.379 0.469 0.545 0.625 0.686 0.756 0.810  sec=10099
dechalf  0.030 0.041 0.059 0.084 0.124 0.174 0.234 0.270 0.362 0.431 0.490 0.591 0.667 0.724 0.800 0.830  sec=1437
r0       0.041 0.073 0.114 0.156 0.220 0.323 0.427 0.503 0.611 0.699 0.802 0.871 0.903 0.957 0.972 0.986  sec=58
