# k=5 pi=25314
# A_u: 1 20 240 2376 17560 63504
# n  C=n/k^2  EX  EX2/EX^2  (Delta_j/mu^2 by overlap j=k..0 i.e. u=k..2k)
12 0.480 6.600e+00 2.5471   0.152 0.589 0.866 0.67 0.244 0.0265
18 0.720 7.140e+01 1.5299   0.014 0.101 0.297 0.506 0.462 0.15
24 0.960 3.542e+02 1.2873   0.00282 0.0298 0.131 0.345 0.504 0.274
30 1.200 1.188e+03 1.1896   0.000842 0.0117 0.0687 0.245 0.491 0.373
36 1.440 3.142e+03 1.1390   0.000318 0.00548 0.0403 0.181 0.462 0.451
42 1.680 7.089e+03 1.1088   0.000141 0.0029 0.0256 0.138 0.429 0.512
48 1.920 1.427e+04 1.0889   7.01e-05 0.00167 0.0172 0.109 0.399 0.562
54 2.160 2.635e+04 1.0750   3.79e-05 0.00103 0.0121 0.0883 0.371 0.603
60 2.400 4.551e+04 1.0647   2.2e-05 0.000671 0.00888 0.0728 0.345 0.637
66 2.640 7.447e+04 1.0568   1.34e-05 0.000455 0.00669 0.061 0.323 0.666
72 2.880 1.166e+05 1.0506   8.58e-06 0.000319 0.00516 0.0519 0.303 0.69
78 3.120 1.759e+05 1.0456   5.68e-06 0.000231 0.00406 0.0446 0.285 0.711
84 3.360 2.573e+05 1.0414   3.89e-06 0.000171 0.00326 0.0388 0.269 0.73
90 3.600 3.662e+05 1.0380   2.73e-06 0.000129 0.00265 0.0341 0.255 0.746
96 3.840 5.094e+05 1.0350   1.96e-06 9.93e-05 0.00219 0.0301 0.242 0.761
102 4.080 6.941e+05 1.0325   1.44e-06 7.76e-05 0.00183 0.0268 0.23 0.774
108 4.320 9.289e+05 1.0303   1.08e-06 6.16e-05 0.00154 0.024 0.219 0.785
114 4.560 1.223e+06 1.0284   8.17e-07 4.95e-05 0.00131 0.0217 0.21 0.796
120 4.800 1.588e+06 1.0267   6.3e-07 4.02e-05 0.00112 0.0196 0.201 0.805
126 5.040 2.035e+06 1.0252   4.91e-07 3.3e-05 0.000971 0.0179 0.192 0.814
132 5.280 2.578e+06 1.0239   3.88e-07 2.74e-05 0.000845 0.0163 0.185 0.822
138 5.520 3.230e+06 1.0227   3.1e-07 2.29e-05 0.000739 0.015 0.178 0.829
144 5.760 4.008e+06 1.0216   2.49e-07 1.93e-05 0.000651 0.0138 0.171 0.836
150 6.000 4.930e+06 1.0206   2.03e-07 1.63e-05 0.000576 0.0127 0.165 0.842
