# k=5 pi=21435
# A_u: 1 24 334 3330 21310 63504
# n  C=n/k^2  EX  EX2/EX^2  (Delta_j/mu^2 by overlap j=k..0 i.e. u=k..2k)
12 0.480 6.600e+00 3.3251   0.152 0.707 1.2 0.939 0.297 0.0265
18 0.720 7.140e+01 1.9683   0.014 0.121 0.414 0.709 0.56 0.15
24 0.960 3.542e+02 1.5912   0.00282 0.0358 0.183 0.484 0.612 0.274
30 1.200 1.188e+03 1.4219   0.000842 0.014 0.0957 0.343 0.596 0.373
36 1.440 3.142e+03 1.3270   0.000318 0.00658 0.0561 0.253 0.56 0.451
42 1.680 7.089e+03 1.2667   0.000141 0.00348 0.0356 0.194 0.521 0.512
48 1.920 1.427e+04 1.2250   7.01e-05 0.00201 0.024 0.153 0.484 0.562
54 2.160 2.635e+04 1.1945   3.79e-05 0.00124 0.0169 0.124 0.45 0.603
60 2.400 4.551e+04 1.1713   2.2e-05 0.000806 0.0124 0.102 0.419 0.637
66 2.640 7.447e+04 1.1530   1.34e-05 0.000546 0.00931 0.0855 0.392 0.666
72 2.880 1.166e+05 1.1382   8.58e-06 0.000383 0.00718 0.0727 0.368 0.69
78 3.120 1.759e+05 1.1260   5.68e-06 0.000277 0.00566 0.0626 0.346 0.711
84 3.360 2.573e+05 1.1158   3.89e-06 0.000205 0.00454 0.0544 0.327 0.73
90 3.600 3.662e+05 1.1071   2.73e-06 0.000155 0.00369 0.0477 0.309 0.746
96 3.840 5.094e+05 1.0997   1.96e-06 0.000119 0.00304 0.0422 0.293 0.761
102 4.080 6.941e+05 1.0932   1.44e-06 9.32e-05 0.00254 0.0376 0.279 0.774
108 4.320 9.289e+05 1.0874   1.08e-06 7.39e-05 0.00214 0.0337 0.266 0.785
114 4.560 1.223e+06 1.0824   8.17e-07 5.94e-05 0.00182 0.0304 0.254 0.796
120 4.800 1.588e+06 1.0779   6.3e-07 4.83e-05 0.00156 0.0275 0.243 0.805
126 5.040 2.035e+06 1.0739   4.91e-07 3.96e-05 0.00135 0.025 0.233 0.814
132 5.280 2.578e+06 1.0702   3.88e-07 3.28e-05 0.00118 0.0229 0.224 0.822
138 5.520 3.230e+06 1.0669   3.1e-07 2.75e-05 0.00103 0.021 0.216 0.829
144 5.760 4.008e+06 1.0639   2.49e-07 2.31e-05 0.000906 0.0193 0.208 0.836
150 6.000 4.930e+06 1.0612   2.03e-07 1.96e-05 0.000802 0.0179 0.2 0.842
