# k=5 pi=12345
# A_u: 1 40 594 4900 24310 63504
# n  C=n/k^2  EX  EX2/EX^2  (Delta_j/mu^2 by overlap j=k..0 i.e. u=k..2k)
12 0.480 6.600e+00 5.2187   0.152 1.18 2.14 1.38 0.338 0.0265
18 0.720 7.140e+01 2.7843   0.014 0.202 0.736 1.04 0.639 0.15
24 0.960 3.542e+02 2.0717   0.00282 0.0596 0.325 0.712 0.698 0.274
30 1.200 1.188e+03 1.7512   0.000842 0.0234 0.17 0.504 0.68 0.373
36 1.440 3.142e+03 1.5733   0.000318 0.011 0.0997 0.373 0.639 0.451
42 1.680 7.089e+03 1.4615   0.000141 0.0058 0.0633 0.285 0.594 0.512
48 1.920 1.427e+04 1.3852   7.01e-05 0.00335 0.0426 0.225 0.552 0.562
54 2.160 2.635e+04 1.3301   3.79e-05 0.00207 0.0301 0.182 0.513 0.603
60 2.400 4.551e+04 1.2885   2.2e-05 0.00134 0.022 0.15 0.478 0.637
66 2.640 7.447e+04 1.2561   1.34e-05 0.00091 0.0165 0.126 0.447 0.666
72 2.880 1.166e+05 1.2301   8.58e-06 0.000638 0.0128 0.107 0.419 0.69
78 3.120 1.759e+05 1.2088   5.68e-06 0.000461 0.0101 0.0921 0.395 0.711
84 3.360 2.573e+05 1.1911   3.89e-06 0.000341 0.00807 0.08 0.373 0.73
90 3.600 3.662e+05 1.1761   2.73e-06 0.000258 0.00656 0.0702 0.353 0.746
96 3.840 5.094e+05 1.1633   1.96e-06 0.000199 0.00541 0.0621 0.335 0.761
102 4.080 6.941e+05 1.1522   1.44e-06 0.000155 0.00452 0.0553 0.318 0.774
108 4.320 9.289e+05 1.1425   1.08e-06 0.000123 0.00381 0.0496 0.304 0.785
114 4.560 1.223e+06 1.1340   8.17e-07 9.9e-05 0.00324 0.0447 0.29 0.796
120 4.800 1.588e+06 1.1264   6.3e-07 8.05e-05 0.00278 0.0405 0.278 0.805
126 5.040 2.035e+06 1.1196   4.91e-07 6.61e-05 0.0024 0.0368 0.266 0.814
132 5.280 2.578e+06 1.1135   3.88e-07 5.47e-05 0.00209 0.0337 0.256 0.822
138 5.520 3.230e+06 1.1080   3.1e-07 4.58e-05 0.00183 0.0309 0.246 0.829
144 5.760 4.008e+06 1.1030   2.49e-07 3.85e-05 0.00161 0.0285 0.237 0.836
150 6.000 4.930e+06 1.0985   2.03e-07 3.27e-05 0.00143 0.0263 0.229 0.842
