# k=4 pi=2413
# A_u: 1 16 168 1316 4900
# n  C=n/k^2  EX  EX2/EX^2  (Delta_j/mu^2 by overlap j=k..0 i.e. u=k..2k)
8 0.500 2.917e+00 2.2484   0.343 0.878 0.768 0.246 0.0143
12 0.750 2.063e+01 1.4311   0.0485 0.248 0.507 0.486 0.141
16 1.000 7.583e+01 1.2308   0.0132 0.101 0.325 0.519 0.272
20 1.250 2.019e+02 1.1499   0.00495 0.0507 0.222 0.497 0.376
24 1.500 4.427e+02 1.1084   0.00226 0.0289 0.16 0.461 0.456
28 1.750 8.531e+02 1.0837   0.00117 0.018 0.121 0.425 0.519
32 2.000 1.498e+03 1.0677   0.000667 0.012 0.0942 0.391 0.569
36 2.250 2.454e+03 1.0565   0.000407 0.00834 0.0754 0.362 0.61
40 2.500 3.808e+03 1.0483   0.000263 0.00605 0.0618 0.336 0.645
44 2.750 5.656e+03 1.0422   0.000177 0.00453 0.0515 0.313 0.673
48 3.000 8.107e+03 1.0373   0.000123 0.00347 0.0436 0.292 0.698
52 3.250 1.128e+04 1.0334   8.87e-05 0.00272 0.0373 0.275 0.719
56 3.500 1.530e+04 1.0302   6.53e-05 0.00217 0.0323 0.259 0.737
60 3.750 2.032e+04 1.0276   4.92e-05 0.00176 0.0283 0.244 0.753
64 4.000 2.647e+04 1.0254   3.78e-05 0.00145 0.025 0.231 0.767
68 4.250 3.393e+04 1.0235   2.95e-05 0.00121 0.0222 0.22 0.78
72 4.500 4.287e+04 1.0218   2.33e-05 0.00102 0.0198 0.209 0.792
76 4.750 5.346e+04 1.0204   1.87e-05 0.000862 0.0179 0.2 0.802
80 5.000 6.590e+04 1.0191   1.52e-05 0.000738 0.0161 0.191 0.811
84 5.250 8.040e+04 1.0180   1.24e-05 0.000637 0.0147 0.183 0.82
88 5.500 9.716e+04 1.0170   1.03e-05 0.000553 0.0134 0.176 0.827
92 5.750 1.164e+05 1.0161   8.59e-06 0.000484 0.0123 0.169 0.835
96 6.000 1.384e+05 1.0153   7.22e-06 0.000425 0.0113 0.162 0.841
