# k=4 pi=1234
# A_u: 1 28 300 1716 4900
# n  C=n/k^2  EX  EX2/EX^2  (Delta_j/mu^2 by overlap j=k..0 i.e. u=k..2k)
8 0.500 2.917e+00 3.5848   0.343 1.54 1.37 0.32 0.0143
12 0.750 2.063e+01 2.1633   0.0485 0.434 0.905 0.634 0.141
16 1.000 7.583e+01 1.7199   0.0132 0.177 0.58 0.677 0.272
20 1.250 2.019e+02 1.5133   0.00495 0.0888 0.396 0.648 0.376
24 1.500 4.427e+02 1.3960   0.00226 0.0506 0.286 0.601 0.456
28 1.750 8.531e+02 1.3212   0.00117 0.0315 0.216 0.554 0.519
32 2.000 1.498e+03 1.2696   0.000667 0.0209 0.168 0.51 0.569
36 2.250 2.454e+03 1.2320   0.000407 0.0146 0.135 0.472 0.61
40 2.500 3.808e+03 1.2035   0.000263 0.0106 0.11 0.438 0.645
44 2.750 5.656e+03 1.1811   0.000177 0.00792 0.0919 0.408 0.673
48 3.000 8.107e+03 1.1630   0.000123 0.00608 0.0778 0.381 0.698
52 3.250 1.128e+04 1.1482   8.87e-05 0.00477 0.0667 0.358 0.719
56 3.500 1.530e+04 1.1359   6.53e-05 0.00381 0.0578 0.337 0.737
60 3.750 2.032e+04 1.1254   4.92e-05 0.00309 0.0505 0.319 0.753
64 4.000 2.647e+04 1.1164   3.78e-05 0.00254 0.0446 0.302 0.767
68 4.250 3.393e+04 1.1086   2.95e-05 0.00211 0.0396 0.287 0.78
72 4.500 4.287e+04 1.1018   2.33e-05 0.00178 0.0354 0.273 0.792
76 4.750 5.346e+04 1.0958   1.87e-05 0.00151 0.0319 0.26 0.802
80 5.000 6.590e+04 1.0904   1.52e-05 0.00129 0.0288 0.249 0.811
84 5.250 8.040e+04 1.0856   1.24e-05 0.00111 0.0262 0.239 0.82
88 5.500 9.716e+04 1.0813   1.03e-05 0.000968 0.0239 0.229 0.827
92 5.750 1.164e+05 1.0774   8.59e-06 0.000847 0.0219 0.22 0.835
96 6.000 1.384e+05 1.0738   7.22e-06 0.000744 0.0202 0.212 0.841
