# k=5 pi=31524
# A_u: 1 20 246 2446 17800 63504
# n  C=n/k^2  EX  EX2/EX^2  (Delta_j/mu^2 by overlap j=k..0 i.e. u=k..2k)
12 0.480 6.600e+00 2.5918   0.152 0.589 0.887 0.689 0.248 0.0265
18 0.720 7.140e+01 1.5586   0.014 0.101 0.305 0.521 0.468 0.15
24 0.960 3.542e+02 1.3077   0.00282 0.0298 0.135 0.356 0.511 0.274
30 1.200 1.188e+03 1.2052   0.000842 0.0117 0.0705 0.252 0.498 0.373
36 1.440 3.142e+03 1.1517   0.000318 0.00548 0.0413 0.186 0.468 0.451
42 1.680 7.089e+03 1.1194   0.000141 0.0029 0.0262 0.142 0.435 0.512
48 1.920 1.427e+04 1.0980   7.01e-05 0.00167 0.0177 0.112 0.404 0.562
54 2.160 2.635e+04 1.0829   3.79e-05 0.00103 0.0124 0.0909 0.376 0.603
60 2.400 4.551e+04 1.0718   2.2e-05 0.000671 0.0091 0.0749 0.35 0.637
66 2.640 7.447e+04 1.0632   1.34e-05 0.000455 0.00685 0.0628 0.327 0.666
72 2.880 1.166e+05 1.0564   8.58e-06 0.000319 0.00529 0.0534 0.307 0.69
78 3.120 1.759e+05 1.0509   5.68e-06 0.000231 0.00417 0.046 0.289 0.711
84 3.360 2.573e+05 1.0463   3.89e-06 0.000171 0.00334 0.04 0.273 0.73
90 3.600 3.662e+05 1.0425   2.73e-06 0.000129 0.00272 0.0351 0.258 0.746
96 3.840 5.094e+05 1.0393   1.96e-06 9.93e-05 0.00224 0.031 0.245 0.761
102 4.080 6.941e+05 1.0365   1.44e-06 7.76e-05 0.00187 0.0276 0.233 0.774
108 4.320 9.289e+05 1.0341   1.08e-06 6.16e-05 0.00158 0.0247 0.222 0.785
114 4.560 1.223e+06 1.0320   8.17e-07 4.95e-05 0.00134 0.0223 0.212 0.796
120 4.800 1.588e+06 1.0301   6.3e-07 4.02e-05 0.00115 0.0202 0.203 0.805
126 5.040 2.035e+06 1.0284   4.91e-07 3.3e-05 0.000995 0.0184 0.195 0.814
132 5.280 2.578e+06 1.0269   3.88e-07 2.74e-05 0.000866 0.0168 0.187 0.822
138 5.520 3.230e+06 1.0256   3.1e-07 2.29e-05 0.000758 0.0154 0.18 0.829
144 5.760 4.008e+06 1.0243   2.49e-07 1.93e-05 0.000667 0.0142 0.174 0.836
150 6.000 4.930e+06 1.0232   2.03e-07 1.63e-05 0.000591 0.0131 0.167 0.842
