== A/B: single strip, stationary compound-Poisson boundary ==
rho=0.5: A: D(0) mean=0.353 (pred 0.5); B: jump count mean/L=0.5012 var/mean=0.992 (pred rho=0.5, 1); size mean=0.4997 E[s^2]/2mean^2=0.998 (pred 0.5, 1); gap mean=1.9933 E[g^2]/2mean^2=0.994 (pred 2.0000,1); lag1 corr sizes=-0.0006 gaps=+0.0007; corr(size,next gap)=-0.0048
        max|F_emp - Exp(2.000)| over sizes = 0.0022 (N=60141)
rho=1.0: A: D(0) mean=0.889 (pred 1.0); B: jump count mean/L=1.0040 var/mean=1.223 (pred rho=1.0, 1); size mean=0.9966 E[s^2]/2mean^2=0.998 (pred 1.0, 1); gap mean=0.9957 E[g^2]/2mean^2=0.999 (pred 1.0000,1); lag1 corr sizes=+0.0031 gaps=+0.0063; corr(size,next gap)=-0.0001
        max|F_emp - Exp(1.000)| over sizes = 0.0034 (N=120479)
rho=2.0: A: D(0) mean=1.863 (pred 2.0); B: jump count mean/L=2.0073 var/mean=0.939 (pred rho=2.0, 1); size mean=1.9988 E[s^2]/2mean^2=0.997 (pred 2.0, 1); gap mean=0.4981 E[g^2]/2mean^2=1.002 (pred 0.5000,1); lag1 corr sizes=+0.0004 gaps=+0.0005; corr(size,next gap)=+0.0001
        max|F_emp - Exp(0.500)| over sizes = 0.0016 (N=240872)
rho=0.5: law of D: mean=0.5005 (pred 0.5), max|F_emp-Exp(1/rho)|=0.0133 (KS 95% ~ 0.0215)
rho=1.0: law of D: mean=0.9725 (pred 1.0), max|F_emp-Exp(1/rho)|=0.0250 (KS 95% ~ 0.0215)
rho=2.0: law of D: mean=1.9835 (pred 2.0), max|F_emp-Exp(1/rho)|=0.0090 (KS 95% ~ 0.0215)
== D: Lundberg sup ==
rho=1.5: E Z = 1.1841 ± 0.0262 (pred 1/kappa = 1.2000); P(Z>1) = 0.4205 (pred e^-kappa = 0.4346)
rho=2.0: E Z = 0.6716 ± 0.0152 (pred 1/kappa = 0.6667); P(Z>1) = 0.2125 (pred e^-kappa = 0.2231)
== C: iterated recursion, stationary vs true boundary ==
n=10 rho=1.0: E G^rho_1(0) = 10.029 ± 0.165 (pred n*rho = 10.000);  E K_n = 10.911 ± 0.062  bounds [5.53, 14.97]  
n=10 rho=1.5: E G^rho_1(0) = 15.025 ± 0.234 (pred n*rho = 15.000);  E K_n = 11.032 ± 0.069  bounds [5.53, 14.97]  E K_n <= n rho + rho/(rho^2-1) = 16.20
n=10 rho=0.7: E G^rho_1(0) = 7.091 ± 0.111 (pred n*rho = 7.000);  E K_n = 10.811 ± 0.069  bounds [5.53, 14.97]  E K_n >= n rho - rho/(1-rho^2) = 5.63
n=50 rho=1.0: E G^rho_1(0) = 49.842 ± 0.756 (pred n*rho = 50.000);  E K_n = 51.538 ± 0.248  bounds [40.00, 60.50]  
n=50 rho=1.2: E G^rho_1(0) = 58.928 ± 0.855 (pred n*rho = 60.000);  E K_n = 51.632 ± 0.246  bounds [40.00, 60.50]  E K_n <= n rho + rho/(rho^2-1) = 62.73
n=200 rho=1.0: E G^rho_1(0) = 203.944 ± 3.515 (pred n*rho = 200.000);  E K_n = 200.821 ± 0.846  bounds [180.00, 220.50]  
