== A/B: single strip, stationary compound-Poisson boundary ==
rho=0.5: A: D(0) mean=0.487 (pred 0.5); B: jump count mean/L=0.4993 var/mean=0.920 (pred rho=0.5, 1); size mean=0.4993 E[s^2]/2mean^2=1.003 (pred 0.5, 1); gap mean=2.0010 E[g^2]/2mean^2=0.999 (pred 2.0000,1); lag1 corr sizes=+0.0070 gaps=+0.0056; corr(size,next gap)=+0.0004
        max|F_emp - Exp(2.000)| over sizes = 0.0040 (N=59913)
rho=1.0: A: D(0) mean=0.780 (pred 1.0); B: jump count mean/L=0.9988 var/mean=1.074 (pred rho=1.0, 1); size mean=0.9987 E[s^2]/2mean^2=1.001 (pred 1.0, 1); gap mean=1.0006 E[g^2]/2mean^2=1.001 (pred 1.0000,1); lag1 corr sizes=-0.0016 gaps=-0.0048; corr(size,next gap)=+0.0028
        max|F_emp - Exp(1.000)| over sizes = 0.0015 (N=119859)
rho=2.0: A: D(0) mean=2.194 (pred 2.0); B: jump count mean/L=2.0005 var/mean=1.316 (pred rho=2.0, 1); size mean=2.0012 E[s^2]/2mean^2=1.000 (pred 2.0, 1); gap mean=0.4997 E[g^2]/2mean^2=1.001 (pred 0.5000,1); lag1 corr sizes=-0.0000 gaps=+0.0027; corr(size,next gap)=+0.0012
        max|F_emp - Exp(0.500)| over sizes = 0.0011 (N=240061)
rho=0.5: law of D: mean=0.4937 (pred 0.5), max|F_emp-Exp(1/rho)|=0.0150 (KS 95% ~ 0.0215)
rho=1.0: law of D: mean=0.9949 (pred 1.0), max|F_emp-Exp(1/rho)|=0.0075 (KS 95% ~ 0.0215)
rho=2.0: law of D: mean=1.9556 (pred 2.0), max|F_emp-Exp(1/rho)|=0.0183 (KS 95% ~ 0.0215)
== D: Lundberg sup ==
rho=1.5: E Z = 1.2226 ± 0.0274 (pred 1/kappa = 1.2000); P(Z>1) = 0.4420 (pred e^-kappa = 0.4346)
rho=2.0: E Z = 0.6778 ± 0.0151 (pred 1/kappa = 0.6667); P(Z>1) = 0.2370 (pred e^-kappa = 0.2231)
== C: iterated recursion, stationary vs true boundary ==
n=10 rho=1.0: E G^rho_1(0) = 9.905 ± 0.152 (pred n*rho = 10.000);  E K_n = 10.853 ± 0.068  bounds [5.53, 14.97]  
n=10 rho=1.5: E G^rho_1(0) = 15.001 ± 0.237 (pred n*rho = 15.000);  E K_n = 10.992 ± 0.068  bounds [5.53, 14.97]  E K_n <= n rho + rho/(rho^2-1) = 16.20
n=10 rho=0.7: E G^rho_1(0) = 6.921 ± 0.108 (pred n*rho = 7.000);  E K_n = 10.932 ± 0.069  bounds [5.53, 14.97]  E K_n >= n rho - rho/(1-rho^2) = 5.63
n=50 rho=1.0: E G^rho_1(0) = 51.070 ± 0.718 (pred n*rho = 50.000);  E K_n = 51.994 ± 0.221  bounds [40.00, 60.50]  
n=50 rho=1.2: E G^rho_1(0) = 59.175 ± 0.829 (pred n*rho = 60.000);  E K_n = 51.848 ± 0.217  bounds [40.00, 60.50]  E K_n <= n rho + rho/(rho^2-1) = 62.73
n=200 rho=1.0: E G^rho_1(0) = 198.133 ± 3.604 (pred n*rho = 200.000);  E K_n = 201.621 ± 1.140  bounds [180.00, 220.50]  
